Archive member included to satisfy reference by file (symbol)

c:/program files/microchip/xc8/v3.00/avr/bin/../lib/gcc/avr/5.4.0/avrxmega4/memx-const/mapped\libgcc.a(_tablejump2.o)
                              build/free/debug/_ext/2104088289/leds.o (__tablejump2__)
c:/program files/microchip/xc8/v3.00/avr/bin/../lib/gcc/avr/5.4.0/avrxmega4/memx-const/mapped\libgcc.a(_copy_data.o)
                              build/free/debug/Motor_Main.o (__do_copy_data)
c:/program files/microchip/xc8/v3.00/avr/bin/../lib/gcc/avr/5.4.0/../../../../avr/lib/avrxmega4/memx-const/mapped\libc.a(exit.o)
                              C:/Program Files/Microchip/xc8/v3.00/dfp/xc8/avr/lib/avrxmega4/memx-const/mapped/crtavr128db48.o (exit)
c:/program files/microchip/xc8/v3.00/avr/bin/../lib/gcc/avr/5.4.0/../../../../avr/lib/avrxmega4/memx-const/mapped\libc.a(_Exit.o)
                              c:/program files/microchip/xc8/v3.00/avr/bin/../lib/gcc/avr/5.4.0/../../../../avr/lib/avrxmega4/memx-const/mapped\libc.a(exit.o) (_Exit)
c:/program files/microchip/xc8/v3.00/avr/bin/../lib/gcc/avr/5.4.0/avrxmega4/memx-const/mapped\libgcc.a(_exit.o)
                              c:/program files/microchip/xc8/v3.00/avr/bin/../lib/gcc/avr/5.4.0/../../../../avr/lib/avrxmega4/memx-const/mapped\libc.a(_Exit.o) (_exit)

Discarded input sections

 .data          0x0000000000000000        0x0 C:/Program Files/Microchip/xc8/v3.00/dfp/xc8/avr/lib/avrxmega4/memx-const/mapped/crtavr128db48.o
 .bss           0x0000000000000000        0x0 C:/Program Files/Microchip/xc8/v3.00/dfp/xc8/avr/lib/avrxmega4/memx-const/mapped/crtavr128db48.o
 .text          0x0000000000000000        0x0 build/free/debug/peripherals/CLKCTRL/CLKCTRL.o
 .data          0x0000000000000000        0x0 build/free/debug/peripherals/CLKCTRL/CLKCTRL.o
 .bss           0x0000000000000000        0x0 build/free/debug/peripherals/CLKCTRL/CLKCTRL.o
 .text          0x0000000000000000        0x0 build/free/debug/peripherals/TWI/TWI_client.o
 .data          0x0000000000000000        0x0 build/free/debug/peripherals/TWI/TWI_client.o
 .bss           0x0000000000000000        0x0 build/free/debug/peripherals/TWI/TWI_client.o
 .text          0x0000000000000000        0x0 build/free/debug/Motor_Main.o
 .data          0x0000000000000000        0x0 build/free/debug/Motor_Main.o
 .bss           0x0000000000000000        0x0 build/free/debug/Motor_Main.o
 .text          0x0000000000000000        0x0 build/free/debug/_ext/2104088289/buzzer.o
 .data          0x0000000000000000        0x0 build/free/debug/_ext/2104088289/buzzer.o
 .bss           0x0000000000000000        0x0 build/free/debug/_ext/2104088289/buzzer.o
 .debug_info    0x0000000000000000      0x298 build/free/debug/_ext/2104088289/buzzer.o
 .debug_abbrev  0x0000000000000000       0x1b build/free/debug/_ext/2104088289/buzzer.o
 .debug_aranges
                0x0000000000000000       0x18 build/free/debug/_ext/2104088289/buzzer.o
 .debug_line    0x0000000000000000       0x1a build/free/debug/_ext/2104088289/buzzer.o
 .debug_str     0x0000000000000000        0x0 build/free/debug/_ext/2104088289/buzzer.o
 .comment       0x0000000000000000       0x30 build/free/debug/_ext/2104088289/buzzer.o
 .text          0x0000000000000000        0x0 build/free/debug/_ext/2104088289/leds.o
 .data          0x0000000000000000        0x0 build/free/debug/_ext/2104088289/leds.o
 .bss           0x0000000000000000        0x0 build/free/debug/_ext/2104088289/leds.o
 .text.LedInitialization
                0x0000000000000000       0x58 build/free/debug/_ext/2104088289/leds.o
 .text.LedOn    0x0000000000000000       0xf6 build/free/debug/_ext/2104088289/leds.o
 .progmem.gcc_sw_table.LedOn
                0x0000000000000000       0x10 build/free/debug/_ext/2104088289/leds.o
 .text.LedOff   0x0000000000000000       0xf6 build/free/debug/_ext/2104088289/leds.o
 .progmem.gcc_sw_table.LedOff
                0x0000000000000000       0x10 build/free/debug/_ext/2104088289/leds.o
 .debug_info    0x0000000000000000      0x5d3 build/free/debug/_ext/2104088289/leds.o
 .debug_abbrev  0x0000000000000000       0xe1 build/free/debug/_ext/2104088289/leds.o
 .debug_aranges
                0x0000000000000000       0x30 build/free/debug/_ext/2104088289/leds.o
 .debug_ranges  0x0000000000000000       0x20 build/free/debug/_ext/2104088289/leds.o
 .debug_line    0x0000000000000000      0x224 build/free/debug/_ext/2104088289/leds.o
 .debug_str     0x0000000000000000        0xc build/free/debug/_ext/2104088289/leds.o
 .comment       0x0000000000000000       0x30 build/free/debug/_ext/2104088289/leds.o
 .debug_frame   0x0000000000000000       0x74 build/free/debug/_ext/2104088289/leds.o
 .text          0x0000000000000000        0x0 build/free/debug/_ext/2104088289/systemTime.o
 .data          0x0000000000000000        0x0 build/free/debug/_ext/2104088289/systemTime.o
 .bss           0x0000000000000000        0x0 build/free/debug/_ext/2104088289/systemTime.o
 .debug_info    0x0000000000000000      0x29c build/free/debug/_ext/2104088289/systemTime.o
 .debug_abbrev  0x0000000000000000       0x1b build/free/debug/_ext/2104088289/systemTime.o
 .debug_aranges
                0x0000000000000000       0x18 build/free/debug/_ext/2104088289/systemTime.o
 .debug_line    0x0000000000000000       0x1a build/free/debug/_ext/2104088289/systemTime.o
 .debug_str     0x0000000000000000        0x0 build/free/debug/_ext/2104088289/systemTime.o
 .comment       0x0000000000000000       0x30 build/free/debug/_ext/2104088289/systemTime.o
 .text          0x0000000000000000        0x0 build/free/debug/TWI_blockData.o
 .data          0x0000000000000000        0x0 build/free/debug/TWI_blockData.o
 .bss           0x0000000000000000        0x0 build/free/debug/TWI_blockData.o
 .text          0x0000000000000000        0x0 c:/program files/microchip/xc8/v3.00/avr/bin/../lib/gcc/avr/5.4.0/avrxmega4/memx-const/mapped\libgcc.a(_tablejump2.o)
 .data          0x0000000000000000        0x0 c:/program files/microchip/xc8/v3.00/avr/bin/../lib/gcc/avr/5.4.0/avrxmega4/memx-const/mapped\libgcc.a(_tablejump2.o)
 .bss           0x0000000000000000        0x0 c:/program files/microchip/xc8/v3.00/avr/bin/../lib/gcc/avr/5.4.0/avrxmega4/memx-const/mapped\libgcc.a(_tablejump2.o)
 .text.libgcc.mul
                0x0000000000000000        0x0 c:/program files/microchip/xc8/v3.00/avr/bin/../lib/gcc/avr/5.4.0/avrxmega4/memx-const/mapped\libgcc.a(_tablejump2.o)
 .text.libgcc.div
                0x0000000000000000        0x0 c:/program files/microchip/xc8/v3.00/avr/bin/../lib/gcc/avr/5.4.0/avrxmega4/memx-const/mapped\libgcc.a(_tablejump2.o)
 .text.libgcc   0x0000000000000000       0x12 c:/program files/microchip/xc8/v3.00/avr/bin/../lib/gcc/avr/5.4.0/avrxmega4/memx-const/mapped\libgcc.a(_tablejump2.o)
 .text.libgcc.prologue
                0x0000000000000000        0x0 c:/program files/microchip/xc8/v3.00/avr/bin/../lib/gcc/avr/5.4.0/avrxmega4/memx-const/mapped\libgcc.a(_tablejump2.o)
 .stack.descriptors.hdr
                0x0000000000000000        0xe c:/program files/microchip/xc8/v3.00/avr/bin/../lib/gcc/avr/5.4.0/avrxmega4/memx-const/mapped\libgcc.a(_tablejump2.o)
 .stack.descriptors
                0x0000000000000000       0x1c c:/program files/microchip/xc8/v3.00/avr/bin/../lib/gcc/avr/5.4.0/avrxmega4/memx-const/mapped\libgcc.a(_tablejump2.o)
 .text.libgcc.builtins
                0x0000000000000000        0x0 c:/program files/microchip/xc8/v3.00/avr/bin/../lib/gcc/avr/5.4.0/avrxmega4/memx-const/mapped\libgcc.a(_tablejump2.o)
 .text.libgcc.fmul
                0x0000000000000000        0x0 c:/program files/microchip/xc8/v3.00/avr/bin/../lib/gcc/avr/5.4.0/avrxmega4/memx-const/mapped\libgcc.a(_tablejump2.o)
 .text.libgcc.fixed
                0x0000000000000000        0x0 c:/program files/microchip/xc8/v3.00/avr/bin/../lib/gcc/avr/5.4.0/avrxmega4/memx-const/mapped\libgcc.a(_tablejump2.o)
 .text          0x0000000000000000        0x0 c:/program files/microchip/xc8/v3.00/avr/bin/../lib/gcc/avr/5.4.0/avrxmega4/memx-const/mapped\libgcc.a(_copy_data.o)
 .data          0x0000000000000000        0x0 c:/program files/microchip/xc8/v3.00/avr/bin/../lib/gcc/avr/5.4.0/avrxmega4/memx-const/mapped\libgcc.a(_copy_data.o)
 .bss           0x0000000000000000        0x0 c:/program files/microchip/xc8/v3.00/avr/bin/../lib/gcc/avr/5.4.0/avrxmega4/memx-const/mapped\libgcc.a(_copy_data.o)
 .text.libgcc.mul
                0x0000000000000000        0x0 c:/program files/microchip/xc8/v3.00/avr/bin/../lib/gcc/avr/5.4.0/avrxmega4/memx-const/mapped\libgcc.a(_copy_data.o)
 .text.libgcc.div
                0x0000000000000000        0x0 c:/program files/microchip/xc8/v3.00/avr/bin/../lib/gcc/avr/5.4.0/avrxmega4/memx-const/mapped\libgcc.a(_copy_data.o)
 .text.libgcc   0x0000000000000000        0x0 c:/program files/microchip/xc8/v3.00/avr/bin/../lib/gcc/avr/5.4.0/avrxmega4/memx-const/mapped\libgcc.a(_copy_data.o)
 .text.libgcc.prologue
                0x0000000000000000        0x0 c:/program files/microchip/xc8/v3.00/avr/bin/../lib/gcc/avr/5.4.0/avrxmega4/memx-const/mapped\libgcc.a(_copy_data.o)
 .text.libgcc.builtins
                0x0000000000000000        0x0 c:/program files/microchip/xc8/v3.00/avr/bin/../lib/gcc/avr/5.4.0/avrxmega4/memx-const/mapped\libgcc.a(_copy_data.o)
 .text.libgcc.fmul
                0x0000000000000000        0x0 c:/program files/microchip/xc8/v3.00/avr/bin/../lib/gcc/avr/5.4.0/avrxmega4/memx-const/mapped\libgcc.a(_copy_data.o)
 .text.libgcc.fixed
                0x0000000000000000        0x0 c:/program files/microchip/xc8/v3.00/avr/bin/../lib/gcc/avr/5.4.0/avrxmega4/memx-const/mapped\libgcc.a(_copy_data.o)
 .text          0x0000000000000000        0x0 c:/program files/microchip/xc8/v3.00/avr/bin/../lib/gcc/avr/5.4.0/../../../../avr/lib/avrxmega4/memx-const/mapped\libc.a(exit.o)
 .data          0x0000000000000000        0x0 c:/program files/microchip/xc8/v3.00/avr/bin/../lib/gcc/avr/5.4.0/../../../../avr/lib/avrxmega4/memx-const/mapped\libc.a(exit.o)
 .bss           0x0000000000000000        0x0 c:/program files/microchip/xc8/v3.00/avr/bin/../lib/gcc/avr/5.4.0/../../../../avr/lib/avrxmega4/memx-const/mapped\libc.a(exit.o)
 .stack.descriptors
                0x0000000000000000       0x73 c:/program files/microchip/xc8/v3.00/avr/bin/../lib/gcc/avr/5.4.0/../../../../avr/lib/avrxmega4/memx-const/mapped\libc.a(exit.o)
 .text          0x0000000000000000        0x0 c:/program files/microchip/xc8/v3.00/avr/bin/../lib/gcc/avr/5.4.0/../../../../avr/lib/avrxmega4/memx-const/mapped\libc.a(_Exit.o)
 .data          0x0000000000000000        0x0 c:/program files/microchip/xc8/v3.00/avr/bin/../lib/gcc/avr/5.4.0/../../../../avr/lib/avrxmega4/memx-const/mapped\libc.a(_Exit.o)
 .bss           0x0000000000000000        0x0 c:/program files/microchip/xc8/v3.00/avr/bin/../lib/gcc/avr/5.4.0/../../../../avr/lib/avrxmega4/memx-const/mapped\libc.a(_Exit.o)
 .stack.descriptors
                0x0000000000000000       0x13 c:/program files/microchip/xc8/v3.00/avr/bin/../lib/gcc/avr/5.4.0/../../../../avr/lib/avrxmega4/memx-const/mapped\libc.a(_Exit.o)
 .text          0x0000000000000000        0x0 c:/program files/microchip/xc8/v3.00/avr/bin/../lib/gcc/avr/5.4.0/avrxmega4/memx-const/mapped\libgcc.a(_exit.o)
 .data          0x0000000000000000        0x0 c:/program files/microchip/xc8/v3.00/avr/bin/../lib/gcc/avr/5.4.0/avrxmega4/memx-const/mapped\libgcc.a(_exit.o)
 .bss           0x0000000000000000        0x0 c:/program files/microchip/xc8/v3.00/avr/bin/../lib/gcc/avr/5.4.0/avrxmega4/memx-const/mapped\libgcc.a(_exit.o)
 .text.libgcc.mul
                0x0000000000000000        0x0 c:/program files/microchip/xc8/v3.00/avr/bin/../lib/gcc/avr/5.4.0/avrxmega4/memx-const/mapped\libgcc.a(_exit.o)
 .text.libgcc.div
                0x0000000000000000        0x0 c:/program files/microchip/xc8/v3.00/avr/bin/../lib/gcc/avr/5.4.0/avrxmega4/memx-const/mapped\libgcc.a(_exit.o)
 .text.libgcc   0x0000000000000000        0x0 c:/program files/microchip/xc8/v3.00/avr/bin/../lib/gcc/avr/5.4.0/avrxmega4/memx-const/mapped\libgcc.a(_exit.o)
 .text.libgcc.prologue
                0x0000000000000000        0x0 c:/program files/microchip/xc8/v3.00/avr/bin/../lib/gcc/avr/5.4.0/avrxmega4/memx-const/mapped\libgcc.a(_exit.o)
 .stack.descriptors
                0x0000000000000000       0x13 c:/program files/microchip/xc8/v3.00/avr/bin/../lib/gcc/avr/5.4.0/avrxmega4/memx-const/mapped\libgcc.a(_exit.o)
 .text.libgcc.builtins
                0x0000000000000000        0x0 c:/program files/microchip/xc8/v3.00/avr/bin/../lib/gcc/avr/5.4.0/avrxmega4/memx-const/mapped\libgcc.a(_exit.o)
 .text.libgcc.fmul
                0x0000000000000000        0x0 c:/program files/microchip/xc8/v3.00/avr/bin/../lib/gcc/avr/5.4.0/avrxmega4/memx-const/mapped\libgcc.a(_exit.o)
 .text.libgcc.fixed
                0x0000000000000000        0x0 c:/program files/microchip/xc8/v3.00/avr/bin/../lib/gcc/avr/5.4.0/avrxmega4/memx-const/mapped\libgcc.a(_exit.o)

Memory Configuration

Name             Origin             Length             Attributes
text             0x0000000000000000 0x0000000000020000 xr
data             0x0000000000804000 0x0000000000004000 rw !x
eeprom           0x0000000000810000 0x0000000000000200 rw !x
fuse             0x0000000000820000 0x0000000000000010 rw !x
lock             0x0000000000830000 0x0000000000000400 rw !x
signature        0x0000000000840000 0x0000000000000400 rw !x
user_signatures  0x0000000000850000 0x0000000000000400 rw !x
bootrow          0x0000000000860000 0x0000000000000400 rw !x
*default*        0x0000000000000000 0xffffffffffffffff

Linker script and memory map

Address of section .data set to 0x804000
                0x0000000000008000                __RODATA_PM_OFFSET__ = 0x8000
LOAD C:/Program Files/Microchip/xc8/v3.00/dfp/xc8/avr/lib/avrxmega4/memx-const/mapped/crtavr128db48.o
                0x0000000000000001                __MPLAB_BUILD = 0x1
LOAD build/free/debug/peripherals/CLKCTRL/CLKCTRL.o
LOAD build/free/debug/peripherals/TWI/TWI_client.o
LOAD build/free/debug/Motor_Main.o
LOAD build/free/debug/_ext/2104088289/buzzer.o
LOAD build/free/debug/_ext/2104088289/leds.o
LOAD build/free/debug/_ext/2104088289/systemTime.o
LOAD build/free/debug/TWI_blockData.o
START GROUP
LOAD c:/program files/microchip/xc8/v3.00/avr/bin/../lib/gcc/avr/5.4.0/../../../../avr/lib/avrxmega4/memx-const/mapped\libm.a
END GROUP
                0x0000000000000001                __MPLAB_DEBUG = 0x1
                0x0000000000000001                __DEBUG = 0x1
START GROUP
LOAD c:/program files/microchip/xc8/v3.00/avr/bin/../lib/gcc/avr/5.4.0/avrxmega4/memx-const/mapped\libgcc.a
LOAD c:/program files/microchip/xc8/v3.00/avr/bin/../lib/gcc/avr/5.4.0/../../../../avr/lib/avrxmega4/memx-const/mapped\libm.a
LOAD c:/program files/microchip/xc8/v3.00/avr/bin/../lib/gcc/avr/5.4.0/../../../../avr/lib/avrxmega4/memx-const/mapped\libc.a
LOAD C:/Program Files/Microchip/xc8/v3.00/dfp/xc8/avr/lib/avrxmega4/memx-const/mapped\libavr128db48.a
END GROUP
                [0x0000000000000000]                __TEXT_REGION_ORIGIN__ = DEFINED (__TEXT_REGION_ORIGIN__)?__TEXT_REGION_ORIGIN__:0x0
                [0x0000000000804000]                __DATA_REGION_ORIGIN__ = DEFINED (__DATA_REGION_ORIGIN__)?__DATA_REGION_ORIGIN__:0x802000
                [0x0000000000020000]                __TEXT_REGION_LENGTH__ = DEFINED (__TEXT_REGION_LENGTH__)?__TEXT_REGION_LENGTH__:0x100000
                [0x0000000000004000]                __DATA_REGION_LENGTH__ = DEFINED (__DATA_REGION_LENGTH__)?__DATA_REGION_LENGTH__:0xffa0
                [0x0000000000000200]                __EEPROM_REGION_LENGTH__ = DEFINED (__EEPROM_REGION_LENGTH__)?__EEPROM_REGION_LENGTH__:0x10000
                [0x0000000000000010]                __FUSE_REGION_LENGTH__ = DEFINED (__FUSE_REGION_LENGTH__)?__FUSE_REGION_LENGTH__:0x400
                0x0000000000000400                __LOCK_REGION_LENGTH__ = DEFINED (__LOCK_REGION_LENGTH__)?__LOCK_REGION_LENGTH__:0x400
                0x0000000000000400                __SIGNATURE_REGION_LENGTH__ = DEFINED (__SIGNATURE_REGION_LENGTH__)?__SIGNATURE_REGION_LENGTH__:0x400
                0x0000000000000400                __USER_SIGNATURE_REGION_LENGTH__ = DEFINED (__USER_SIGNATURE_REGION_LENGTH__)?__USER_SIGNATURE_REGION_LENGTH__:0x400
                0x0000000000000400                __BOOTROW_REGION_LENGTH__ = DEFINED (__BOOTROW_REGION_LENGTH__)?__BOOTROW_REGION_LENGTH__:0x400

.hash
 *(.hash)

.dynsym
 *(.dynsym)

.dynstr
 *(.dynstr)

.gnu.version
 *(.gnu.version)

.gnu.version_d
 *(.gnu.version_d)

.gnu.version_r
 *(.gnu.version_r)

.rel.init
 *(.rel.init)

.rela.init
 *(.rela.init)

.rel.text
 *(.rel.text)
 *(.rel.text.*)
 *(.rel.gnu.linkonce.t*)

.rela.text
 *(.rela.text)
 *(.rela.text.*)
 *(.rela.gnu.linkonce.t*)

.rel.fini
 *(.rel.fini)

.rela.fini
 *(.rela.fini)

.rel.rodata
 *(.rel.rodata)
 *(.rel.rodata.*)
 *(.rel.gnu.linkonce.r*)

.rela.rodata
 *(.rela.rodata)
 *(.rela.rodata.*)
 *(.rela.gnu.linkonce.r*)

.rel.data
 *(.rel.data)
 *(.rel.data.*)
 *(.rel.gnu.linkonce.d*)

.rela.data
 *(.rela.data)
 *(.rela.data.*)
 *(.rela.gnu.linkonce.d*)

.rel.ctors
 *(.rel.ctors)

.rela.ctors
 *(.rela.ctors)

.rel.dtors
 *(.rel.dtors)

.rela.dtors
 *(.rela.dtors)

.rel.got
 *(.rel.got)

.rela.got
 *(.rela.got)

.rel.bss
 *(.rel.bss)

.rela.bss
 *(.rela.bss)

.rel.plt
 *(.rel.plt)

.rela.plt
 *(.rela.plt)

.text           0x0000000000000000      0x170
 *(.vectors)
 .vectors       0x0000000000000000       0xf4 C:/Program Files/Microchip/xc8/v3.00/dfp/xc8/avr/lib/avrxmega4/memx-const/mapped/crtavr128db48.o
                0x0000000000000000                __vector_default
                0x0000000000000000                __vectors
 *(.vectors)
 *(.progmem.gcc*)
 *(.dinit)
 .dinit         0x00000000000000f4       0x11 data_init
                0x0000000000000106                . = ALIGN (0x2)
 *fill*         0x0000000000000105        0x1 
                0x0000000000000106                __trampolines_start = .
 *(.trampolines)
 .trampolines   0x0000000000000106        0x0 linker stubs
 *(.trampolines*)
                0x0000000000000106                __trampolines_end = .
 *libprintf_flt.a:*(.progmem.data)
 *libc.a:*(.progmem.data)
                0x0000000000000106                . = ALIGN (0x2)
 *(.jumptables)
 *(.jumptables*)
 *(.lowtext)
 *(.lowtext*)
                0x0000000000000106                __ctors_start = .
 *(.ctors)
                0x0000000000000106                __ctors_end = .
                0x0000000000000106                __dtors_start = .
 *(.dtors)
                0x0000000000000106                __dtors_end = .
 SORT(*)(.ctors)
 SORT(*)(.dtors)
 *(.init0)
 .init0         0x0000000000000106        0x0 C:/Program Files/Microchip/xc8/v3.00/dfp/xc8/avr/lib/avrxmega4/memx-const/mapped/crtavr128db48.o
                0x0000000000000106                __init
 *(.init0)
 *(.init1)
 .init1         0x0000000000000106       0x12 C:/Program Files/Microchip/xc8/v3.00/dfp/xc8/avr/lib/avrxmega4/memx-const/mapped/crtavr128db48.o
 *(.init1)
 *(.init2)
 .init2         0x0000000000000118        0xc C:/Program Files/Microchip/xc8/v3.00/dfp/xc8/avr/lib/avrxmega4/memx-const/mapped/crtavr128db48.o
 *(.init2)
 *(.init3)
 *(.init3)
 *(.init4)
 .init4         0x0000000000000124       0x40 c:/program files/microchip/xc8/v3.00/avr/bin/../lib/gcc/avr/5.4.0/avrxmega4/memx-const/mapped\libgcc.a(_copy_data.o)
                0x0000000000000124                __do_copy_data
                0x0000000000000156                __do_clear_bss
 *(.init4)
 *(.init5)
 *(.init5)
 *(.init6)
 *(.init6)
 *(.init7)
 *(.init7)
 *(.init8)
 *(.init8)
 *(.init9)
 .init9         0x0000000000000164        0x8 C:/Program Files/Microchip/xc8/v3.00/dfp/xc8/avr/lib/avrxmega4/memx-const/mapped/crtavr128db48.o
 *(.init9)
                0x000000000000016c                . = ALIGN (0x2)
 *(.fini9)
 .fini9         0x000000000000016c        0x0 c:/program files/microchip/xc8/v3.00/avr/bin/../lib/gcc/avr/5.4.0/avrxmega4/memx-const/mapped\libgcc.a(_exit.o)
                0x000000000000016c                _exit
 *(.fini9)
 *(.fini8)
 *(.fini8)
 *(.fini7)
 *(.fini7)
 *(.fini6)
 *(.fini6)
 *(.fini5)
 *(.fini5)
 *(.fini4)
 *(.fini4)
 *(.fini3)
 *(.fini3)
 *(.fini2)
 *(.fini2)
 *(.fini1)
 *(.fini1)
 *(.fini0)
 .fini0         0x000000000000016c        0x4 c:/program files/microchip/xc8/v3.00/avr/bin/../lib/gcc/avr/5.4.0/avrxmega4/memx-const/mapped\libgcc.a(_exit.o)
 *(.fini0)
                0x0000000000000170                _etext = .

.data           0x0000000000804000        0x0 load address 0x0000000000000170
                [!provide]                        PROVIDE (__data_start, .)
 *(.gnu.linkonce.d*)
 *(.gnu.linkonce.r*)
                0x0000000000804000                . = ALIGN (0x2)
                0x0000000000804000                _edata = .
                [!provide]                        PROVIDE (__data_end, .)

.bss            0x0000000000804000        0x0
                [!provide]                        PROVIDE (__bss_start, .)
 *(COMMON)
                [!provide]                        PROVIDE (__bss_end, .)
                0x0000000000000170                __data_load_start = LOADADDR (.data)
                0x0000000000000170                __data_load_end = (__data_load_start + SIZEOF (.data))

.noinit         0x0000000000804000        0x0
                [!provide]                        PROVIDE (__noinit_start, .)
 *(.noinit*)
                [!provide]                        PROVIDE (__noinit_end, .)
                0x0000000000804000                _end = .

.eeprom         0x0000000000810000        0x0
 *(.eeprom*)
                0x0000000000810000                __eeprom_end = .

.fuse           0x0000000000820000        0x9
 *(.fuse)
 .fuse          0x0000000000820000        0x9 build/free/debug/Motor_Main.o
                0x0000000000820000                __fuse
 *(.lfuse)
 *(.hfuse)
 *(.efuse)

.lock           0x0000000000830000        0x4
 *(.lock*)
 .lock          0x0000000000830000        0x4 build/free/debug/Motor_Main.o
                0x0000000000830000                __lock

.signature
 *(.signature*)

.user_signatures
 *(.user_signatures*)

.bootrow
 *(.bootrow*)

.stab
 *(.stab)

.stabstr
 *(.stabstr)

.stab.excl
 *(.stab.excl)

.stab.exclstr
 *(.stab.exclstr)

.stab.index
 *(.stab.index)

.stab.indexstr
 *(.stab.indexstr)

.comment        0x0000000000000000       0x5b
 *(.comment)
 .comment       0x0000000000000000       0x2f build/free/debug/peripherals/CLKCTRL/CLKCTRL.o
                                         0x30 (size before relaxing)
 .comment       0x000000000000002f       0x30 build/free/debug/peripherals/TWI/TWI_client.o
 .comment       0x000000000000002f       0x30 build/free/debug/Motor_Main.o
 .comment       0x000000000000002f       0x30 build/free/debug/TWI_blockData.o
 .comment       0x000000000000002f       0x2c c:/program files/microchip/xc8/v3.00/avr/bin/../lib/gcc/avr/5.4.0/../../../../avr/lib/avrxmega4/memx-const/mapped\libc.a(exit.o)
                                         0x2d (size before relaxing)
 .comment       0x000000000000005b       0x2d c:/program files/microchip/xc8/v3.00/avr/bin/../lib/gcc/avr/5.4.0/../../../../avr/lib/avrxmega4/memx-const/mapped\libc.a(_Exit.o)

.stack.descriptors.hdr
                0x0000000000000000       0x2a
 .stack.descriptors.hdr
                0x0000000000000000        0xe c:/program files/microchip/xc8/v3.00/avr/bin/../lib/gcc/avr/5.4.0/../../../../avr/lib/avrxmega4/memx-const/mapped\libc.a(exit.o)
 .stack.descriptors.hdr
                0x000000000000000e        0xe c:/program files/microchip/xc8/v3.00/avr/bin/../lib/gcc/avr/5.4.0/../../../../avr/lib/avrxmega4/memx-const/mapped\libc.a(_Exit.o)
 .stack.descriptors.hdr
                0x000000000000001c        0xe c:/program files/microchip/xc8/v3.00/avr/bin/../lib/gcc/avr/5.4.0/avrxmega4/memx-const/mapped\libgcc.a(_exit.o)

.note.GNU-stack
                0x0000000000000000        0x0
 .note.GNU-stack
                0x0000000000000000        0x0 c:/program files/microchip/xc8/v3.00/avr/bin/../lib/gcc/avr/5.4.0/../../../../avr/lib/avrxmega4/memx-const/mapped\libc.a(exit.o)
 .note.GNU-stack
                0x0000000000000000        0x0 c:/program files/microchip/xc8/v3.00/avr/bin/../lib/gcc/avr/5.4.0/../../../../avr/lib/avrxmega4/memx-const/mapped\libc.a(_Exit.o)

.note.gnu.build-id
 *(.note.gnu.build-id)

.debug
 *(.debug)

.line
 *(.line)

.debug_srcinfo
 *(.debug_srcinfo)

.debug_sfnames
 *(.debug_sfnames)

.debug_aranges  0x0000000000000000       0xe0
 *(.debug_aranges)
 .debug_aranges
                0x0000000000000000       0x20 build/free/debug/peripherals/CLKCTRL/CLKCTRL.o
 .debug_aranges
                0x0000000000000020       0x48 build/free/debug/peripherals/TWI/TWI_client.o
 .debug_aranges
                0x0000000000000068       0x38 build/free/debug/Motor_Main.o
 .debug_aranges
                0x00000000000000a0       0x40 build/free/debug/TWI_blockData.o

.debug_pubnames
 *(.debug_pubnames)

.debug_info     0x0000000000000000     0x5816
 *(.debug_info .gnu.linkonce.wi.*)
 .debug_info    0x0000000000000000     0x3545 C:/Program Files/Microchip/xc8/v3.00/dfp/xc8/avr/lib/avrxmega4/memx-const/mapped/crtavr128db48.o
 .debug_info    0x0000000000003545      0x617 build/free/debug/peripherals/CLKCTRL/CLKCTRL.o
 .debug_info    0x0000000000003b5c      0x87a build/free/debug/peripherals/TWI/TWI_client.o
 .debug_info    0x00000000000043d6      0xfc0 build/free/debug/Motor_Main.o
 .debug_info    0x0000000000005396      0x480 build/free/debug/TWI_blockData.o

.debug_abbrev   0x0000000000000000     0x364d
 *(.debug_abbrev)
 .debug_abbrev  0x0000000000000000     0x3274 C:/Program Files/Microchip/xc8/v3.00/dfp/xc8/avr/lib/avrxmega4/memx-const/mapped/crtavr128db48.o
 .debug_abbrev  0x0000000000003274       0xa4 build/free/debug/peripherals/CLKCTRL/CLKCTRL.o
 .debug_abbrev  0x0000000000003318      0x137 build/free/debug/peripherals/TWI/TWI_client.o
 .debug_abbrev  0x000000000000344f      0x154 build/free/debug/Motor_Main.o
 .debug_abbrev  0x00000000000035a3       0xaa build/free/debug/TWI_blockData.o

.debug_line     0x0000000000000000      0x8aa
 *(.debug_line .debug_line.* .debug_line_end)
 .debug_line    0x0000000000000000      0x240 C:/Program Files/Microchip/xc8/v3.00/dfp/xc8/avr/lib/avrxmega4/memx-const/mapped/crtavr128db48.o
 .debug_line    0x0000000000000240       0xec build/free/debug/peripherals/CLKCTRL/CLKCTRL.o
 .debug_line    0x000000000000032c      0x206 build/free/debug/peripherals/TWI/TWI_client.o
 .debug_line    0x0000000000000532      0x227 build/free/debug/Motor_Main.o
 .debug_line    0x0000000000000759      0x151 build/free/debug/TWI_blockData.o

.debug_frame    0x0000000000000000      0x298
 *(.debug_frame)
 .debug_frame   0x0000000000000000       0x34 build/free/debug/peripherals/CLKCTRL/CLKCTRL.o
 .debug_frame   0x0000000000000034      0x11c build/free/debug/peripherals/TWI/TWI_client.o
 .debug_frame   0x0000000000000150       0x94 build/free/debug/Motor_Main.o
 .debug_frame   0x00000000000001e4       0xb4 build/free/debug/TWI_blockData.o

.debug_str      0x0000000000000000     0x177c
 *(.debug_str)
 .debug_str     0x0000000000000000     0x170f C:/Program Files/Microchip/xc8/v3.00/dfp/xc8/avr/lib/avrxmega4/memx-const/mapped/crtavr128db48.o
 .debug_str     0x000000000000170f        0x0 build/free/debug/peripherals/CLKCTRL/CLKCTRL.o
 .debug_str     0x000000000000170f        0xb build/free/debug/peripherals/TWI/TWI_client.o
 .debug_str     0x000000000000171a       0x62 build/free/debug/Motor_Main.o
 .debug_str     0x000000000000177c        0x0 build/free/debug/TWI_blockData.o

.debug_loc
 *(.debug_loc)

.debug_macinfo
 *(.debug_macinfo)

.debug_weaknames
 *(.debug_weaknames)

.debug_funcnames
 *(.debug_funcnames)

.debug_typenames
 *(.debug_typenames)

.debug_varnames
 *(.debug_varnames)

.debug_pubtypes
 *(.debug_pubtypes)

.debug_ranges   0x0000000000000000       0xa0
 *(.debug_ranges)
 .debug_ranges  0x0000000000000000       0x10 build/free/debug/peripherals/CLKCTRL/CLKCTRL.o
 .debug_ranges  0x0000000000000010       0x38 build/free/debug/peripherals/TWI/TWI_client.o
 .debug_ranges  0x0000000000000048       0x28 build/free/debug/Motor_Main.o
 .debug_ranges  0x0000000000000070       0x30 build/free/debug/TWI_blockData.o

.debug_macro
 *(.debug_macro)
OUTPUT(dist/free/debug/MotorFirmware.X.debug.elf elf32-avr)
LOAD linker stubs
LOAD data_init

.note.gnu.avr.deviceinfo
                0x0000000000000000       0x40
 .note.gnu.avr.deviceinfo
                0x0000000000000000       0x40 C:/Program Files/Microchip/xc8/v3.00/dfp/xc8/avr/lib/avrxmega4/memx-const/mapped/crtavr128db48.o

.bss.writeHandler
                0x0000000000804000        0x2
 .bss.writeHandler
                0x0000000000804000        0x2 build/free/debug/peripherals/TWI/TWI_client.o

.bss.readHandler
                0x0000000000804002        0x2
 .bss.readHandler
                0x0000000000804002        0x2 build/free/debug/peripherals/TWI/TWI_client.o

.bss.stopHandler
                0x0000000000804004        0x2
 .bss.stopHandler
                0x0000000000804004        0x2 build/free/debug/peripherals/TWI/TWI_client.o

.bss.left_sm    0x000000000080400a        0x1
 .bss.left_sm   0x000000000080400a        0x1 build/free/debug/Motor_Main.o
                0x000000000080400a                left_sm

.bss.right_sm   0x000000000080400b        0x1
 .bss.right_sm  0x000000000080400b        0x1 build/free/debug/Motor_Main.o
                0x000000000080400b                right_sm

.bss.wasRead    0x000000000080400d        0x1
 .bss.wasRead   0x000000000080400d        0x1 build/free/debug/TWI_blockData.o

.bss.i2c_index  0x000000000080400e        0x1
 .bss.i2c_index
                0x000000000080400e        0x1 build/free/debug/TWI_blockData.o

.bss.i2c_writeIndex
                0x000000000080400f        0x1
 .bss.i2c_writeIndex
                0x000000000080400f        0x1 build/free/debug/TWI_blockData.o

.bss.writeBuffer
                0x0000000000804006        0x2
 .bss.writeBuffer
                0x0000000000804006        0x2 build/free/debug/TWI_blockData.o

.bss.writeBufferSize
                0x0000000000804010        0x1
 .bss.writeBufferSize
                0x0000000000804010        0x1 build/free/debug/TWI_blockData.o

.bss.readBuffer
                0x0000000000804008        0x2
 .bss.readBuffer
                0x0000000000804008        0x2 build/free/debug/TWI_blockData.o

.bss.readBufferSize
                0x0000000000804011        0x1
 .bss.readBufferSize
                0x0000000000804011        0x1 build/free/debug/TWI_blockData.o

.text.TWI0_ISR  0x0000000000000170      0x12e
 .text.TWI0_ISR
                0x0000000000000170      0x12e build/free/debug/peripherals/TWI/TWI_client.o
                0x0000000000000170                __vector_18
                0x0000000000000170                TWI0_ISR

.text.drive_motor
                0x000000000000029e       0xd4
 .text.drive_motor
                0x000000000000029e       0xd4 build/free/debug/Motor_Main.o
                0x000000000000029e                drive_motor

.text.main      0x0000000000000372       0xa2
 .text.main     0x0000000000000372       0xa2 build/free/debug/Motor_Main.o
                0x0000000000000372                main

.text.setup_pwm
                0x0000000000000414       0x60
 .text.setup_pwm
                0x0000000000000414       0x60 build/free/debug/Motor_Main.o
                0x0000000000000414                setup_pwm

.text._TWI_RequestByte
                0x0000000000000474       0x58
 .text._TWI_RequestByte
                0x0000000000000474       0x58 build/free/debug/TWI_blockData.o
                0x0000000000000474                _TWI_RequestByte

.text._TWI_StoreByte
                0x00000000000004cc       0x50
 .text._TWI_StoreByte
                0x00000000000004cc       0x50 build/free/debug/TWI_blockData.o
                0x00000000000004cc                _TWI_StoreByte

.text.TWI_initClient
                0x000000000000051c       0x4e
 .text.TWI_initClient
                0x000000000000051c       0x4e build/free/debug/peripherals/TWI/TWI_client.o
                0x000000000000051c                TWI_initClient

.text.setupReadBuffer
                0x000000000000056a       0x32
 .text.setupReadBuffer
                0x000000000000056a       0x32 build/free/debug/TWI_blockData.o
                0x000000000000056a                setupReadBuffer

.text.setupWriteBuffer
                0x000000000000059c       0x32
 .text.setupWriteBuffer
                0x000000000000059c       0x32 build/free/debug/TWI_blockData.o
                0x000000000000059c                setupWriteBuffer

.text.TWI_initPins
                0x00000000000005ce       0x2e
 .text.TWI_initPins
                0x00000000000005ce       0x2e build/free/debug/peripherals/TWI/TWI_client.o
                0x00000000000005ce                TWI_initPins

.text.setup_pins
                0x00000000000005fc       0x2e
 .text.setup_pins
                0x00000000000005fc       0x2e build/free/debug/Motor_Main.o
                0x00000000000005fc                setup_pins

.text.TWI_assignByteWriteHandler
                0x000000000000062a       0x26
 .text.TWI_assignByteWriteHandler
                0x000000000000062a       0x26 build/free/debug/peripherals/TWI/TWI_client.o
                0x000000000000062a                TWI_assignByteWriteHandler

.text.TWI_assignByteReadHandler
                0x0000000000000650       0x26
 .text.TWI_assignByteReadHandler
                0x0000000000000650       0x26 build/free/debug/peripherals/TWI/TWI_client.o
                0x0000000000000650                TWI_assignByteReadHandler

.text.TWI_assignStopHandler
                0x0000000000000676       0x26
 .text.TWI_assignStopHandler
                0x0000000000000676       0x26 build/free/debug/peripherals/TWI/TWI_client.o
                0x0000000000000676                TWI_assignStopHandler

.text._onTWIStop
                0x000000000000069c       0x1e
 .text._onTWIStop
                0x000000000000069c       0x1e build/free/debug/TWI_blockData.o
                0x000000000000069c                _onTWIStop

.text.CLKCTRL_init
                0x00000000000006ba       0x1a
 .text.CLKCTRL_init
                0x00000000000006ba       0x1a build/free/debug/peripherals/CLKCTRL/CLKCTRL.o
                0x00000000000006ba                CLKCTRL_init

.text.exit      0x00000000000006d4       0x16
 .text.exit     0x00000000000006d4       0x16 c:/program files/microchip/xc8/v3.00/avr/bin/../lib/gcc/avr/5.4.0/../../../../avr/lib/avrxmega4/memx-const/mapped\libc.a(exit.o)
                0x00000000000006d4                exit

.text           0x00000000000006ea        0x4
 .text          0x00000000000006ea        0x4 C:/Program Files/Microchip/xc8/v3.00/dfp/xc8/avr/lib/avrxmega4/memx-const/mapped/crtavr128db48.o
                0x00000000000006ea                __vector_38
                0x00000000000006ea                __vector_22
                0x00000000000006ea                __vector_28
                0x00000000000006ea                __vector_1
                0x00000000000006ea                __vector_32
                0x00000000000006ea                __vector_34
                0x00000000000006ea                __vector_24
                0x00000000000006ea                __vector_12
                0x00000000000006ea                __vector_55
                0x00000000000006ea                __vector_46
                0x00000000000006ea                __bad_interrupt
                0x00000000000006ea                __vector_6
                0x00000000000006ea                __vector_31
                0x00000000000006ea                __vector_35
                0x00000000000006ea                __vector_39
                0x00000000000006ea                __vector_3
                0x00000000000006ea                __vector_23
                0x00000000000006ea                __vector_30
                0x00000000000006ea                __vector_45
                0x00000000000006ea                __vector_25
                0x00000000000006ea                __vector_11
                0x00000000000006ea                __vector_54
                0x00000000000006ea                __vector_13
                0x00000000000006ea                __vector_17
                0x00000000000006ea                __vector_19
                0x00000000000006ea                __vector_56
                0x00000000000006ea                __vector_7
                0x00000000000006ea                __vector_49
                0x00000000000006ea                __vector_41
                0x00000000000006ea                __vector_43
                0x00000000000006ea                __vector_27
                0x00000000000006ea                __vector_5
                0x00000000000006ea                __vector_33
                0x00000000000006ea                __vector_47
                0x00000000000006ea                __vector_52
                0x00000000000006ea                __vector_37
                0x00000000000006ea                __vector_4
                0x00000000000006ea                __vector_44
                0x00000000000006ea                __vector_51
                0x00000000000006ea                __vector_9
                0x00000000000006ea                __vector_2
                0x00000000000006ea                __vector_21
                0x00000000000006ea                __vector_15
                0x00000000000006ea                __vector_36
                0x00000000000006ea                __vector_58
                0x00000000000006ea                __vector_29
                0x00000000000006ea                __vector_60
                0x00000000000006ea                __vector_40
                0x00000000000006ea                __vector_8
                0x00000000000006ea                __vector_26
                0x00000000000006ea                __vector_48
                0x00000000000006ea                __vector_14
                0x00000000000006ea                __vector_57
                0x00000000000006ea                __vector_53
                0x00000000000006ea                __vector_10
                0x00000000000006ea                __vector_50
                0x00000000000006ea                __vector_16
                0x00000000000006ea                __vector_59
                0x00000000000006ea                __vector_20
                0x00000000000006ea                __vector_42

.text._Exit     0x00000000000006ee        0x4
 .text._Exit    0x00000000000006ee        0x4 c:/program files/microchip/xc8/v3.00/avr/bin/../lib/gcc/avr/5.4.0/../../../../avr/lib/avrxmega4/memx-const/mapped\libc.a(_Exit.o)
                0x00000000000006ee                _Exit

.text.__dummy_fini
                0x00000000000006f2        0x2
 .text.__dummy_fini
                0x00000000000006f2        0x2 c:/program files/microchip/xc8/v3.00/avr/bin/../lib/gcc/avr/5.4.0/../../../../avr/lib/avrxmega4/memx-const/mapped\libc.a(exit.o)
                0x00000000000006f2                _fini

.text.__dummy_funcs_on_exit
                0x00000000000006f4        0x2
 .text.__dummy_funcs_on_exit
                0x00000000000006f4        0x2 c:/program files/microchip/xc8/v3.00/avr/bin/../lib/gcc/avr/5.4.0/../../../../avr/lib/avrxmega4/memx-const/mapped\libc.a(exit.o)
                0x00000000000006f4                __funcs_on_exit

.text.__dummy_simulator_exit
                0x00000000000006f6        0x2
 .text.__dummy_simulator_exit
                0x00000000000006f6        0x2 c:/program files/microchip/xc8/v3.00/avr/bin/../lib/gcc/avr/5.4.0/../../../../avr/lib/avrxmega4/memx-const/mapped\libc.a(exit.o)
                0x00000000000006f6                __simulator_exit

.data.isFirst   0x000000000080400c        0x1 load address 0x00000000000006f8
 .data.isFirst  0x000000000080400c        0x1 build/free/debug/TWI_blockData.o
