Archive member included to satisfy reference by file (symbol)

c:/program files/microchip/xc8/v3.00/avr/bin/../lib/gcc/avr/5.4.0/avrxmega4/memx-const/mapped\libgcc.a(_tablejump2.o)
                              build/free/debug/leds.o (__tablejump2__)
c:/program files/microchip/xc8/v3.00/avr/bin/../lib/gcc/avr/5.4.0/avrxmega4/memx-const/mapped\libgcc.a(_copy_data.o)
                              build/free/debug/ECU_Main.o (__do_copy_data)
c:/program files/microchip/xc8/v3.00/avr/bin/../lib/gcc/avr/5.4.0/../../../../avr/lib/avrxmega4/memx-const/mapped\libc.a(exit.o)
                              C:/Program Files/Microchip/xc8/v3.00/dfp/xc8/avr/lib/avrxmega4/memx-const/mapped/crtavr128db48.o (exit)
c:/program files/microchip/xc8/v3.00/avr/bin/../lib/gcc/avr/5.4.0/../../../../avr/lib/avrxmega4/memx-const/mapped\libc.a(_Exit.o)
                              c:/program files/microchip/xc8/v3.00/avr/bin/../lib/gcc/avr/5.4.0/../../../../avr/lib/avrxmega4/memx-const/mapped\libc.a(exit.o) (_Exit)
c:/program files/microchip/xc8/v3.00/avr/bin/../lib/gcc/avr/5.4.0/avrxmega4/memx-const/mapped\libgcc.a(_exit.o)
                              c:/program files/microchip/xc8/v3.00/avr/bin/../lib/gcc/avr/5.4.0/../../../../avr/lib/avrxmega4/memx-const/mapped\libc.a(_Exit.o) (_exit)

Allocating common symbols
Common symbol       size              file

PIT_ISR             0x2               build/free/debug/peripherals/RTC/RTC.o

Discarded input sections

 .data          0x0000000000000000        0x0 C:/Program Files/Microchip/xc8/v3.00/dfp/xc8/avr/lib/avrxmega4/memx-const/mapped/crtavr128db48.o
 .bss           0x0000000000000000        0x0 C:/Program Files/Microchip/xc8/v3.00/dfp/xc8/avr/lib/avrxmega4/memx-const/mapped/crtavr128db48.o
 .text          0x0000000000000000        0x0 build/free/debug/peripherals/CLKCTRL/CLKCTRL.o
 .data          0x0000000000000000        0x0 build/free/debug/peripherals/CLKCTRL/CLKCTRL.o
 .bss           0x0000000000000000        0x0 build/free/debug/peripherals/CLKCTRL/CLKCTRL.o
 .text          0x0000000000000000        0x0 build/free/debug/peripherals/RTC/RTC.o
 .data          0x0000000000000000        0x0 build/free/debug/peripherals/RTC/RTC.o
 .bss           0x0000000000000000        0x0 build/free/debug/peripherals/RTC/RTC.o
 .text.PIT_setISR
                0x0000000000000000       0x26 build/free/debug/peripherals/RTC/RTC.o
 .text          0x0000000000000000        0x0 build/free/debug/peripherals/SLPCTRL/SLPCTRL.o
 .data          0x0000000000000000        0x0 build/free/debug/peripherals/SLPCTRL/SLPCTRL.o
 .bss           0x0000000000000000        0x0 build/free/debug/peripherals/SLPCTRL/SLPCTRL.o
 .text          0x0000000000000000        0x0 build/free/debug/peripherals/TWI/TWI_host.o
 .data          0x0000000000000000        0x0 build/free/debug/peripherals/TWI/TWI_host.o
 .bss           0x0000000000000000        0x0 build/free/debug/peripherals/TWI/TWI_host.o
 .text.TWI_sendByte
                0x0000000000000000       0x4a build/free/debug/peripherals/TWI/TWI_host.o
 .text.TWI_readByte
                0x0000000000000000       0x40 build/free/debug/peripherals/TWI/TWI_host.o
 .text.TWI_readBytes
                0x0000000000000000       0x42 build/free/debug/peripherals/TWI/TWI_host.o
 .text          0x0000000000000000        0x0 build/free/debug/advanced_IO.o
 .data          0x0000000000000000        0x0 build/free/debug/advanced_IO.o
 .bss           0x0000000000000000        0x0 build/free/debug/advanced_IO.o
 .text.advancedIO_getPinState
                0x0000000000000000       0x20 build/free/debug/advanced_IO.o
 .text.advancedIO_setOutputsLow
                0x0000000000000000       0x34 build/free/debug/advanced_IO.o
 .text.advancedIO_setPinsAsInputs
                0x0000000000000000       0x30 build/free/debug/advanced_IO.o
 .text.advancedIO_resetToDefault
                0x0000000000000000       0x42 build/free/debug/advanced_IO.o
 .text.advancedIO_performMemoryOP
                0x0000000000000000       0x4a build/free/debug/advanced_IO.o
 .text          0x0000000000000000        0x0 build/free/debug/ECU_Main.o
 .data          0x0000000000000000        0x0 build/free/debug/ECU_Main.o
 .bss           0x0000000000000000        0x0 build/free/debug/ECU_Main.o
 .text          0x0000000000000000        0x0 build/free/debug/buzzer.o
 .data          0x0000000000000000        0x0 build/free/debug/buzzer.o
 .bss           0x0000000000000000        0x0 build/free/debug/buzzer.o
 .debug_info    0x0000000000000000      0x249 build/free/debug/buzzer.o
 .debug_abbrev  0x0000000000000000       0x1b build/free/debug/buzzer.o
 .debug_aranges
                0x0000000000000000       0x18 build/free/debug/buzzer.o
 .debug_line    0x0000000000000000       0x1a build/free/debug/buzzer.o
 .debug_str     0x0000000000000000        0x0 build/free/debug/buzzer.o
 .comment       0x0000000000000000       0x30 build/free/debug/buzzer.o
 .text          0x0000000000000000        0x0 build/free/debug/leds.o
 .data          0x0000000000000000        0x0 build/free/debug/leds.o
 .bss           0x0000000000000000        0x0 build/free/debug/leds.o
 .text.LedInitialization
                0x0000000000000000       0x58 build/free/debug/leds.o
 .text.LedOn    0x0000000000000000       0xf6 build/free/debug/leds.o
 .progmem.gcc_sw_table.LedOn
                0x0000000000000000       0x10 build/free/debug/leds.o
 .text.LedOff   0x0000000000000000       0xf6 build/free/debug/leds.o
 .progmem.gcc_sw_table.LedOff
                0x0000000000000000       0x10 build/free/debug/leds.o
 .debug_info    0x0000000000000000      0x584 build/free/debug/leds.o
 .debug_abbrev  0x0000000000000000       0xe1 build/free/debug/leds.o
 .debug_aranges
                0x0000000000000000       0x30 build/free/debug/leds.o
 .debug_ranges  0x0000000000000000       0x20 build/free/debug/leds.o
 .debug_line    0x0000000000000000      0x204 build/free/debug/leds.o
 .debug_str     0x0000000000000000        0xc build/free/debug/leds.o
 .comment       0x0000000000000000       0x30 build/free/debug/leds.o
 .debug_frame   0x0000000000000000       0x74 build/free/debug/leds.o
 .text          0x0000000000000000        0x0 build/free/debug/systemTime.o
 .data          0x0000000000000000        0x0 build/free/debug/systemTime.o
 .bss           0x0000000000000000        0x0 build/free/debug/systemTime.o
 .debug_info    0x0000000000000000      0x24d build/free/debug/systemTime.o
 .debug_abbrev  0x0000000000000000       0x1b build/free/debug/systemTime.o
 .debug_aranges
                0x0000000000000000       0x18 build/free/debug/systemTime.o
 .debug_line    0x0000000000000000       0x1a build/free/debug/systemTime.o
 .debug_str     0x0000000000000000        0x0 build/free/debug/systemTime.o
 .comment       0x0000000000000000       0x30 build/free/debug/systemTime.o
 .text          0x0000000000000000        0x0 c:/program files/microchip/xc8/v3.00/avr/bin/../lib/gcc/avr/5.4.0/avrxmega4/memx-const/mapped\libgcc.a(_tablejump2.o)
 .data          0x0000000000000000        0x0 c:/program files/microchip/xc8/v3.00/avr/bin/../lib/gcc/avr/5.4.0/avrxmega4/memx-const/mapped\libgcc.a(_tablejump2.o)
 .bss           0x0000000000000000        0x0 c:/program files/microchip/xc8/v3.00/avr/bin/../lib/gcc/avr/5.4.0/avrxmega4/memx-const/mapped\libgcc.a(_tablejump2.o)
 .text.libgcc.mul
                0x0000000000000000        0x0 c:/program files/microchip/xc8/v3.00/avr/bin/../lib/gcc/avr/5.4.0/avrxmega4/memx-const/mapped\libgcc.a(_tablejump2.o)
 .text.libgcc.div
                0x0000000000000000        0x0 c:/program files/microchip/xc8/v3.00/avr/bin/../lib/gcc/avr/5.4.0/avrxmega4/memx-const/mapped\libgcc.a(_tablejump2.o)
 .text.libgcc   0x0000000000000000       0x12 c:/program files/microchip/xc8/v3.00/avr/bin/../lib/gcc/avr/5.4.0/avrxmega4/memx-const/mapped\libgcc.a(_tablejump2.o)
 .text.libgcc.prologue
                0x0000000000000000        0x0 c:/program files/microchip/xc8/v3.00/avr/bin/../lib/gcc/avr/5.4.0/avrxmega4/memx-const/mapped\libgcc.a(_tablejump2.o)
 .stack.descriptors.hdr
                0x0000000000000000        0xe c:/program files/microchip/xc8/v3.00/avr/bin/../lib/gcc/avr/5.4.0/avrxmega4/memx-const/mapped\libgcc.a(_tablejump2.o)
 .stack.descriptors
                0x0000000000000000       0x1c c:/program files/microchip/xc8/v3.00/avr/bin/../lib/gcc/avr/5.4.0/avrxmega4/memx-const/mapped\libgcc.a(_tablejump2.o)
 .text.libgcc.builtins
                0x0000000000000000        0x0 c:/program files/microchip/xc8/v3.00/avr/bin/../lib/gcc/avr/5.4.0/avrxmega4/memx-const/mapped\libgcc.a(_tablejump2.o)
 .text.libgcc.fmul
                0x0000000000000000        0x0 c:/program files/microchip/xc8/v3.00/avr/bin/../lib/gcc/avr/5.4.0/avrxmega4/memx-const/mapped\libgcc.a(_tablejump2.o)
 .text.libgcc.fixed
                0x0000000000000000        0x0 c:/program files/microchip/xc8/v3.00/avr/bin/../lib/gcc/avr/5.4.0/avrxmega4/memx-const/mapped\libgcc.a(_tablejump2.o)
 .text          0x0000000000000000        0x0 c:/program files/microchip/xc8/v3.00/avr/bin/../lib/gcc/avr/5.4.0/avrxmega4/memx-const/mapped\libgcc.a(_copy_data.o)
 .data          0x0000000000000000        0x0 c:/program files/microchip/xc8/v3.00/avr/bin/../lib/gcc/avr/5.4.0/avrxmega4/memx-const/mapped\libgcc.a(_copy_data.o)
 .bss           0x0000000000000000        0x0 c:/program files/microchip/xc8/v3.00/avr/bin/../lib/gcc/avr/5.4.0/avrxmega4/memx-const/mapped\libgcc.a(_copy_data.o)
 .text.libgcc.mul
                0x0000000000000000        0x0 c:/program files/microchip/xc8/v3.00/avr/bin/../lib/gcc/avr/5.4.0/avrxmega4/memx-const/mapped\libgcc.a(_copy_data.o)
 .text.libgcc.div
                0x0000000000000000        0x0 c:/program files/microchip/xc8/v3.00/avr/bin/../lib/gcc/avr/5.4.0/avrxmega4/memx-const/mapped\libgcc.a(_copy_data.o)
 .text.libgcc   0x0000000000000000        0x0 c:/program files/microchip/xc8/v3.00/avr/bin/../lib/gcc/avr/5.4.0/avrxmega4/memx-const/mapped\libgcc.a(_copy_data.o)
 .text.libgcc.prologue
                0x0000000000000000        0x0 c:/program files/microchip/xc8/v3.00/avr/bin/../lib/gcc/avr/5.4.0/avrxmega4/memx-const/mapped\libgcc.a(_copy_data.o)
 .text.libgcc.builtins
                0x0000000000000000        0x0 c:/program files/microchip/xc8/v3.00/avr/bin/../lib/gcc/avr/5.4.0/avrxmega4/memx-const/mapped\libgcc.a(_copy_data.o)
 .text.libgcc.fmul
                0x0000000000000000        0x0 c:/program files/microchip/xc8/v3.00/avr/bin/../lib/gcc/avr/5.4.0/avrxmega4/memx-const/mapped\libgcc.a(_copy_data.o)
 .text.libgcc.fixed
                0x0000000000000000        0x0 c:/program files/microchip/xc8/v3.00/avr/bin/../lib/gcc/avr/5.4.0/avrxmega4/memx-const/mapped\libgcc.a(_copy_data.o)
 .text          0x0000000000000000        0x0 c:/program files/microchip/xc8/v3.00/avr/bin/../lib/gcc/avr/5.4.0/../../../../avr/lib/avrxmega4/memx-const/mapped\libc.a(exit.o)
 .data          0x0000000000000000        0x0 c:/program files/microchip/xc8/v3.00/avr/bin/../lib/gcc/avr/5.4.0/../../../../avr/lib/avrxmega4/memx-const/mapped\libc.a(exit.o)
 .bss           0x0000000000000000        0x0 c:/program files/microchip/xc8/v3.00/avr/bin/../lib/gcc/avr/5.4.0/../../../../avr/lib/avrxmega4/memx-const/mapped\libc.a(exit.o)
 .stack.descriptors
                0x0000000000000000       0x73 c:/program files/microchip/xc8/v3.00/avr/bin/../lib/gcc/avr/5.4.0/../../../../avr/lib/avrxmega4/memx-const/mapped\libc.a(exit.o)
 .text          0x0000000000000000        0x0 c:/program files/microchip/xc8/v3.00/avr/bin/../lib/gcc/avr/5.4.0/../../../../avr/lib/avrxmega4/memx-const/mapped\libc.a(_Exit.o)
 .data          0x0000000000000000        0x0 c:/program files/microchip/xc8/v3.00/avr/bin/../lib/gcc/avr/5.4.0/../../../../avr/lib/avrxmega4/memx-const/mapped\libc.a(_Exit.o)
 .bss           0x0000000000000000        0x0 c:/program files/microchip/xc8/v3.00/avr/bin/../lib/gcc/avr/5.4.0/../../../../avr/lib/avrxmega4/memx-const/mapped\libc.a(_Exit.o)
 .stack.descriptors
                0x0000000000000000       0x13 c:/program files/microchip/xc8/v3.00/avr/bin/../lib/gcc/avr/5.4.0/../../../../avr/lib/avrxmega4/memx-const/mapped\libc.a(_Exit.o)
 .text          0x0000000000000000        0x0 c:/program files/microchip/xc8/v3.00/avr/bin/../lib/gcc/avr/5.4.0/avrxmega4/memx-const/mapped\libgcc.a(_exit.o)
 .data          0x0000000000000000        0x0 c:/program files/microchip/xc8/v3.00/avr/bin/../lib/gcc/avr/5.4.0/avrxmega4/memx-const/mapped\libgcc.a(_exit.o)
 .bss           0x0000000000000000        0x0 c:/program files/microchip/xc8/v3.00/avr/bin/../lib/gcc/avr/5.4.0/avrxmega4/memx-const/mapped\libgcc.a(_exit.o)
 .text.libgcc.mul
                0x0000000000000000        0x0 c:/program files/microchip/xc8/v3.00/avr/bin/../lib/gcc/avr/5.4.0/avrxmega4/memx-const/mapped\libgcc.a(_exit.o)
 .text.libgcc.div
                0x0000000000000000        0x0 c:/program files/microchip/xc8/v3.00/avr/bin/../lib/gcc/avr/5.4.0/avrxmega4/memx-const/mapped\libgcc.a(_exit.o)
 .text.libgcc   0x0000000000000000        0x0 c:/program files/microchip/xc8/v3.00/avr/bin/../lib/gcc/avr/5.4.0/avrxmega4/memx-const/mapped\libgcc.a(_exit.o)
 .text.libgcc.prologue
                0x0000000000000000        0x0 c:/program files/microchip/xc8/v3.00/avr/bin/../lib/gcc/avr/5.4.0/avrxmega4/memx-const/mapped\libgcc.a(_exit.o)
 .stack.descriptors
                0x0000000000000000       0x13 c:/program files/microchip/xc8/v3.00/avr/bin/../lib/gcc/avr/5.4.0/avrxmega4/memx-const/mapped\libgcc.a(_exit.o)
 .text.libgcc.builtins
                0x0000000000000000        0x0 c:/program files/microchip/xc8/v3.00/avr/bin/../lib/gcc/avr/5.4.0/avrxmega4/memx-const/mapped\libgcc.a(_exit.o)
 .text.libgcc.fmul
                0x0000000000000000        0x0 c:/program files/microchip/xc8/v3.00/avr/bin/../lib/gcc/avr/5.4.0/avrxmega4/memx-const/mapped\libgcc.a(_exit.o)
 .text.libgcc.fixed
                0x0000000000000000        0x0 c:/program files/microchip/xc8/v3.00/avr/bin/../lib/gcc/avr/5.4.0/avrxmega4/memx-const/mapped\libgcc.a(_exit.o)

Memory Configuration

Name             Origin             Length             Attributes
text             0x0000000000000000 0x0000000000020000 xr
data             0x0000000000804000 0x0000000000004000 rw !x
eeprom           0x0000000000810000 0x0000000000000200 rw !x
fuse             0x0000000000820000 0x0000000000000010 rw !x
lock             0x0000000000830000 0x0000000000000400 rw !x
signature        0x0000000000840000 0x0000000000000400 rw !x
user_signatures  0x0000000000850000 0x0000000000000400 rw !x
bootrow          0x0000000000860000 0x0000000000000400 rw !x
*default*        0x0000000000000000 0xffffffffffffffff

Linker script and memory map

Address of section .data set to 0x804000
                0x0000000000008000                __RODATA_PM_OFFSET__ = 0x8000
LOAD C:/Program Files/Microchip/xc8/v3.00/dfp/xc8/avr/lib/avrxmega4/memx-const/mapped/crtavr128db48.o
                0x0000000000000001                __MPLAB_BUILD = 0x1
LOAD build/free/debug/peripherals/CLKCTRL/CLKCTRL.o
LOAD build/free/debug/peripherals/RTC/RTC.o
LOAD build/free/debug/peripherals/SLPCTRL/SLPCTRL.o
LOAD build/free/debug/peripherals/TWI/TWI_host.o
LOAD build/free/debug/advanced_IO.o
LOAD build/free/debug/ECU_Main.o
LOAD build/free/debug/buzzer.o
LOAD build/free/debug/leds.o
LOAD build/free/debug/systemTime.o
START GROUP
LOAD c:/program files/microchip/xc8/v3.00/avr/bin/../lib/gcc/avr/5.4.0/../../../../avr/lib/avrxmega4/memx-const/mapped\libm.a
END GROUP
                0x0000000000000001                __MPLAB_DEBUG = 0x1
                0x0000000000000001                __DEBUG = 0x1
START GROUP
LOAD c:/program files/microchip/xc8/v3.00/avr/bin/../lib/gcc/avr/5.4.0/avrxmega4/memx-const/mapped\libgcc.a
LOAD c:/program files/microchip/xc8/v3.00/avr/bin/../lib/gcc/avr/5.4.0/../../../../avr/lib/avrxmega4/memx-const/mapped\libm.a
LOAD c:/program files/microchip/xc8/v3.00/avr/bin/../lib/gcc/avr/5.4.0/../../../../avr/lib/avrxmega4/memx-const/mapped\libc.a
LOAD C:/Program Files/Microchip/xc8/v3.00/dfp/xc8/avr/lib/avrxmega4/memx-const/mapped\libavr128db48.a
END GROUP
                [0x0000000000000000]                __TEXT_REGION_ORIGIN__ = DEFINED (__TEXT_REGION_ORIGIN__)?__TEXT_REGION_ORIGIN__:0x0
                [0x0000000000804000]                __DATA_REGION_ORIGIN__ = DEFINED (__DATA_REGION_ORIGIN__)?__DATA_REGION_ORIGIN__:0x802000
                [0x0000000000020000]                __TEXT_REGION_LENGTH__ = DEFINED (__TEXT_REGION_LENGTH__)?__TEXT_REGION_LENGTH__:0x100000
                [0x0000000000004000]                __DATA_REGION_LENGTH__ = DEFINED (__DATA_REGION_LENGTH__)?__DATA_REGION_LENGTH__:0xffa0
                [0x0000000000000200]                __EEPROM_REGION_LENGTH__ = DEFINED (__EEPROM_REGION_LENGTH__)?__EEPROM_REGION_LENGTH__:0x10000
                [0x0000000000000010]                __FUSE_REGION_LENGTH__ = DEFINED (__FUSE_REGION_LENGTH__)?__FUSE_REGION_LENGTH__:0x400
                0x0000000000000400                __LOCK_REGION_LENGTH__ = DEFINED (__LOCK_REGION_LENGTH__)?__LOCK_REGION_LENGTH__:0x400
                0x0000000000000400                __SIGNATURE_REGION_LENGTH__ = DEFINED (__SIGNATURE_REGION_LENGTH__)?__SIGNATURE_REGION_LENGTH__:0x400
                0x0000000000000400                __USER_SIGNATURE_REGION_LENGTH__ = DEFINED (__USER_SIGNATURE_REGION_LENGTH__)?__USER_SIGNATURE_REGION_LENGTH__:0x400
                0x0000000000000400                __BOOTROW_REGION_LENGTH__ = DEFINED (__BOOTROW_REGION_LENGTH__)?__BOOTROW_REGION_LENGTH__:0x400

.hash
 *(.hash)

.dynsym
 *(.dynsym)

.dynstr
 *(.dynstr)

.gnu.version
 *(.gnu.version)

.gnu.version_d
 *(.gnu.version_d)

.gnu.version_r
 *(.gnu.version_r)

.rel.init
 *(.rel.init)

.rela.init
 *(.rela.init)

.rel.text
 *(.rel.text)
 *(.rel.text.*)
 *(.rel.gnu.linkonce.t*)

.rela.text
 *(.rela.text)
 *(.rela.text.*)
 *(.rela.gnu.linkonce.t*)

.rel.fini
 *(.rel.fini)

.rela.fini
 *(.rela.fini)

.rel.rodata
 *(.rel.rodata)
 *(.rel.rodata.*)
 *(.rel.gnu.linkonce.r*)

.rela.rodata
 *(.rela.rodata)
 *(.rela.rodata.*)
 *(.rela.gnu.linkonce.r*)

.rel.data
 *(.rel.data)
 *(.rel.data.*)
 *(.rel.gnu.linkonce.d*)

.rela.data
 *(.rela.data)
 *(.rela.data.*)
 *(.rela.gnu.linkonce.d*)

.rel.ctors
 *(.rel.ctors)

.rela.ctors
 *(.rela.ctors)

.rel.dtors
 *(.rel.dtors)

.rela.dtors
 *(.rela.dtors)

.rel.got
 *(.rel.got)

.rela.got
 *(.rela.got)

.rel.bss
 *(.rel.bss)

.rela.bss
 *(.rela.bss)

.rel.plt
 *(.rel.plt)

.rela.plt
 *(.rela.plt)

.text           0x0000000000000000      0x164
 *(.vectors)
 .vectors       0x0000000000000000       0xf4 C:/Program Files/Microchip/xc8/v3.00/dfp/xc8/avr/lib/avrxmega4/memx-const/mapped/crtavr128db48.o
                0x0000000000000000                __vector_default
                0x0000000000000000                __vectors
 *(.vectors)
 *(.progmem.gcc*)
 *(.dinit)
 .dinit         0x00000000000000f4        0x5 data_init
                0x00000000000000fa                . = ALIGN (0x2)
 *fill*         0x00000000000000f9        0x1 
                0x00000000000000fa                __trampolines_start = .
 *(.trampolines)
 .trampolines   0x00000000000000fa        0x0 linker stubs
 *(.trampolines*)
                0x00000000000000fa                __trampolines_end = .
 *libprintf_flt.a:*(.progmem.data)
 *libc.a:*(.progmem.data)
                0x00000000000000fa                . = ALIGN (0x2)
 *(.jumptables)
 *(.jumptables*)
 *(.lowtext)
 *(.lowtext*)
                0x00000000000000fa                __ctors_start = .
 *(.ctors)
                0x00000000000000fa                __ctors_end = .
                0x00000000000000fa                __dtors_start = .
 *(.dtors)
                0x00000000000000fa                __dtors_end = .
 SORT(*)(.ctors)
 SORT(*)(.dtors)
 *(.init0)
 .init0         0x00000000000000fa        0x0 C:/Program Files/Microchip/xc8/v3.00/dfp/xc8/avr/lib/avrxmega4/memx-const/mapped/crtavr128db48.o
                0x00000000000000fa                __init
 *(.init0)
 *(.init1)
 .init1         0x00000000000000fa       0x12 C:/Program Files/Microchip/xc8/v3.00/dfp/xc8/avr/lib/avrxmega4/memx-const/mapped/crtavr128db48.o
 *(.init1)
 *(.init2)
 .init2         0x000000000000010c        0xc C:/Program Files/Microchip/xc8/v3.00/dfp/xc8/avr/lib/avrxmega4/memx-const/mapped/crtavr128db48.o
 *(.init2)
 *(.init3)
 *(.init3)
 *(.init4)
 .init4         0x0000000000000118       0x40 c:/program files/microchip/xc8/v3.00/avr/bin/../lib/gcc/avr/5.4.0/avrxmega4/memx-const/mapped\libgcc.a(_copy_data.o)
                0x0000000000000118                __do_copy_data
                0x000000000000014a                __do_clear_bss
 *(.init4)
 *(.init5)
 *(.init5)
 *(.init6)
 *(.init6)
 *(.init7)
 *(.init7)
 *(.init8)
 *(.init8)
 *(.init9)
 .init9         0x0000000000000158        0x8 C:/Program Files/Microchip/xc8/v3.00/dfp/xc8/avr/lib/avrxmega4/memx-const/mapped/crtavr128db48.o
 *(.init9)
                0x0000000000000160                . = ALIGN (0x2)
 *(.fini9)
 .fini9         0x0000000000000160        0x0 c:/program files/microchip/xc8/v3.00/avr/bin/../lib/gcc/avr/5.4.0/avrxmega4/memx-const/mapped\libgcc.a(_exit.o)
                0x0000000000000160                _exit
 *(.fini9)
 *(.fini8)
 *(.fini8)
 *(.fini7)
 *(.fini7)
 *(.fini6)
 *(.fini6)
 *(.fini5)
 *(.fini5)
 *(.fini4)
 *(.fini4)
 *(.fini3)
 *(.fini3)
 *(.fini2)
 *(.fini2)
 *(.fini1)
 *(.fini1)
 *(.fini0)
 .fini0         0x0000000000000160        0x4 c:/program files/microchip/xc8/v3.00/avr/bin/../lib/gcc/avr/5.4.0/avrxmega4/memx-const/mapped\libgcc.a(_exit.o)
 *(.fini0)
                0x0000000000000164                _etext = .

.data           0x0000000000804000        0x0 load address 0x0000000000000164
                [!provide]                        PROVIDE (__data_start, .)
 *(.gnu.linkonce.d*)
 *(.gnu.linkonce.r*)
                0x0000000000804000                . = ALIGN (0x2)
                0x0000000000804000                _edata = .
                [!provide]                        PROVIDE (__data_end, .)

.bss            0x0000000000804000        0x2
                [!provide]                        PROVIDE (__bss_start, .)
 *(COMMON)
 COMMON         0x0000000000804000        0x2 build/free/debug/peripherals/RTC/RTC.o
                0x0000000000804000                PIT_ISR
                [!provide]                        PROVIDE (__bss_end, .)
                0x0000000000000164                __data_load_start = LOADADDR (.data)
                0x0000000000000164                __data_load_end = (__data_load_start + SIZEOF (.data))

.noinit         0x0000000000804002        0x0
                [!provide]                        PROVIDE (__noinit_start, .)
 *(.noinit*)
                [!provide]                        PROVIDE (__noinit_end, .)
                0x0000000000804002                _end = .

.eeprom         0x0000000000810000        0x0
 *(.eeprom*)
                0x0000000000810000                __eeprom_end = .

.fuse           0x0000000000820000        0x9
 *(.fuse)
 .fuse          0x0000000000820000        0x9 build/free/debug/ECU_Main.o
                0x0000000000820000                __fuse
 *(.lfuse)
 *(.hfuse)
 *(.efuse)

.lock           0x0000000000830000        0x4
 *(.lock*)
 .lock          0x0000000000830000        0x4 build/free/debug/ECU_Main.o
                0x0000000000830000                __lock

.signature
 *(.signature*)

.user_signatures
 *(.user_signatures*)

.bootrow
 *(.bootrow*)

.stab
 *(.stab)

.stabstr
 *(.stabstr)

.stab.excl
 *(.stab.excl)

.stab.exclstr
 *(.stab.exclstr)

.stab.index
 *(.stab.index)

.stab.indexstr
 *(.stab.indexstr)

.comment        0x0000000000000000       0x5b
 *(.comment)
 .comment       0x0000000000000000       0x2f build/free/debug/peripherals/CLKCTRL/CLKCTRL.o
                                         0x30 (size before relaxing)
 .comment       0x000000000000002f       0x30 build/free/debug/peripherals/RTC/RTC.o
 .comment       0x000000000000002f       0x30 build/free/debug/peripherals/SLPCTRL/SLPCTRL.o
 .comment       0x000000000000002f       0x30 build/free/debug/peripherals/TWI/TWI_host.o
 .comment       0x000000000000002f       0x30 build/free/debug/advanced_IO.o
 .comment       0x000000000000002f       0x30 build/free/debug/ECU_Main.o
 .comment       0x000000000000002f       0x2c c:/program files/microchip/xc8/v3.00/avr/bin/../lib/gcc/avr/5.4.0/../../../../avr/lib/avrxmega4/memx-const/mapped\libc.a(exit.o)
                                         0x2d (size before relaxing)
 .comment       0x000000000000005b       0x2d c:/program files/microchip/xc8/v3.00/avr/bin/../lib/gcc/avr/5.4.0/../../../../avr/lib/avrxmega4/memx-const/mapped\libc.a(_Exit.o)

.stack.descriptors.hdr
                0x0000000000000000       0x2a
 .stack.descriptors.hdr
                0x0000000000000000        0xe c:/program files/microchip/xc8/v3.00/avr/bin/../lib/gcc/avr/5.4.0/../../../../avr/lib/avrxmega4/memx-const/mapped\libc.a(exit.o)
 .stack.descriptors.hdr
                0x000000000000000e        0xe c:/program files/microchip/xc8/v3.00/avr/bin/../lib/gcc/avr/5.4.0/../../../../avr/lib/avrxmega4/memx-const/mapped\libc.a(_Exit.o)
 .stack.descriptors.hdr
                0x000000000000001c        0xe c:/program files/microchip/xc8/v3.00/avr/bin/../lib/gcc/avr/5.4.0/avrxmega4/memx-const/mapped\libgcc.a(_exit.o)

.note.GNU-stack
                0x0000000000000000        0x0
 .note.GNU-stack
                0x0000000000000000        0x0 c:/program files/microchip/xc8/v3.00/avr/bin/../lib/gcc/avr/5.4.0/../../../../avr/lib/avrxmega4/memx-const/mapped\libc.a(exit.o)
 .note.GNU-stack
                0x0000000000000000        0x0 c:/program files/microchip/xc8/v3.00/avr/bin/../lib/gcc/avr/5.4.0/../../../../avr/lib/avrxmega4/memx-const/mapped\libc.a(_Exit.o)

.note.gnu.build-id
 *(.note.gnu.build-id)

.debug
 *(.debug)

.line
 *(.line)

.debug_srcinfo
 *(.debug_srcinfo)

.debug_sfnames
 *(.debug_sfnames)

.debug_aranges  0x0000000000000000      0x170
 *(.debug_aranges)
 .debug_aranges
                0x0000000000000000       0x20 build/free/debug/peripherals/CLKCTRL/CLKCTRL.o
 .debug_aranges
                0x0000000000000020       0x30 build/free/debug/peripherals/RTC/RTC.o
 .debug_aranges
                0x0000000000000050       0x20 build/free/debug/peripherals/SLPCTRL/SLPCTRL.o
 .debug_aranges
                0x0000000000000070       0x70 build/free/debug/peripherals/TWI/TWI_host.o
 .debug_aranges
                0x00000000000000e0       0x70 build/free/debug/advanced_IO.o
 .debug_aranges
                0x0000000000000150       0x20 build/free/debug/ECU_Main.o

.debug_pubnames
 *(.debug_pubnames)

.debug_info     0x0000000000000000     0x5b68
 *(.debug_info .gnu.linkonce.wi.*)
 .debug_info    0x0000000000000000     0x3545 C:/Program Files/Microchip/xc8/v3.00/dfp/xc8/avr/lib/avrxmega4/memx-const/mapped/crtavr128db48.o
 .debug_info    0x0000000000003545      0x5e8 build/free/debug/peripherals/CLKCTRL/CLKCTRL.o
 .debug_info    0x0000000000003b2d      0x775 build/free/debug/peripherals/RTC/RTC.o
 .debug_info    0x00000000000042a2      0x365 build/free/debug/peripherals/SLPCTRL/SLPCTRL.o
 .debug_info    0x0000000000004607      0xa58 build/free/debug/peripherals/TWI/TWI_host.o
 .debug_info    0x000000000000505f      0x6ae build/free/debug/advanced_IO.o
 .debug_info    0x000000000000570d      0x45b build/free/debug/ECU_Main.o

.debug_abbrev   0x0000000000000000     0x3851
 *(.debug_abbrev)
 .debug_abbrev  0x0000000000000000     0x3274 C:/Program Files/Microchip/xc8/v3.00/dfp/xc8/avr/lib/avrxmega4/memx-const/mapped/crtavr128db48.o
 .debug_abbrev  0x0000000000003274       0xa4 build/free/debug/peripherals/CLKCTRL/CLKCTRL.o
 .debug_abbrev  0x0000000000003318      0x13d build/free/debug/peripherals/RTC/RTC.o
 .debug_abbrev  0x0000000000003455       0x92 build/free/debug/peripherals/SLPCTRL/SLPCTRL.o
 .debug_abbrev  0x00000000000034e7      0x16f build/free/debug/peripherals/TWI/TWI_host.o
 .debug_abbrev  0x0000000000003656      0x146 build/free/debug/advanced_IO.o
 .debug_abbrev  0x000000000000379c       0xb5 build/free/debug/ECU_Main.o

.debug_line     0x0000000000000000      0xd2a
 *(.debug_line .debug_line.* .debug_line_end)
 .debug_line    0x0000000000000000      0x240 C:/Program Files/Microchip/xc8/v3.00/dfp/xc8/avr/lib/avrxmega4/memx-const/mapped/crtavr128db48.o
 .debug_line    0x0000000000000240       0xec build/free/debug/peripherals/CLKCTRL/CLKCTRL.o
 .debug_line    0x000000000000032c      0x158 build/free/debug/peripherals/RTC/RTC.o
 .debug_line    0x0000000000000484       0xec build/free/debug/peripherals/SLPCTRL/SLPCTRL.o
 .debug_line    0x0000000000000570      0x41b build/free/debug/peripherals/TWI/TWI_host.o
 .debug_line    0x000000000000098b      0x277 build/free/debug/advanced_IO.o
 .debug_line    0x0000000000000c02      0x128 build/free/debug/ECU_Main.o

.debug_frame    0x0000000000000000      0x43c
 *(.debug_frame)
 .debug_frame   0x0000000000000000       0x34 build/free/debug/peripherals/CLKCTRL/CLKCTRL.o
 .debug_frame   0x0000000000000034       0xb8 build/free/debug/peripherals/RTC/RTC.o
 .debug_frame   0x00000000000000ec       0x34 build/free/debug/peripherals/SLPCTRL/SLPCTRL.o
 .debug_frame   0x0000000000000120      0x174 build/free/debug/peripherals/TWI/TWI_host.o
 .debug_frame   0x0000000000000294      0x174 build/free/debug/advanced_IO.o
 .debug_frame   0x0000000000000408       0x34 build/free/debug/ECU_Main.o

.debug_str      0x0000000000000000     0x172a
 *(.debug_str)
 .debug_str     0x0000000000000000     0x170f C:/Program Files/Microchip/xc8/v3.00/dfp/xc8/avr/lib/avrxmega4/memx-const/mapped/crtavr128db48.o
 .debug_str     0x000000000000170f        0x0 build/free/debug/peripherals/CLKCTRL/CLKCTRL.o
 .debug_str     0x000000000000170f        0x0 build/free/debug/peripherals/RTC/RTC.o
 .debug_str     0x000000000000170f        0x0 build/free/debug/peripherals/SLPCTRL/SLPCTRL.o
 .debug_str     0x000000000000170f       0x15 build/free/debug/peripherals/TWI/TWI_host.o
 .debug_str     0x0000000000001724        0x6 build/free/debug/advanced_IO.o
 .debug_str     0x000000000000172a        0x0 build/free/debug/ECU_Main.o

.debug_loc
 *(.debug_loc)

.debug_macinfo
 *(.debug_macinfo)

.debug_weaknames
 *(.debug_weaknames)

.debug_funcnames
 *(.debug_funcnames)

.debug_typenames
 *(.debug_typenames)

.debug_varnames
 *(.debug_varnames)

.debug_pubtypes
 *(.debug_pubtypes)

.debug_ranges   0x0000000000000000      0x110
 *(.debug_ranges)
 .debug_ranges  0x0000000000000000       0x10 build/free/debug/peripherals/CLKCTRL/CLKCTRL.o
 .debug_ranges  0x0000000000000010       0x20 build/free/debug/peripherals/RTC/RTC.o
 .debug_ranges  0x0000000000000030       0x10 build/free/debug/peripherals/SLPCTRL/SLPCTRL.o
 .debug_ranges  0x0000000000000040       0x60 build/free/debug/peripherals/TWI/TWI_host.o
 .debug_ranges  0x00000000000000a0       0x60 build/free/debug/advanced_IO.o
 .debug_ranges  0x0000000000000100       0x10 build/free/debug/ECU_Main.o

.debug_macro
 *(.debug_macro)
OUTPUT(dist/free/debug/ECUFirmware.X.debug.elf elf32-avr)
LOAD linker stubs
LOAD data_init

.note.gnu.avr.deviceinfo
                0x0000000000000000       0x40
 .note.gnu.avr.deviceinfo
                0x0000000000000000       0x40 C:/Program Files/Microchip/xc8/v3.00/dfp/xc8/avr/lib/avrxmega4/memx-const/mapped/crtavr128db48.o

.bss.memBlock   0x0000000000804002        0x4
 .bss.memBlock  0x0000000000804002        0x4 build/free/debug/advanced_IO.o

.text.TWI_sendAndReadBytes
                0x0000000000000164       0xec
 .text.TWI_sendAndReadBytes
                0x0000000000000164       0xec build/free/debug/peripherals/TWI/TWI_host.o
                0x0000000000000164                TWI_sendAndReadBytes

.text._readFromTWI
                0x0000000000000250       0xc6
 .text._readFromTWI
                0x0000000000000250       0xc6 build/free/debug/peripherals/TWI/TWI_host.o
                0x0000000000000250                _readFromTWI

.text._writeToTWI
                0x0000000000000316       0xb8
 .text._writeToTWI
                0x0000000000000316       0xb8 build/free/debug/peripherals/TWI/TWI_host.o
                0x0000000000000316                _writeToTWI

.text._startTWI
                0x00000000000003ce       0xb2
 .text._startTWI
                0x00000000000003ce       0xb2 build/free/debug/peripherals/TWI/TWI_host.o
                0x00000000000003ce                _startTWI

.text._PIT_ISR  0x0000000000000480       0x7c
 .text._PIT_ISR
                0x0000000000000480       0x7c build/free/debug/peripherals/RTC/RTC.o
                0x0000000000000480                _PIT_ISR
                0x0000000000000480                __vector_6

.text.RTC_init  0x00000000000004fc       0x74
 .text.RTC_init
                0x00000000000004fc       0x74 build/free/debug/peripherals/RTC/RTC.o
                0x00000000000004fc                RTC_init

.text.TWI_sendBytes
                0x0000000000000570       0x50
 .text.TWI_sendBytes
                0x0000000000000570       0x50 build/free/debug/peripherals/TWI/TWI_host.o
                0x0000000000000570                TWI_sendBytes

.text.TWI_initHost
                0x00000000000005c0       0x4a
 .text.TWI_initHost
                0x00000000000005c0       0x4a build/free/debug/peripherals/TWI/TWI_host.o
                0x00000000000005c0                TWI_initHost

.text.isTWIBad  0x000000000000060a       0x3e
 .text.isTWIBad
                0x000000000000060a       0x3e build/free/debug/peripherals/TWI/TWI_host.o
                0x000000000000060a                isTWIBad

.text.advancedIO_toggleBitsInRegister
                0x0000000000000648       0x36
 .text.advancedIO_toggleBitsInRegister
                0x0000000000000648       0x36 build/free/debug/advanced_IO.o
                0x0000000000000648                advancedIO_toggleBitsInRegister

.text.advancedIO_setPinsAsOutputs
                0x000000000000067e       0x34
 .text.advancedIO_setPinsAsOutputs
                0x000000000000067e       0x34 build/free/debug/advanced_IO.o
                0x000000000000067e                advancedIO_setPinsAsOutputs

.text.advancedIO_setRegister
                0x00000000000006b2       0x32
 .text.advancedIO_setRegister
                0x00000000000006b2       0x32 build/free/debug/advanced_IO.o
                0x00000000000006b2                advancedIO_setRegister

.text.main      0x00000000000006e4       0x32
 .text.main     0x00000000000006e4       0x32 build/free/debug/ECU_Main.o
                0x00000000000006e4                main

.text.advancedIO_setOutputsHigh
                0x0000000000000716       0x30
 .text.advancedIO_setOutputsHigh
                0x0000000000000716       0x30 build/free/debug/advanced_IO.o
                0x0000000000000716                advancedIO_setOutputsHigh

.text.TWI_initPins
                0x0000000000000746       0x2e
 .text.TWI_initPins
                0x0000000000000746       0x2e build/free/debug/peripherals/TWI/TWI_host.o
                0x0000000000000746                TWI_initPins

.text.advancedIO_getRegister
                0x0000000000000774       0x26
 .text.advancedIO_getRegister
                0x0000000000000774       0x26 build/free/debug/advanced_IO.o
                0x0000000000000774                advancedIO_getRegister

.text.CLKCTRL_init
                0x000000000000079a       0x1a
 .text.CLKCTRL_init
                0x000000000000079a       0x1a build/free/debug/peripherals/CLKCTRL/CLKCTRL.o
                0x000000000000079a                CLKCTRL_init

.text.SLPCTRL_init
                0x00000000000007b4       0x1a
 .text.SLPCTRL_init
                0x00000000000007b4       0x1a build/free/debug/peripherals/SLPCTRL/SLPCTRL.o
                0x00000000000007b4                SLPCTRL_init

.text.advancedIO_init
                0x00000000000007ce       0x18
 .text.advancedIO_init
                0x00000000000007ce       0x18 build/free/debug/advanced_IO.o
                0x00000000000007ce                advancedIO_init

.text.exit      0x00000000000007e6       0x16
 .text.exit     0x00000000000007e6       0x16 c:/program files/microchip/xc8/v3.00/avr/bin/../lib/gcc/avr/5.4.0/../../../../avr/lib/avrxmega4/memx-const/mapped\libc.a(exit.o)
                0x00000000000007e6                exit

.text           0x00000000000007fc        0x4
 .text          0x00000000000007fc        0x4 C:/Program Files/Microchip/xc8/v3.00/dfp/xc8/avr/lib/avrxmega4/memx-const/mapped/crtavr128db48.o
                0x00000000000007fc                __vector_38
                0x00000000000007fc                __vector_22
                0x00000000000007fc                __vector_28
                0x00000000000007fc                __vector_1
                0x00000000000007fc                __vector_32
                0x00000000000007fc                __vector_34
                0x00000000000007fc                __vector_24
                0x00000000000007fc                __vector_12
                0x00000000000007fc                __vector_55
                0x00000000000007fc                __vector_46
                0x00000000000007fc                __bad_interrupt
                0x00000000000007fc                __vector_31
                0x00000000000007fc                __vector_35
                0x00000000000007fc                __vector_39
                0x00000000000007fc                __vector_3
                0x00000000000007fc                __vector_23
                0x00000000000007fc                __vector_30
                0x00000000000007fc                __vector_45
                0x00000000000007fc                __vector_25
                0x00000000000007fc                __vector_11
                0x00000000000007fc                __vector_54
                0x00000000000007fc                __vector_13
                0x00000000000007fc                __vector_17
                0x00000000000007fc                __vector_19
                0x00000000000007fc                __vector_56
                0x00000000000007fc                __vector_7
                0x00000000000007fc                __vector_49
                0x00000000000007fc                __vector_41
                0x00000000000007fc                __vector_43
                0x00000000000007fc                __vector_27
                0x00000000000007fc                __vector_5
                0x00000000000007fc                __vector_33
                0x00000000000007fc                __vector_47
                0x00000000000007fc                __vector_52
                0x00000000000007fc                __vector_37
                0x00000000000007fc                __vector_4
                0x00000000000007fc                __vector_44
                0x00000000000007fc                __vector_51
                0x00000000000007fc                __vector_9
                0x00000000000007fc                __vector_2
                0x00000000000007fc                __vector_21
                0x00000000000007fc                __vector_15
                0x00000000000007fc                __vector_36
                0x00000000000007fc                __vector_58
                0x00000000000007fc                __vector_29
                0x00000000000007fc                __vector_60
                0x00000000000007fc                __vector_40
                0x00000000000007fc                __vector_8
                0x00000000000007fc                __vector_26
                0x00000000000007fc                __vector_48
                0x00000000000007fc                __vector_14
                0x00000000000007fc                __vector_57
                0x00000000000007fc                __vector_53
                0x00000000000007fc                __vector_10
                0x00000000000007fc                __vector_50
                0x00000000000007fc                __vector_16
                0x00000000000007fc                __vector_59
                0x00000000000007fc                __vector_18
                0x00000000000007fc                __vector_20
                0x00000000000007fc                __vector_42

.text._Exit     0x0000000000000800        0x4
 .text._Exit    0x0000000000000800        0x4 c:/program files/microchip/xc8/v3.00/avr/bin/../lib/gcc/avr/5.4.0/../../../../avr/lib/avrxmega4/memx-const/mapped\libc.a(_Exit.o)
                0x0000000000000800                _Exit

.text.__dummy_fini
                0x0000000000000804        0x2
 .text.__dummy_fini
                0x0000000000000804        0x2 c:/program files/microchip/xc8/v3.00/avr/bin/../lib/gcc/avr/5.4.0/../../../../avr/lib/avrxmega4/memx-const/mapped\libc.a(exit.o)
                0x0000000000000804                _fini

.text.__dummy_funcs_on_exit
                0x0000000000000806        0x2
 .text.__dummy_funcs_on_exit
                0x0000000000000806        0x2 c:/program files/microchip/xc8/v3.00/avr/bin/../lib/gcc/avr/5.4.0/../../../../avr/lib/avrxmega4/memx-const/mapped\libc.a(exit.o)
                0x0000000000000806                __funcs_on_exit

.text.__dummy_simulator_exit
                0x0000000000000808        0x2
 .text.__dummy_simulator_exit
                0x0000000000000808        0x2 c:/program files/microchip/xc8/v3.00/avr/bin/../lib/gcc/avr/5.4.0/../../../../avr/lib/avrxmega4/memx-const/mapped\libc.a(exit.o)
                0x0000000000000808                __simulator_exit
