Archive member included to satisfy reference by file (symbol)

c:/program files/microchip/xc8/v3.00/avr/bin/../lib/gcc/avr/5.4.0/avrxmega4\libgcc.a(_copy_data.o)
                              build/default/production/mcc_generated_files/system/src/config_bits.o (__do_copy_data)
c:/program files/microchip/xc8/v3.00/avr/bin/../lib/gcc/avr/5.4.0/../../../../avr/lib/avrxmega4\libc.a(exit.o)
                              C:/Program Files/Microchip/MPLABX/v6.25/packs/Microchip/AVR-Dx_DFP/2.7.321/xc8/avr/lib/avrxmega4/crtavr128db28.o (exit)
c:/program files/microchip/xc8/v3.00/avr/bin/../lib/gcc/avr/5.4.0/../../../../avr/lib/avrxmega4\libc.a(_Exit.o)
                              c:/program files/microchip/xc8/v3.00/avr/bin/../lib/gcc/avr/5.4.0/../../../../avr/lib/avrxmega4\libc.a(exit.o) (_Exit)
c:/program files/microchip/xc8/v3.00/avr/bin/../lib/gcc/avr/5.4.0/avrxmega4\libgcc.a(_exit.o)
                              c:/program files/microchip/xc8/v3.00/avr/bin/../lib/gcc/avr/5.4.0/../../../../avr/lib/avrxmega4\libc.a(_Exit.o) (_exit)

Discarded input sections

 .data          0x0000000000000000        0x0 C:/Program Files/Microchip/MPLABX/v6.25/packs/Microchip/AVR-Dx_DFP/2.7.321/xc8/avr/lib/avrxmega4/crtavr128db28.o
 .bss           0x0000000000000000        0x0 C:/Program Files/Microchip/MPLABX/v6.25/packs/Microchip/AVR-Dx_DFP/2.7.321/xc8/avr/lib/avrxmega4/crtavr128db28.o
 .text          0x0000000000000000        0x0 build/default/production/mcc_generated_files/system/src/pins.o
 .data          0x0000000000000000        0x0 build/default/production/mcc_generated_files/system/src/pins.o
 .bss           0x0000000000000000        0x0 build/default/production/mcc_generated_files/system/src/pins.o
 .text          0x0000000000000000        0x0 build/default/production/mcc_generated_files/system/src/clock.o
 .data          0x0000000000000000        0x0 build/default/production/mcc_generated_files/system/src/clock.o
 .bss           0x0000000000000000        0x0 build/default/production/mcc_generated_files/system/src/clock.o
 .text.CFD_Enable
                0x0000000000000000       0x24 build/default/production/mcc_generated_files/system/src/clock.o
 .text.CFD_Disable
                0x0000000000000000       0x24 build/default/production/mcc_generated_files/system/src/clock.o
 .text          0x0000000000000000        0x0 build/default/production/mcc_generated_files/system/src/system.o
 .data          0x0000000000000000        0x0 build/default/production/mcc_generated_files/system/src/system.o
 .bss           0x0000000000000000        0x0 build/default/production/mcc_generated_files/system/src/system.o
 .text          0x0000000000000000        0x0 build/default/production/mcc_generated_files/system/src/protected_io.o
 .data          0x0000000000000000        0x0 build/default/production/mcc_generated_files/system/src/protected_io.o
 .bss           0x0000000000000000        0x0 build/default/production/mcc_generated_files/system/src/protected_io.o
 .text          0x0000000000000000        0x0 build/default/production/mcc_generated_files/system/src/config_bits.o
 .data          0x0000000000000000        0x0 build/default/production/mcc_generated_files/system/src/config_bits.o
 .bss           0x0000000000000000        0x0 build/default/production/mcc_generated_files/system/src/config_bits.o
 .text          0x0000000000000000        0x0 build/default/production/mcc_generated_files/system/src/interrupt.o
 .data          0x0000000000000000        0x0 build/default/production/mcc_generated_files/system/src/interrupt.o
 .bss           0x0000000000000000        0x0 build/default/production/mcc_generated_files/system/src/interrupt.o
 .text          0x0000000000000000        0x0 build/default/production/main.o
 .data          0x0000000000000000        0x0 build/default/production/main.o
 .bss           0x0000000000000000        0x0 build/default/production/main.o
 .text          0x0000000000000000        0x0 build/default/production/mcc_generated_files/i2c_client/src/twi0.o
 .data          0x0000000000000000        0x0 build/default/production/mcc_generated_files/i2c_client/src/twi0.o
 .bss           0x0000000000000000        0x0 build/default/production/mcc_generated_files/i2c_client/src/twi0.o
 .rodata.I2C0_MD
                0x0000000000000000       0x12 build/default/production/mcc_generated_files/i2c_client/src/twi0.o
 .text.TWI0_Deinitialize
                0x0000000000000000       0x50 build/default/production/mcc_generated_files/i2c_client/src/twi0.o
 .text.TWI0_WriteByte
                0x0000000000000000       0x20 build/default/production/mcc_generated_files/i2c_client/src/twi0.o
 .text.TWI0_ReadByte
                0x0000000000000000       0x16 build/default/production/mcc_generated_files/i2c_client/src/twi0.o
 .text.TWI0_ReadAddr
                0x0000000000000000       0x16 build/default/production/mcc_generated_files/i2c_client/src/twi0.o
 .text.TWI0_ErrorGet
                0x0000000000000000       0x1e build/default/production/mcc_generated_files/i2c_client/src/twi0.o
 .text.TWI0_TransferDirGet
                0x0000000000000000       0x28 build/default/production/mcc_generated_files/i2c_client/src/twi0.o
 .text.TWI0_LastByteAckStatusGet
                0x0000000000000000       0x28 build/default/production/mcc_generated_files/i2c_client/src/twi0.o
 .text.TWI0_CallbackRegister
                0x0000000000000000       0x2e build/default/production/mcc_generated_files/i2c_client/src/twi0.o
 .text          0x0000000000000000        0x0 c:/program files/microchip/xc8/v3.00/avr/bin/../lib/gcc/avr/5.4.0/avrxmega4\libgcc.a(_copy_data.o)
 .data          0x0000000000000000        0x0 c:/program files/microchip/xc8/v3.00/avr/bin/../lib/gcc/avr/5.4.0/avrxmega4\libgcc.a(_copy_data.o)
 .bss           0x0000000000000000        0x0 c:/program files/microchip/xc8/v3.00/avr/bin/../lib/gcc/avr/5.4.0/avrxmega4\libgcc.a(_copy_data.o)
 .text.libgcc.mul
                0x0000000000000000        0x0 c:/program files/microchip/xc8/v3.00/avr/bin/../lib/gcc/avr/5.4.0/avrxmega4\libgcc.a(_copy_data.o)
 .text.libgcc.div
                0x0000000000000000        0x0 c:/program files/microchip/xc8/v3.00/avr/bin/../lib/gcc/avr/5.4.0/avrxmega4\libgcc.a(_copy_data.o)
 .text.libgcc   0x0000000000000000        0x0 c:/program files/microchip/xc8/v3.00/avr/bin/../lib/gcc/avr/5.4.0/avrxmega4\libgcc.a(_copy_data.o)
 .text.libgcc.prologue
                0x0000000000000000        0x0 c:/program files/microchip/xc8/v3.00/avr/bin/../lib/gcc/avr/5.4.0/avrxmega4\libgcc.a(_copy_data.o)
 .text.libgcc.builtins
                0x0000000000000000        0x0 c:/program files/microchip/xc8/v3.00/avr/bin/../lib/gcc/avr/5.4.0/avrxmega4\libgcc.a(_copy_data.o)
 .text.libgcc.fmul
                0x0000000000000000        0x0 c:/program files/microchip/xc8/v3.00/avr/bin/../lib/gcc/avr/5.4.0/avrxmega4\libgcc.a(_copy_data.o)
 .text.libgcc.fixed
                0x0000000000000000        0x0 c:/program files/microchip/xc8/v3.00/avr/bin/../lib/gcc/avr/5.4.0/avrxmega4\libgcc.a(_copy_data.o)
 .text          0x0000000000000000        0x0 c:/program files/microchip/xc8/v3.00/avr/bin/../lib/gcc/avr/5.4.0/../../../../avr/lib/avrxmega4\libc.a(exit.o)
 .data          0x0000000000000000        0x0 c:/program files/microchip/xc8/v3.00/avr/bin/../lib/gcc/avr/5.4.0/../../../../avr/lib/avrxmega4\libc.a(exit.o)
 .bss           0x0000000000000000        0x0 c:/program files/microchip/xc8/v3.00/avr/bin/../lib/gcc/avr/5.4.0/../../../../avr/lib/avrxmega4\libc.a(exit.o)
 .stack.descriptors
                0x0000000000000000       0x73 c:/program files/microchip/xc8/v3.00/avr/bin/../lib/gcc/avr/5.4.0/../../../../avr/lib/avrxmega4\libc.a(exit.o)
 .text          0x0000000000000000        0x0 c:/program files/microchip/xc8/v3.00/avr/bin/../lib/gcc/avr/5.4.0/../../../../avr/lib/avrxmega4\libc.a(_Exit.o)
 .data          0x0000000000000000        0x0 c:/program files/microchip/xc8/v3.00/avr/bin/../lib/gcc/avr/5.4.0/../../../../avr/lib/avrxmega4\libc.a(_Exit.o)
 .bss           0x0000000000000000        0x0 c:/program files/microchip/xc8/v3.00/avr/bin/../lib/gcc/avr/5.4.0/../../../../avr/lib/avrxmega4\libc.a(_Exit.o)
 .stack.descriptors
                0x0000000000000000       0x13 c:/program files/microchip/xc8/v3.00/avr/bin/../lib/gcc/avr/5.4.0/../../../../avr/lib/avrxmega4\libc.a(_Exit.o)
 .text          0x0000000000000000        0x0 c:/program files/microchip/xc8/v3.00/avr/bin/../lib/gcc/avr/5.4.0/avrxmega4\libgcc.a(_exit.o)
 .data          0x0000000000000000        0x0 c:/program files/microchip/xc8/v3.00/avr/bin/../lib/gcc/avr/5.4.0/avrxmega4\libgcc.a(_exit.o)
 .bss           0x0000000000000000        0x0 c:/program files/microchip/xc8/v3.00/avr/bin/../lib/gcc/avr/5.4.0/avrxmega4\libgcc.a(_exit.o)
 .text.libgcc.mul
                0x0000000000000000        0x0 c:/program files/microchip/xc8/v3.00/avr/bin/../lib/gcc/avr/5.4.0/avrxmega4\libgcc.a(_exit.o)
 .text.libgcc.div
                0x0000000000000000        0x0 c:/program files/microchip/xc8/v3.00/avr/bin/../lib/gcc/avr/5.4.0/avrxmega4\libgcc.a(_exit.o)
 .text.libgcc   0x0000000000000000        0x0 c:/program files/microchip/xc8/v3.00/avr/bin/../lib/gcc/avr/5.4.0/avrxmega4\libgcc.a(_exit.o)
 .text.libgcc.prologue
                0x0000000000000000        0x0 c:/program files/microchip/xc8/v3.00/avr/bin/../lib/gcc/avr/5.4.0/avrxmega4\libgcc.a(_exit.o)
 .stack.descriptors
                0x0000000000000000       0x13 c:/program files/microchip/xc8/v3.00/avr/bin/../lib/gcc/avr/5.4.0/avrxmega4\libgcc.a(_exit.o)
 .text.libgcc.builtins
                0x0000000000000000        0x0 c:/program files/microchip/xc8/v3.00/avr/bin/../lib/gcc/avr/5.4.0/avrxmega4\libgcc.a(_exit.o)
 .text.libgcc.fmul
                0x0000000000000000        0x0 c:/program files/microchip/xc8/v3.00/avr/bin/../lib/gcc/avr/5.4.0/avrxmega4\libgcc.a(_exit.o)
 .text.libgcc.fixed
                0x0000000000000000        0x0 c:/program files/microchip/xc8/v3.00/avr/bin/../lib/gcc/avr/5.4.0/avrxmega4\libgcc.a(_exit.o)

Memory Configuration

Name             Origin             Length             Attributes
text             0x0000000000000000 0x0000000000020000 xr
data             0x0000000000804000 0x0000000000004000 rw !x
eeprom           0x0000000000810000 0x0000000000000200 rw !x
fuse             0x0000000000820000 0x0000000000000010 rw !x
lock             0x0000000000830000 0x0000000000000400 rw !x
signature        0x0000000000840000 0x0000000000000400 rw !x
user_signatures  0x0000000000850000 0x0000000000000400 rw !x
bootrow          0x0000000000860000 0x0000000000000400 rw !x
*default*        0x0000000000000000 0xffffffffffffffff

Linker script and memory map

Address of section .data set to 0x804000
                0x0000000000008000                __RODATA_PM_OFFSET__ = 0x8000
LOAD C:/Program Files/Microchip/MPLABX/v6.25/packs/Microchip/AVR-Dx_DFP/2.7.321/xc8/avr/lib/avrxmega4/crtavr128db28.o
                0x0000000000000001                __MPLAB_BUILD = 0x1
LOAD build/default/production/mcc_generated_files/system/src/pins.o
LOAD build/default/production/mcc_generated_files/system/src/clock.o
LOAD build/default/production/mcc_generated_files/system/src/system.o
LOAD build/default/production/mcc_generated_files/system/src/protected_io.o
LOAD build/default/production/mcc_generated_files/system/src/config_bits.o
LOAD build/default/production/mcc_generated_files/system/src/interrupt.o
LOAD build/default/production/main.o
LOAD build/default/production/mcc_generated_files/i2c_client/src/twi0.o
START GROUP
LOAD c:/program files/microchip/xc8/v3.00/avr/bin/../lib/gcc/avr/5.4.0/../../../../avr/lib/avrxmega4\libm.a
END GROUP
START GROUP
LOAD c:/program files/microchip/xc8/v3.00/avr/bin/../lib/gcc/avr/5.4.0/avrxmega4\libgcc.a
LOAD c:/program files/microchip/xc8/v3.00/avr/bin/../lib/gcc/avr/5.4.0/../../../../avr/lib/avrxmega4\libm.a
LOAD c:/program files/microchip/xc8/v3.00/avr/bin/../lib/gcc/avr/5.4.0/../../../../avr/lib/avrxmega4\libc.a
LOAD C:/Program Files/Microchip/MPLABX/v6.25/packs/Microchip/AVR-Dx_DFP/2.7.321/xc8/avr/lib/avrxmega4\libavr128db28.a
END GROUP
                [0x0000000000000000]                __TEXT_REGION_ORIGIN__ = DEFINED (__TEXT_REGION_ORIGIN__)?__TEXT_REGION_ORIGIN__:0x0
                [0x0000000000804000]                __DATA_REGION_ORIGIN__ = DEFINED (__DATA_REGION_ORIGIN__)?__DATA_REGION_ORIGIN__:0x802000
                [0x0000000000020000]                __TEXT_REGION_LENGTH__ = DEFINED (__TEXT_REGION_LENGTH__)?__TEXT_REGION_LENGTH__:0x100000
                [0x0000000000004000]                __DATA_REGION_LENGTH__ = DEFINED (__DATA_REGION_LENGTH__)?__DATA_REGION_LENGTH__:0xffa0
                [0x0000000000000200]                __EEPROM_REGION_LENGTH__ = DEFINED (__EEPROM_REGION_LENGTH__)?__EEPROM_REGION_LENGTH__:0x10000
                [0x0000000000000010]                __FUSE_REGION_LENGTH__ = DEFINED (__FUSE_REGION_LENGTH__)?__FUSE_REGION_LENGTH__:0x400
                0x0000000000000400                __LOCK_REGION_LENGTH__ = DEFINED (__LOCK_REGION_LENGTH__)?__LOCK_REGION_LENGTH__:0x400
                0x0000000000000400                __SIGNATURE_REGION_LENGTH__ = DEFINED (__SIGNATURE_REGION_LENGTH__)?__SIGNATURE_REGION_LENGTH__:0x400
                0x0000000000000400                __USER_SIGNATURE_REGION_LENGTH__ = DEFINED (__USER_SIGNATURE_REGION_LENGTH__)?__USER_SIGNATURE_REGION_LENGTH__:0x400
                0x0000000000000400                __BOOTROW_REGION_LENGTH__ = DEFINED (__BOOTROW_REGION_LENGTH__)?__BOOTROW_REGION_LENGTH__:0x400

.hash
 *(.hash)

.dynsym
 *(.dynsym)

.dynstr
 *(.dynstr)

.gnu.version
 *(.gnu.version)

.gnu.version_d
 *(.gnu.version_d)

.gnu.version_r
 *(.gnu.version_r)

.rel.init
 *(.rel.init)

.rela.init
 *(.rela.init)

.rel.text
 *(.rel.text)
 *(.rel.text.*)
 *(.rel.gnu.linkonce.t*)

.rela.text
 *(.rela.text)
 *(.rela.text.*)
 *(.rela.gnu.linkonce.t*)

.rel.fini
 *(.rel.fini)

.rela.fini
 *(.rela.fini)

.rel.rodata
 *(.rel.rodata)
 *(.rel.rodata.*)
 *(.rel.gnu.linkonce.r*)

.rela.rodata
 *(.rela.rodata)
 *(.rela.rodata.*)
 *(.rela.gnu.linkonce.r*)

.rel.data
 *(.rel.data)
 *(.rel.data.*)
 *(.rel.gnu.linkonce.d*)

.rela.data
 *(.rela.data)
 *(.rela.data.*)
 *(.rela.gnu.linkonce.d*)

.rel.ctors
 *(.rel.ctors)

.rela.ctors
 *(.rela.ctors)

.rel.dtors
 *(.rel.dtors)

.rela.dtors
 *(.rela.dtors)

.rel.got
 *(.rel.got)

.rela.got
 *(.rela.got)

.rel.bss
 *(.rel.bss)

.rela.bss
 *(.rela.bss)

.rel.plt
 *(.rel.plt)

.rela.plt
 *(.rela.plt)

.text           0x0000000000000000      0x106
 *(.vectors)
 .vectors       0x0000000000000000       0xa8 C:/Program Files/Microchip/MPLABX/v6.25/packs/Microchip/AVR-Dx_DFP/2.7.321/xc8/avr/lib/avrxmega4/crtavr128db28.o
                0x0000000000000000                __vector_default
                0x0000000000000000                __vectors
 *(.vectors)
 *(.progmem.gcc*)
 *(.dinit)
 .dinit         0x00000000000000a8        0x5 data_init
                0x00000000000000ae                . = ALIGN (0x2)
 *fill*         0x00000000000000ad        0x1 
                0x00000000000000ae                __trampolines_start = .
 *(.trampolines)
 .trampolines   0x00000000000000ae        0x0 linker stubs
 *(.trampolines*)
                0x00000000000000ae                __trampolines_end = .
 *libprintf_flt.a:*(.progmem.data)
 *libc.a:*(.progmem.data)
                0x00000000000000ae                . = ALIGN (0x2)
 *(.jumptables)
 *(.jumptables*)
 *(.lowtext)
 *(.lowtext*)
                0x00000000000000ae                __ctors_start = .
 *(.ctors)
                0x00000000000000ae                __ctors_end = .
                0x00000000000000ae                __dtors_start = .
 *(.dtors)
                0x00000000000000ae                __dtors_end = .
 SORT(*)(.ctors)
 SORT(*)(.dtors)
 *(.init0)
 .init0         0x00000000000000ae        0x0 C:/Program Files/Microchip/MPLABX/v6.25/packs/Microchip/AVR-Dx_DFP/2.7.321/xc8/avr/lib/avrxmega4/crtavr128db28.o
                0x00000000000000ae                __init
 *(.init0)
 *(.init1)
 *(.init1)
 *(.init2)
 .init2         0x00000000000000ae        0xc C:/Program Files/Microchip/MPLABX/v6.25/packs/Microchip/AVR-Dx_DFP/2.7.321/xc8/avr/lib/avrxmega4/crtavr128db28.o
 *(.init2)
 *(.init3)
 *(.init3)
 *(.init4)
 .init4         0x00000000000000ba       0x40 c:/program files/microchip/xc8/v3.00/avr/bin/../lib/gcc/avr/5.4.0/avrxmega4\libgcc.a(_copy_data.o)
                0x00000000000000ba                __do_copy_data
                0x00000000000000ec                __do_clear_bss
 *(.init4)
 *(.init5)
 *(.init5)
 *(.init6)
 *(.init6)
 *(.init7)
 *(.init7)
 *(.init8)
 *(.init8)
 *(.init9)
 .init9         0x00000000000000fa        0x8 C:/Program Files/Microchip/MPLABX/v6.25/packs/Microchip/AVR-Dx_DFP/2.7.321/xc8/avr/lib/avrxmega4/crtavr128db28.o
 *(.init9)
                0x0000000000000102                . = ALIGN (0x2)
 *(.fini9)
 .fini9         0x0000000000000102        0x0 c:/program files/microchip/xc8/v3.00/avr/bin/../lib/gcc/avr/5.4.0/avrxmega4\libgcc.a(_exit.o)
                0x0000000000000102                _exit
 *(.fini9)
 *(.fini8)
 *(.fini8)
 *(.fini7)
 *(.fini7)
 *(.fini6)
 *(.fini6)
 *(.fini5)
 *(.fini5)
 *(.fini4)
 *(.fini4)
 *(.fini3)
 *(.fini3)
 *(.fini2)
 *(.fini2)
 *(.fini1)
 *(.fini1)
 *(.fini0)
 .fini0         0x0000000000000102        0x4 c:/program files/microchip/xc8/v3.00/avr/bin/../lib/gcc/avr/5.4.0/avrxmega4\libgcc.a(_exit.o)
 *(.fini0)
                0x0000000000000106                _etext = .

.data           0x0000000000804000        0x0 load address 0x0000000000000106
                [!provide]                        PROVIDE (__data_start, .)
 *(.gnu.linkonce.d*)
 *(.gnu.linkonce.r*)
                0x0000000000804000                . = ALIGN (0x2)
                0x0000000000804000                _edata = .
                [!provide]                        PROVIDE (__data_end, .)

.bss            0x0000000000804000        0x0
                [!provide]                        PROVIDE (__bss_start, .)
 *(COMMON)
                [!provide]                        PROVIDE (__bss_end, .)
                0x0000000000000106                __data_load_start = LOADADDR (.data)
                0x0000000000000106                __data_load_end = (__data_load_start + SIZEOF (.data))

.noinit         0x0000000000804000        0x0
                [!provide]                        PROVIDE (__noinit_start, .)
 *(.noinit*)
                [!provide]                        PROVIDE (__noinit_end, .)
                0x0000000000804000                _end = .

.eeprom         0x0000000000810000        0x0
 *(.eeprom*)
                0x0000000000810000                __eeprom_end = .

.fuse           0x0000000000820000        0x9
 *(.fuse)
 .fuse          0x0000000000820000        0x9 build/default/production/mcc_generated_files/system/src/config_bits.o
                0x0000000000820000                __fuse
 *(.lfuse)
 *(.hfuse)
 *(.efuse)

.lock
 *(.lock*)

.signature
 *(.signature*)

.user_signatures
 *(.user_signatures*)

.bootrow
 *(.bootrow*)

.stab
 *(.stab)

.stabstr
 *(.stabstr)

.stab.excl
 *(.stab.excl)

.stab.exclstr
 *(.stab.exclstr)

.stab.index
 *(.stab.index)

.stab.indexstr
 *(.stab.indexstr)

.comment        0x0000000000000000       0x5b
 *(.comment)
 .comment       0x0000000000000000       0x2f build/default/production/mcc_generated_files/system/src/pins.o
                                         0x30 (size before relaxing)
 .comment       0x000000000000002f       0x30 build/default/production/mcc_generated_files/system/src/clock.o
 .comment       0x000000000000002f       0x30 build/default/production/mcc_generated_files/system/src/system.o
 .comment       0x000000000000002f       0x30 build/default/production/mcc_generated_files/system/src/config_bits.o
 .comment       0x000000000000002f       0x30 build/default/production/mcc_generated_files/system/src/interrupt.o
 .comment       0x000000000000002f       0x30 build/default/production/main.o
 .comment       0x000000000000002f       0x30 build/default/production/mcc_generated_files/i2c_client/src/twi0.o
 .comment       0x000000000000002f       0x2c c:/program files/microchip/xc8/v3.00/avr/bin/../lib/gcc/avr/5.4.0/../../../../avr/lib/avrxmega4\libc.a(exit.o)
                                         0x2d (size before relaxing)
 .comment       0x000000000000005b       0x2d c:/program files/microchip/xc8/v3.00/avr/bin/../lib/gcc/avr/5.4.0/../../../../avr/lib/avrxmega4\libc.a(_Exit.o)

.stack.descriptors.hdr
                0x0000000000000000       0x2a
 .stack.descriptors.hdr
                0x0000000000000000        0xe c:/program files/microchip/xc8/v3.00/avr/bin/../lib/gcc/avr/5.4.0/../../../../avr/lib/avrxmega4\libc.a(exit.o)
 .stack.descriptors.hdr
                0x000000000000000e        0xe c:/program files/microchip/xc8/v3.00/avr/bin/../lib/gcc/avr/5.4.0/../../../../avr/lib/avrxmega4\libc.a(_Exit.o)
 .stack.descriptors.hdr
                0x000000000000001c        0xe c:/program files/microchip/xc8/v3.00/avr/bin/../lib/gcc/avr/5.4.0/avrxmega4\libgcc.a(_exit.o)

.note.GNU-stack
                0x0000000000000000        0x0
 .note.GNU-stack
                0x0000000000000000        0x0 c:/program files/microchip/xc8/v3.00/avr/bin/../lib/gcc/avr/5.4.0/../../../../avr/lib/avrxmega4\libc.a(exit.o)
 .note.GNU-stack
                0x0000000000000000        0x0 c:/program files/microchip/xc8/v3.00/avr/bin/../lib/gcc/avr/5.4.0/../../../../avr/lib/avrxmega4\libc.a(_Exit.o)

.note.gnu.build-id
 *(.note.gnu.build-id)

.debug
 *(.debug)

.line
 *(.line)

.debug_srcinfo
 *(.debug_srcinfo)

.debug_sfnames
 *(.debug_sfnames)

.debug_aranges  0x0000000000000000      0x1b0
 *(.debug_aranges)
 .debug_aranges
                0x0000000000000000       0x60 build/default/production/mcc_generated_files/system/src/pins.o
 .debug_aranges
                0x0000000000000060       0x38 build/default/production/mcc_generated_files/system/src/clock.o
 .debug_aranges
                0x0000000000000098       0x20 build/default/production/mcc_generated_files/system/src/system.o
 .debug_aranges
                0x00000000000000b8       0x20 build/default/production/mcc_generated_files/system/src/protected_io.o
 .debug_aranges
                0x00000000000000d8       0x18 build/default/production/mcc_generated_files/system/src/config_bits.o
 .debug_aranges
                0x00000000000000f0       0x28 build/default/production/mcc_generated_files/system/src/interrupt.o
 .debug_aranges
                0x0000000000000118       0x20 build/default/production/main.o
 .debug_aranges
                0x0000000000000138       0x78 build/default/production/mcc_generated_files/i2c_client/src/twi0.o

.debug_pubnames
 *(.debug_pubnames)

.debug_info     0x0000000000000000     0x55ad
 *(.debug_info .gnu.linkonce.wi.*)
 .debug_info    0x0000000000000000     0x272b C:/Program Files/Microchip/MPLABX/v6.25/packs/Microchip/AVR-Dx_DFP/2.7.321/xc8/avr/lib/avrxmega4/crtavr128db28.o
 .debug_info    0x000000000000272b      0x78b build/default/production/mcc_generated_files/system/src/pins.o
 .debug_info    0x0000000000002eb6      0xb43 build/default/production/mcc_generated_files/system/src/clock.o
 .debug_info    0x00000000000039f9      0x269 build/default/production/mcc_generated_files/system/src/system.o
 .debug_info    0x0000000000003c62       0x78 build/default/production/mcc_generated_files/system/src/protected_io.o
 .debug_info    0x0000000000003cda      0x86b build/default/production/mcc_generated_files/system/src/config_bits.o
 .debug_info    0x0000000000004545      0x37a build/default/production/mcc_generated_files/system/src/interrupt.o
 .debug_info    0x00000000000048bf      0x23f build/default/production/main.o
 .debug_info    0x0000000000004afe      0xaaf build/default/production/mcc_generated_files/i2c_client/src/twi0.o

.debug_abbrev   0x0000000000000000     0x2ac1
 *(.debug_abbrev)
 .debug_abbrev  0x0000000000000000     0x2518 C:/Program Files/Microchip/MPLABX/v6.25/packs/Microchip/AVR-Dx_DFP/2.7.321/xc8/avr/lib/avrxmega4/crtavr128db28.o
 .debug_abbrev  0x0000000000002518      0x10f build/default/production/mcc_generated_files/system/src/pins.o
 .debug_abbrev  0x0000000000002627       0xec build/default/production/mcc_generated_files/system/src/clock.o
 .debug_abbrev  0x0000000000002713       0x39 build/default/production/mcc_generated_files/system/src/system.o
 .debug_abbrev  0x000000000000274c       0x14 build/default/production/mcc_generated_files/system/src/protected_io.o
 .debug_abbrev  0x0000000000002760       0x97 build/default/production/mcc_generated_files/system/src/config_bits.o
 .debug_abbrev  0x00000000000027f7       0xc0 build/default/production/mcc_generated_files/system/src/interrupt.o
 .debug_abbrev  0x00000000000028b7       0x3b build/default/production/main.o
 .debug_abbrev  0x00000000000028f2      0x1cf build/default/production/mcc_generated_files/i2c_client/src/twi0.o

.debug_line     0x0000000000000000      0xe90
 *(.debug_line .debug_line.* .debug_line_end)
 .debug_line    0x0000000000000000      0x193 C:/Program Files/Microchip/MPLABX/v6.25/packs/Microchip/AVR-Dx_DFP/2.7.321/xc8/avr/lib/avrxmega4/crtavr128db28.o
 .debug_line    0x0000000000000193      0x33e build/default/production/mcc_generated_files/system/src/pins.o
 .debug_line    0x00000000000004d1      0x1ee build/default/production/mcc_generated_files/system/src/clock.o
 .debug_line    0x00000000000006bf       0x73 build/default/production/mcc_generated_files/system/src/system.o
 .debug_line    0x0000000000000732       0x73 build/default/production/mcc_generated_files/system/src/protected_io.o
 .debug_line    0x00000000000007a5      0x103 build/default/production/mcc_generated_files/system/src/config_bits.o
 .debug_line    0x00000000000008a8      0x17e build/default/production/mcc_generated_files/system/src/interrupt.o
 .debug_line    0x0000000000000a26       0x44 build/default/production/main.o
 .debug_line    0x0000000000000a6a      0x426 build/default/production/mcc_generated_files/i2c_client/src/twi0.o

.debug_frame    0x0000000000000000      0x500
 *(.debug_frame)
 .debug_frame   0x0000000000000000      0x1d8 build/default/production/mcc_generated_files/system/src/pins.o
 .debug_frame   0x00000000000001d8       0x94 build/default/production/mcc_generated_files/system/src/clock.o
 .debug_frame   0x000000000000026c       0x34 build/default/production/mcc_generated_files/system/src/system.o
 .debug_frame   0x00000000000002a0       0x54 build/default/production/mcc_generated_files/system/src/interrupt.o
 .debug_frame   0x00000000000002f4       0x34 build/default/production/main.o
 .debug_frame   0x0000000000000328      0x1d8 build/default/production/mcc_generated_files/i2c_client/src/twi0.o

.debug_str      0x0000000000000000     0x114e
 *(.debug_str)
 .debug_str     0x0000000000000000     0x111e C:/Program Files/Microchip/MPLABX/v6.25/packs/Microchip/AVR-Dx_DFP/2.7.321/xc8/avr/lib/avrxmega4/crtavr128db28.o
 .debug_str     0x000000000000111e       0x30 build/default/production/mcc_generated_files/system/src/pins.o
 .debug_str     0x000000000000114e        0x0 build/default/production/mcc_generated_files/system/src/clock.o
 .debug_str     0x000000000000114e        0x0 build/default/production/mcc_generated_files/system/src/system.o
 .debug_str     0x000000000000114e        0x0 build/default/production/mcc_generated_files/system/src/config_bits.o
 .debug_str     0x000000000000114e        0x0 build/default/production/mcc_generated_files/system/src/interrupt.o
 .debug_str     0x000000000000114e        0x0 build/default/production/main.o
 .debug_str     0x000000000000114e        0x0 build/default/production/mcc_generated_files/i2c_client/src/twi0.o

.debug_loc
 *(.debug_loc)

.debug_macinfo
 *(.debug_macinfo)

.debug_weaknames
 *(.debug_weaknames)

.debug_funcnames
 *(.debug_funcnames)

.debug_typenames
 *(.debug_typenames)

.debug_varnames
 *(.debug_varnames)

.debug_pubtypes
 *(.debug_pubtypes)

.debug_ranges   0x0000000000000000      0x118
 *(.debug_ranges)
 .debug_ranges  0x0000000000000000       0x50 build/default/production/mcc_generated_files/system/src/pins.o
 .debug_ranges  0x0000000000000050       0x28 build/default/production/mcc_generated_files/system/src/clock.o
 .debug_ranges  0x0000000000000078       0x10 build/default/production/mcc_generated_files/system/src/system.o
 .debug_ranges  0x0000000000000088       0x18 build/default/production/mcc_generated_files/system/src/interrupt.o
 .debug_ranges  0x00000000000000a0       0x10 build/default/production/main.o
 .debug_ranges  0x00000000000000b0       0x68 build/default/production/mcc_generated_files/i2c_client/src/twi0.o

.debug_macro
 *(.debug_macro)
OUTPUT(dist/default/production/TWI.X.production.elf elf32-avr)
LOAD linker stubs
LOAD data_init

.note.gnu.avr.deviceinfo
                0x0000000000000000       0x40
 .note.gnu.avr.deviceinfo
                0x0000000000000000       0x40 C:/Program Files/Microchip/MPLABX/v6.25/packs/Microchip/AVR-Dx_DFP/2.7.321/xc8/avr/lib/avrxmega4/crtavr128db28.o

.bss.IO_PA3_InterruptHandler
                0x0000000000804000        0x2
 .bss.IO_PA3_InterruptHandler
                0x0000000000804000        0x2 build/default/production/mcc_generated_files/system/src/pins.o

.bss.IO_PA2_InterruptHandler
                0x0000000000804002        0x2
 .bss.IO_PA2_InterruptHandler
                0x0000000000804002        0x2 build/default/production/mcc_generated_files/system/src/pins.o

.bss.twi0matchedAddress
                0x0000000000804004        0x2
 .bss.twi0matchedAddress
                0x0000000000804004        0x2 build/default/production/mcc_generated_files/i2c_client/src/twi0.o

.bss.twi0ErrorState
                0x0000000000804008        0x1
 .bss.twi0ErrorState
                0x0000000000804008        0x1 build/default/production/mcc_generated_files/i2c_client/src/twi0.o

.bss.TWI0_InterruptHandler
                0x0000000000804006        0x2
 .bss.TWI0_InterruptHandler
                0x0000000000804006        0x2 build/default/production/mcc_generated_files/i2c_client/src/twi0.o

.bss.isAddressByte.4016
                0x0000000000804009        0x1
 .bss.isAddressByte.4016
                0x0000000000804009        0x1 build/default/production/mcc_generated_files/i2c_client/src/twi0.o

.text.PIN_MANAGER_Initialize
                0x0000000000000106      0x1b0
 .text.PIN_MANAGER_Initialize
                0x0000000000000106      0x1b0 build/default/production/mcc_generated_files/system/src/pins.o
                0x0000000000000106                PIN_MANAGER_Initialize

.text.TWI0_EventHandler
                0x00000000000002b6      0x17c
 .text.TWI0_EventHandler
                0x00000000000002b6      0x17c build/default/production/mcc_generated_files/i2c_client/src/twi0.o

.text.__vector_18
                0x0000000000000432       0xaa
 .text.__vector_18
                0x0000000000000432       0xaa build/default/production/mcc_generated_files/i2c_client/src/twi0.o
                0x0000000000000432                __vector_18

.text.__vector_8
                0x00000000000004dc       0xa4
 .text.__vector_8
                0x00000000000004dc       0xa4 build/default/production/mcc_generated_files/system/src/pins.o
                0x00000000000004dc                __vector_8

.text.CLOCK_Initialize
                0x0000000000000580       0x94
 .text.CLOCK_Initialize
                0x0000000000000580       0x94 build/default/production/mcc_generated_files/system/src/clock.o
                0x0000000000000580                CLOCK_Initialize

.text.TWI0_ErrorEventHandler
                0x0000000000000614       0x68
 .text.TWI0_ErrorEventHandler
                0x0000000000000614       0x68 build/default/production/mcc_generated_files/i2c_client/src/twi0.o

.text.TWI0_Initialize
                0x000000000000067c       0x5c
 .text.TWI0_Initialize
                0x000000000000067c       0x5c build/default/production/mcc_generated_files/i2c_client/src/twi0.o
                0x000000000000067c                TWI0_Initialize

.text.__vector_30
                0x00000000000006d8       0x48
 .text.__vector_30
                0x00000000000006d8       0x48 build/default/production/mcc_generated_files/system/src/pins.o
                0x00000000000006d8                __vector_30

.text.__vector_24
                0x0000000000000720       0x48
 .text.__vector_24
                0x0000000000000720       0x48 build/default/production/mcc_generated_files/system/src/pins.o
                0x0000000000000720                __vector_24

.text.__vector_35
                0x0000000000000768       0x48
 .text.__vector_35
                0x0000000000000768       0x48 build/default/production/mcc_generated_files/system/src/pins.o
                0x0000000000000768                __vector_35

.text.ccp_write_io
                0x00000000000007b0       0x2c
 .text.ccp_write_io
                0x00000000000007b0       0x2c build/default/production/mcc_generated_files/system/src/clock.o

.text.ccp_write_io
                0x00000000000007dc       0x2c
 .text.ccp_write_io
                0x00000000000007dc       0x2c build/default/production/mcc_generated_files/system/src/interrupt.o

.text.CPUINT_Initialize
                0x0000000000000808       0x2c
 .text.CPUINT_Initialize
                0x0000000000000808       0x2c build/default/production/mcc_generated_files/system/src/interrupt.o
                0x0000000000000808                CPUINT_Initialize

.text.IO_PA3_SetInterruptHandler
                0x0000000000000834       0x26
 .text.IO_PA3_SetInterruptHandler
                0x0000000000000834       0x26 build/default/production/mcc_generated_files/system/src/pins.o
                0x0000000000000834                IO_PA3_SetInterruptHandler

.text.IO_PA2_SetInterruptHandler
                0x000000000000085a       0x26
 .text.IO_PA2_SetInterruptHandler
                0x000000000000085a       0x26 build/default/production/mcc_generated_files/system/src/pins.o
                0x000000000000085a                IO_PA2_SetInterruptHandler

.text.SYSTEM_Initialize
                0x0000000000000880       0x20
 .text.SYSTEM_Initialize
                0x0000000000000880       0x20 build/default/production/mcc_generated_files/system/src/system.o
                0x0000000000000880                SYSTEM_Initialize

.text.exit      0x00000000000008a0       0x16
 .text.exit     0x00000000000008a0       0x16 c:/program files/microchip/xc8/v3.00/avr/bin/../lib/gcc/avr/5.4.0/../../../../avr/lib/avrxmega4\libc.a(exit.o)
                0x00000000000008a0                exit

.text.IO_PA3_DefaultInterruptHandler
                0x00000000000008b6       0x10
 .text.IO_PA3_DefaultInterruptHandler
                0x00000000000008b6       0x10 build/default/production/mcc_generated_files/system/src/pins.o
                0x00000000000008b6                IO_PA3_DefaultInterruptHandler

.text.IO_PA2_DefaultInterruptHandler
                0x00000000000008c6       0x10
 .text.IO_PA2_DefaultInterruptHandler
                0x00000000000008c6       0x10 build/default/production/mcc_generated_files/system/src/pins.o
                0x00000000000008c6                IO_PA2_DefaultInterruptHandler

.text.main      0x00000000000008d6        0xe
 .text.main     0x00000000000008d6        0xe build/default/production/main.o
                0x00000000000008d6                main

.text.protected_write_io
                0x00000000000008e4        0xa
 .text.protected_write_io
                0x00000000000008e4        0xa build/default/production/mcc_generated_files/system/src/protected_io.o
                0x00000000000008e4                protected_write_io

.text           0x00000000000008ee        0x4
 .text          0x00000000000008ee        0x4 C:/Program Files/Microchip/MPLABX/v6.25/packs/Microchip/AVR-Dx_DFP/2.7.321/xc8/avr/lib/avrxmega4/crtavr128db28.o
                0x00000000000008ee                __vector_38
                0x00000000000008ee                __vector_22
                0x00000000000008ee                __vector_28
                0x00000000000008ee                __vector_1
                0x00000000000008ee                __vector_32
                0x00000000000008ee                __vector_34
                0x00000000000008ee                __vector_12
                0x00000000000008ee                __bad_interrupt
                0x00000000000008ee                __vector_6
                0x00000000000008ee                __vector_31
                0x00000000000008ee                __vector_39
                0x00000000000008ee                __vector_3
                0x00000000000008ee                __vector_23
                0x00000000000008ee                __vector_25
                0x00000000000008ee                __vector_11
                0x00000000000008ee                __vector_13
                0x00000000000008ee                __vector_17
                0x00000000000008ee                __vector_19
                0x00000000000008ee                __vector_7
                0x00000000000008ee                __vector_41
                0x00000000000008ee                __vector_27
                0x00000000000008ee                __vector_5
                0x00000000000008ee                __vector_33
                0x00000000000008ee                __vector_37
                0x00000000000008ee                __vector_4
                0x00000000000008ee                __vector_9
                0x00000000000008ee                __vector_2
                0x00000000000008ee                __vector_21
                0x00000000000008ee                __vector_15
                0x00000000000008ee                __vector_36
                0x00000000000008ee                __vector_29
                0x00000000000008ee                __vector_40
                0x00000000000008ee                __vector_26
                0x00000000000008ee                __vector_14
                0x00000000000008ee                __vector_10
                0x00000000000008ee                __vector_16
                0x00000000000008ee                __vector_20

.text._Exit     0x00000000000008f2        0x4
 .text._Exit    0x00000000000008f2        0x4 c:/program files/microchip/xc8/v3.00/avr/bin/../lib/gcc/avr/5.4.0/../../../../avr/lib/avrxmega4\libc.a(_Exit.o)
                0x00000000000008f2                _Exit

.text.__dummy_fini
                0x00000000000008f6        0x2
 .text.__dummy_fini
                0x00000000000008f6        0x2 c:/program files/microchip/xc8/v3.00/avr/bin/../lib/gcc/avr/5.4.0/../../../../avr/lib/avrxmega4\libc.a(exit.o)
                0x00000000000008f6                _fini

.text.__dummy_funcs_on_exit
                0x00000000000008f8        0x2
 .text.__dummy_funcs_on_exit
                0x00000000000008f8        0x2 c:/program files/microchip/xc8/v3.00/avr/bin/../lib/gcc/avr/5.4.0/../../../../avr/lib/avrxmega4\libc.a(exit.o)
                0x00000000000008f8                __funcs_on_exit

.text.__dummy_simulator_exit
                0x00000000000008fa        0x2
 .text.__dummy_simulator_exit
                0x00000000000008fa        0x2 c:/program files/microchip/xc8/v3.00/avr/bin/../lib/gcc/avr/5.4.0/../../../../avr/lib/avrxmega4\libc.a(exit.o)
                0x00000000000008fa                __simulator_exit
