Archive member included to satisfy reference by file (symbol)

c:/program files/microchip/xc8/v3.00/avr/bin/../lib/gcc/avr/5.4.0/avrxmega4/memx-const/mapped\libgcc.a(_tablejump2.o)
                              build/default/debug/leds.o (__tablejump2__)
c:/program files/microchip/xc8/v3.00/avr/bin/../lib/gcc/avr/5.4.0/avrxmega4/memx-const/mapped\libgcc.a(_copy_data.o)
                              build/default/debug/ECU-main.o (__do_clear_bss)
c:/program files/microchip/xc8/v3.00/avr/bin/../lib/gcc/avr/5.4.0/../../../../avr/lib/avrxmega4/memx-const/mapped\libc.a(exit.o)
                              C:/Program Files/Microchip/MPLABX/v6.20/packs/Microchip/AVR-Dx_DFP/2.4.286/xc8/avr/lib/avrxmega4/memx-const/mapped/crtavr128db28.o (exit)
c:/program files/microchip/xc8/v3.00/avr/bin/../lib/gcc/avr/5.4.0/../../../../avr/lib/avrxmega4/memx-const/mapped\libc.a(_Exit.o)
                              c:/program files/microchip/xc8/v3.00/avr/bin/../lib/gcc/avr/5.4.0/../../../../avr/lib/avrxmega4/memx-const/mapped\libc.a(exit.o) (_Exit)
c:/program files/microchip/xc8/v3.00/avr/bin/../lib/gcc/avr/5.4.0/avrxmega4/memx-const/mapped\libgcc.a(_exit.o)
                              c:/program files/microchip/xc8/v3.00/avr/bin/../lib/gcc/avr/5.4.0/../../../../avr/lib/avrxmega4/memx-const/mapped\libc.a(_Exit.o) (_exit)

Discarded input sections

 .data          0x0000000000000000        0x0 C:/Program Files/Microchip/MPLABX/v6.20/packs/Microchip/AVR-Dx_DFP/2.4.286/xc8/avr/lib/avrxmega4/memx-const/mapped/crtavr128db28.o
 .bss           0x0000000000000000        0x0 C:/Program Files/Microchip/MPLABX/v6.20/packs/Microchip/AVR-Dx_DFP/2.4.286/xc8/avr/lib/avrxmega4/memx-const/mapped/crtavr128db28.o
 .text          0x0000000000000000        0x0 build/default/debug/peripherals/TWI/TWI_host.o
 .data          0x0000000000000000        0x0 build/default/debug/peripherals/TWI/TWI_host.o
 .bss           0x0000000000000000        0x0 build/default/debug/peripherals/TWI/TWI_host.o
 .text.TWI_sendBytes
                0x0000000000000000       0x2a build/default/debug/peripherals/TWI/TWI_host.o
 .text.TWI_readBytes
                0x0000000000000000       0x2c build/default/debug/peripherals/TWI/TWI_host.o
 .text.TWI_sendAndReadBytes
                0x0000000000000000       0x90 build/default/debug/peripherals/TWI/TWI_host.o
 .text          0x0000000000000000        0x0 build/default/debug/ECU-main.o
 .data          0x0000000000000000        0x0 build/default/debug/ECU-main.o
 .bss           0x0000000000000000        0x0 build/default/debug/ECU-main.o
 .text          0x0000000000000000        0x0 build/default/debug/advanced_IO.o
 .data          0x0000000000000000        0x0 build/default/debug/advanced_IO.o
 .bss           0x0000000000000000        0x0 build/default/debug/advanced_IO.o
 .text.advancedIO_setRegister
                0x0000000000000000       0x14 build/default/debug/advanced_IO.o
 .text.advancedIO_getRegister
                0x0000000000000000       0x14 build/default/debug/advanced_IO.o
 .text.advancedIO_getPinState
                0x0000000000000000       0x14 build/default/debug/advanced_IO.o
 .text.advancedIO_toggleBitsInRegister
                0x0000000000000000       0x1c build/default/debug/advanced_IO.o
 .text.advancedIO_setOutputsHigh
                0x0000000000000000       0x18 build/default/debug/advanced_IO.o
 .text.advancedIO_setOutputsLow
                0x0000000000000000       0x1a build/default/debug/advanced_IO.o
 .text.advancedIO_setPinsAsInputs
                0x0000000000000000       0x18 build/default/debug/advanced_IO.o
 .text.advancedIO_setPinsAsOutputs
                0x0000000000000000       0x1a build/default/debug/advanced_IO.o
 .text.advancedIO_resetToDefault
                0x0000000000000000       0x2e build/default/debug/advanced_IO.o
 .text.advancedIO_performMemoryOP
                0x0000000000000000       0x2e build/default/debug/advanced_IO.o
 .bss.memBlock  0x0000000000000000        0x4 build/default/debug/advanced_IO.o
 .text          0x0000000000000000        0x0 build/default/debug/buzzer.o
 .data          0x0000000000000000        0x0 build/default/debug/buzzer.o
 .bss           0x0000000000000000        0x0 build/default/debug/buzzer.o
 .debug_info    0x0000000000000000      0x26d build/default/debug/buzzer.o
 .debug_abbrev  0x0000000000000000       0x1b build/default/debug/buzzer.o
 .debug_aranges
                0x0000000000000000       0x18 build/default/debug/buzzer.o
 .debug_line    0x0000000000000000       0x1a build/default/debug/buzzer.o
 .debug_str     0x0000000000000000        0x0 build/default/debug/buzzer.o
 .comment       0x0000000000000000       0x30 build/default/debug/buzzer.o
 .text          0x0000000000000000        0x0 build/default/debug/leds.o
 .data          0x0000000000000000        0x0 build/default/debug/leds.o
 .bss           0x0000000000000000        0x0 build/default/debug/leds.o
 .text          0x0000000000000000        0x0 build/default/debug/systemTime.o
 .data          0x0000000000000000        0x0 build/default/debug/systemTime.o
 .bss           0x0000000000000000        0x0 build/default/debug/systemTime.o
 .bss.CURRENT_TIME
                0x0000000000000000        0x2 build/default/debug/systemTime.o
 .text          0x0000000000000000        0x0 build/default/debug/bluetoothM.o
 .data          0x0000000000000000        0x0 build/default/debug/bluetoothM.o
 .bss           0x0000000000000000        0x0 build/default/debug/bluetoothM.o
 .text          0x0000000000000000        0x0 c:/program files/microchip/xc8/v3.00/avr/bin/../lib/gcc/avr/5.4.0/avrxmega4/memx-const/mapped\libgcc.a(_tablejump2.o)
 .data          0x0000000000000000        0x0 c:/program files/microchip/xc8/v3.00/avr/bin/../lib/gcc/avr/5.4.0/avrxmega4/memx-const/mapped\libgcc.a(_tablejump2.o)
 .bss           0x0000000000000000        0x0 c:/program files/microchip/xc8/v3.00/avr/bin/../lib/gcc/avr/5.4.0/avrxmega4/memx-const/mapped\libgcc.a(_tablejump2.o)
 .text.libgcc.mul
                0x0000000000000000        0x0 c:/program files/microchip/xc8/v3.00/avr/bin/../lib/gcc/avr/5.4.0/avrxmega4/memx-const/mapped\libgcc.a(_tablejump2.o)
 .text.libgcc.div
                0x0000000000000000        0x0 c:/program files/microchip/xc8/v3.00/avr/bin/../lib/gcc/avr/5.4.0/avrxmega4/memx-const/mapped\libgcc.a(_tablejump2.o)
 .text.libgcc.prologue
                0x0000000000000000        0x0 c:/program files/microchip/xc8/v3.00/avr/bin/../lib/gcc/avr/5.4.0/avrxmega4/memx-const/mapped\libgcc.a(_tablejump2.o)
 .stack.descriptors
                0x0000000000000000       0x1c c:/program files/microchip/xc8/v3.00/avr/bin/../lib/gcc/avr/5.4.0/avrxmega4/memx-const/mapped\libgcc.a(_tablejump2.o)
 .text.libgcc.builtins
                0x0000000000000000        0x0 c:/program files/microchip/xc8/v3.00/avr/bin/../lib/gcc/avr/5.4.0/avrxmega4/memx-const/mapped\libgcc.a(_tablejump2.o)
 .text.libgcc.fmul
                0x0000000000000000        0x0 c:/program files/microchip/xc8/v3.00/avr/bin/../lib/gcc/avr/5.4.0/avrxmega4/memx-const/mapped\libgcc.a(_tablejump2.o)
 .text.libgcc.fixed
                0x0000000000000000        0x0 c:/program files/microchip/xc8/v3.00/avr/bin/../lib/gcc/avr/5.4.0/avrxmega4/memx-const/mapped\libgcc.a(_tablejump2.o)
 .text          0x0000000000000000        0x0 c:/program files/microchip/xc8/v3.00/avr/bin/../lib/gcc/avr/5.4.0/avrxmega4/memx-const/mapped\libgcc.a(_copy_data.o)
 .data          0x0000000000000000        0x0 c:/program files/microchip/xc8/v3.00/avr/bin/../lib/gcc/avr/5.4.0/avrxmega4/memx-const/mapped\libgcc.a(_copy_data.o)
 .bss           0x0000000000000000        0x0 c:/program files/microchip/xc8/v3.00/avr/bin/../lib/gcc/avr/5.4.0/avrxmega4/memx-const/mapped\libgcc.a(_copy_data.o)
 .text.libgcc.mul
                0x0000000000000000        0x0 c:/program files/microchip/xc8/v3.00/avr/bin/../lib/gcc/avr/5.4.0/avrxmega4/memx-const/mapped\libgcc.a(_copy_data.o)
 .text.libgcc.div
                0x0000000000000000        0x0 c:/program files/microchip/xc8/v3.00/avr/bin/../lib/gcc/avr/5.4.0/avrxmega4/memx-const/mapped\libgcc.a(_copy_data.o)
 .text.libgcc   0x0000000000000000        0x0 c:/program files/microchip/xc8/v3.00/avr/bin/../lib/gcc/avr/5.4.0/avrxmega4/memx-const/mapped\libgcc.a(_copy_data.o)
 .text.libgcc.prologue
                0x0000000000000000        0x0 c:/program files/microchip/xc8/v3.00/avr/bin/../lib/gcc/avr/5.4.0/avrxmega4/memx-const/mapped\libgcc.a(_copy_data.o)
 .text.libgcc.builtins
                0x0000000000000000        0x0 c:/program files/microchip/xc8/v3.00/avr/bin/../lib/gcc/avr/5.4.0/avrxmega4/memx-const/mapped\libgcc.a(_copy_data.o)
 .text.libgcc.fmul
                0x0000000000000000        0x0 c:/program files/microchip/xc8/v3.00/avr/bin/../lib/gcc/avr/5.4.0/avrxmega4/memx-const/mapped\libgcc.a(_copy_data.o)
 .text.libgcc.fixed
                0x0000000000000000        0x0 c:/program files/microchip/xc8/v3.00/avr/bin/../lib/gcc/avr/5.4.0/avrxmega4/memx-const/mapped\libgcc.a(_copy_data.o)
 .text          0x0000000000000000        0x0 c:/program files/microchip/xc8/v3.00/avr/bin/../lib/gcc/avr/5.4.0/../../../../avr/lib/avrxmega4/memx-const/mapped\libc.a(exit.o)
 .data          0x0000000000000000        0x0 c:/program files/microchip/xc8/v3.00/avr/bin/../lib/gcc/avr/5.4.0/../../../../avr/lib/avrxmega4/memx-const/mapped\libc.a(exit.o)
 .bss           0x0000000000000000        0x0 c:/program files/microchip/xc8/v3.00/avr/bin/../lib/gcc/avr/5.4.0/../../../../avr/lib/avrxmega4/memx-const/mapped\libc.a(exit.o)
 .stack.descriptors
                0x0000000000000000       0x73 c:/program files/microchip/xc8/v3.00/avr/bin/../lib/gcc/avr/5.4.0/../../../../avr/lib/avrxmega4/memx-const/mapped\libc.a(exit.o)
 .text          0x0000000000000000        0x0 c:/program files/microchip/xc8/v3.00/avr/bin/../lib/gcc/avr/5.4.0/../../../../avr/lib/avrxmega4/memx-const/mapped\libc.a(_Exit.o)
 .data          0x0000000000000000        0x0 c:/program files/microchip/xc8/v3.00/avr/bin/../lib/gcc/avr/5.4.0/../../../../avr/lib/avrxmega4/memx-const/mapped\libc.a(_Exit.o)
 .bss           0x0000000000000000        0x0 c:/program files/microchip/xc8/v3.00/avr/bin/../lib/gcc/avr/5.4.0/../../../../avr/lib/avrxmega4/memx-const/mapped\libc.a(_Exit.o)
 .stack.descriptors
                0x0000000000000000       0x13 c:/program files/microchip/xc8/v3.00/avr/bin/../lib/gcc/avr/5.4.0/../../../../avr/lib/avrxmega4/memx-const/mapped\libc.a(_Exit.o)
 .text          0x0000000000000000        0x0 c:/program files/microchip/xc8/v3.00/avr/bin/../lib/gcc/avr/5.4.0/avrxmega4/memx-const/mapped\libgcc.a(_exit.o)
 .data          0x0000000000000000        0x0 c:/program files/microchip/xc8/v3.00/avr/bin/../lib/gcc/avr/5.4.0/avrxmega4/memx-const/mapped\libgcc.a(_exit.o)
 .bss           0x0000000000000000        0x0 c:/program files/microchip/xc8/v3.00/avr/bin/../lib/gcc/avr/5.4.0/avrxmega4/memx-const/mapped\libgcc.a(_exit.o)
 .text.libgcc.mul
                0x0000000000000000        0x0 c:/program files/microchip/xc8/v3.00/avr/bin/../lib/gcc/avr/5.4.0/avrxmega4/memx-const/mapped\libgcc.a(_exit.o)
 .text.libgcc.div
                0x0000000000000000        0x0 c:/program files/microchip/xc8/v3.00/avr/bin/../lib/gcc/avr/5.4.0/avrxmega4/memx-const/mapped\libgcc.a(_exit.o)
 .text.libgcc   0x0000000000000000        0x0 c:/program files/microchip/xc8/v3.00/avr/bin/../lib/gcc/avr/5.4.0/avrxmega4/memx-const/mapped\libgcc.a(_exit.o)
 .text.libgcc.prologue
                0x0000000000000000        0x0 c:/program files/microchip/xc8/v3.00/avr/bin/../lib/gcc/avr/5.4.0/avrxmega4/memx-const/mapped\libgcc.a(_exit.o)
 .stack.descriptors
                0x0000000000000000       0x13 c:/program files/microchip/xc8/v3.00/avr/bin/../lib/gcc/avr/5.4.0/avrxmega4/memx-const/mapped\libgcc.a(_exit.o)
 .text.libgcc.builtins
                0x0000000000000000        0x0 c:/program files/microchip/xc8/v3.00/avr/bin/../lib/gcc/avr/5.4.0/avrxmega4/memx-const/mapped\libgcc.a(_exit.o)
 .text.libgcc.fmul
                0x0000000000000000        0x0 c:/program files/microchip/xc8/v3.00/avr/bin/../lib/gcc/avr/5.4.0/avrxmega4/memx-const/mapped\libgcc.a(_exit.o)
 .text.libgcc.fixed
                0x0000000000000000        0x0 c:/program files/microchip/xc8/v3.00/avr/bin/../lib/gcc/avr/5.4.0/avrxmega4/memx-const/mapped\libgcc.a(_exit.o)

Memory Configuration

Name             Origin             Length             Attributes
text             0x0000000000000000 0x0000000000020000 xr
data             0x0000000000804000 0x0000000000004000 rw !x
eeprom           0x0000000000810000 0x0000000000000200 rw !x
fuse             0x0000000000820000 0x0000000000000010 rw !x
lock             0x0000000000830000 0x0000000000000400 rw !x
signature        0x0000000000840000 0x0000000000000400 rw !x
user_signatures  0x0000000000850000 0x0000000000000400 rw !x
bootrow          0x0000000000860000 0x0000000000000400 rw !x
*default*        0x0000000000000000 0xffffffffffffffff

Linker script and memory map

Address of section .data set to 0x804000
                0x0000000000008000                __RODATA_PM_OFFSET__ = 0x8000
LOAD C:/Program Files/Microchip/MPLABX/v6.20/packs/Microchip/AVR-Dx_DFP/2.4.286/xc8/avr/lib/avrxmega4/memx-const/mapped/crtavr128db28.o
                0x0000000000000001                __MPLAB_BUILD = 0x1
LOAD build/default/debug/peripherals/TWI/TWI_host.o
LOAD build/default/debug/ECU-main.o
LOAD build/default/debug/advanced_IO.o
LOAD build/default/debug/buzzer.o
LOAD build/default/debug/leds.o
LOAD build/default/debug/systemTime.o
LOAD build/default/debug/bluetoothM.o
START GROUP
LOAD c:/program files/microchip/xc8/v3.00/avr/bin/../lib/gcc/avr/5.4.0/../../../../avr/lib/avrxmega4/memx-const/mapped\libm.a
END GROUP
                0x0000000000000001                __MPLAB_DEBUG = 0x1
                0x0000000000000001                __DEBUG = 0x1
START GROUP
LOAD c:/program files/microchip/xc8/v3.00/avr/bin/../lib/gcc/avr/5.4.0/avrxmega4/memx-const/mapped\libgcc.a
LOAD c:/program files/microchip/xc8/v3.00/avr/bin/../lib/gcc/avr/5.4.0/../../../../avr/lib/avrxmega4/memx-const/mapped\libm.a
LOAD c:/program files/microchip/xc8/v3.00/avr/bin/../lib/gcc/avr/5.4.0/../../../../avr/lib/avrxmega4/memx-const/mapped\libc.a
LOAD C:/Program Files/Microchip/MPLABX/v6.20/packs/Microchip/AVR-Dx_DFP/2.4.286/xc8/avr/lib/avrxmega4/memx-const/mapped\libavr128db28.a
END GROUP
                [0x0000000000000000]                __TEXT_REGION_ORIGIN__ = DEFINED (__TEXT_REGION_ORIGIN__)?__TEXT_REGION_ORIGIN__:0x0
                [0x0000000000804000]                __DATA_REGION_ORIGIN__ = DEFINED (__DATA_REGION_ORIGIN__)?__DATA_REGION_ORIGIN__:0x802000
                [0x0000000000020000]                __TEXT_REGION_LENGTH__ = DEFINED (__TEXT_REGION_LENGTH__)?__TEXT_REGION_LENGTH__:0x100000
                [0x0000000000004000]                __DATA_REGION_LENGTH__ = DEFINED (__DATA_REGION_LENGTH__)?__DATA_REGION_LENGTH__:0xffa0
                [0x0000000000000200]                __EEPROM_REGION_LENGTH__ = DEFINED (__EEPROM_REGION_LENGTH__)?__EEPROM_REGION_LENGTH__:0x10000
                [0x0000000000000010]                __FUSE_REGION_LENGTH__ = DEFINED (__FUSE_REGION_LENGTH__)?__FUSE_REGION_LENGTH__:0x400
                0x0000000000000400                __LOCK_REGION_LENGTH__ = DEFINED (__LOCK_REGION_LENGTH__)?__LOCK_REGION_LENGTH__:0x400
                0x0000000000000400                __SIGNATURE_REGION_LENGTH__ = DEFINED (__SIGNATURE_REGION_LENGTH__)?__SIGNATURE_REGION_LENGTH__:0x400
                0x0000000000000400                __USER_SIGNATURE_REGION_LENGTH__ = DEFINED (__USER_SIGNATURE_REGION_LENGTH__)?__USER_SIGNATURE_REGION_LENGTH__:0x400
                0x0000000000000400                __BOOTROW_REGION_LENGTH__ = DEFINED (__BOOTROW_REGION_LENGTH__)?__BOOTROW_REGION_LENGTH__:0x400

.hash
 *(.hash)

.dynsym
 *(.dynsym)

.dynstr
 *(.dynstr)

.gnu.version
 *(.gnu.version)

.gnu.version_d
 *(.gnu.version_d)

.gnu.version_r
 *(.gnu.version_r)

.rel.init
 *(.rel.init)

.rela.init
 *(.rela.init)

.rel.text
 *(.rel.text)
 *(.rel.text.*)
 *(.rel.gnu.linkonce.t*)

.rela.text
 *(.rela.text)
 *(.rela.text.*)
 *(.rela.gnu.linkonce.t*)

.rel.fini
 *(.rel.fini)

.rela.fini
 *(.rela.fini)

.rel.rodata
 *(.rel.rodata)
 *(.rel.rodata.*)
 *(.rel.gnu.linkonce.r*)

.rela.rodata
 *(.rela.rodata)
 *(.rela.rodata.*)
 *(.rela.gnu.linkonce.r*)

.rel.data
 *(.rel.data)
 *(.rel.data.*)
 *(.rel.gnu.linkonce.d*)

.rela.data
 *(.rela.data)
 *(.rela.data.*)
 *(.rela.gnu.linkonce.d*)

.rel.ctors
 *(.rel.ctors)

.rela.ctors
 *(.rela.ctors)

.rel.dtors
 *(.rel.dtors)

.rela.dtors
 *(.rela.dtors)

.rel.got
 *(.rel.got)

.rela.got
 *(.rela.got)

.rel.bss
 *(.rel.bss)

.rela.bss
 *(.rela.bss)

.rel.plt
 *(.rel.plt)

.rela.plt
 *(.rela.plt)

.text           0x0000000000000000      0x138
 *(.vectors)
 .vectors       0x0000000000000000       0xa8 C:/Program Files/Microchip/MPLABX/v6.20/packs/Microchip/AVR-Dx_DFP/2.4.286/xc8/avr/lib/avrxmega4/memx-const/mapped/crtavr128db28.o
                0x0000000000000000                __vector_default
                0x0000000000000000                __vectors
 *(.vectors)
 *(.progmem.gcc*)
 .progmem.gcc_sw_table.LedOn
                0x00000000000000a8       0x10 build/default/debug/leds.o
 .progmem.gcc_sw_table.LedOff
                0x00000000000000b8       0x10 build/default/debug/leds.o
 *(.dinit)
 .dinit         0x00000000000000c8        0x5 data_init
                0x00000000000000ce                . = ALIGN (0x2)
 *fill*         0x00000000000000cd        0x1 
                0x00000000000000ce                __trampolines_start = .
 *(.trampolines)
 .trampolines   0x00000000000000ce        0x0 linker stubs
 *(.trampolines*)
                0x00000000000000ce                __trampolines_end = .
 *libprintf_flt.a:*(.progmem.data)
 *libc.a:*(.progmem.data)
                0x00000000000000ce                . = ALIGN (0x2)
 *(.jumptables)
 *(.jumptables*)
 *(.lowtext)
 *(.lowtext*)
                0x00000000000000ce                __ctors_start = .
 *(.ctors)
                0x00000000000000ce                __ctors_end = .
                0x00000000000000ce                __dtors_start = .
 *(.dtors)
                0x00000000000000ce                __dtors_end = .
 SORT(*)(.ctors)
 SORT(*)(.dtors)
 *(.init0)
 .init0         0x00000000000000ce        0x0 C:/Program Files/Microchip/MPLABX/v6.20/packs/Microchip/AVR-Dx_DFP/2.4.286/xc8/avr/lib/avrxmega4/memx-const/mapped/crtavr128db28.o
                0x00000000000000ce                __init
 *(.init0)
 *(.init1)
 .init1         0x00000000000000ce       0x12 C:/Program Files/Microchip/MPLABX/v6.20/packs/Microchip/AVR-Dx_DFP/2.4.286/xc8/avr/lib/avrxmega4/memx-const/mapped/crtavr128db28.o
 *(.init1)
 *(.init2)
 .init2         0x00000000000000e0        0xc C:/Program Files/Microchip/MPLABX/v6.20/packs/Microchip/AVR-Dx_DFP/2.4.286/xc8/avr/lib/avrxmega4/memx-const/mapped/crtavr128db28.o
 *(.init2)
 *(.init3)
 *(.init3)
 *(.init4)
 .init4         0x00000000000000ec       0x40 c:/program files/microchip/xc8/v3.00/avr/bin/../lib/gcc/avr/5.4.0/avrxmega4/memx-const/mapped\libgcc.a(_copy_data.o)
                0x00000000000000ec                __do_copy_data
                0x000000000000011e                __do_clear_bss
 *(.init4)
 *(.init5)
 *(.init5)
 *(.init6)
 *(.init6)
 *(.init7)
 *(.init7)
 *(.init8)
 *(.init8)
 *(.init9)
 .init9         0x000000000000012c        0x8 C:/Program Files/Microchip/MPLABX/v6.20/packs/Microchip/AVR-Dx_DFP/2.4.286/xc8/avr/lib/avrxmega4/memx-const/mapped/crtavr128db28.o
 *(.init9)
                0x0000000000000134                . = ALIGN (0x2)
 *(.fini9)
 .fini9         0x0000000000000134        0x0 c:/program files/microchip/xc8/v3.00/avr/bin/../lib/gcc/avr/5.4.0/avrxmega4/memx-const/mapped\libgcc.a(_exit.o)
                0x0000000000000134                _exit
 *(.fini9)
 *(.fini8)
 *(.fini8)
 *(.fini7)
 *(.fini7)
 *(.fini6)
 *(.fini6)
 *(.fini5)
 *(.fini5)
 *(.fini4)
 *(.fini4)
 *(.fini3)
 *(.fini3)
 *(.fini2)
 *(.fini2)
 *(.fini1)
 *(.fini1)
 *(.fini0)
 .fini0         0x0000000000000134        0x4 c:/program files/microchip/xc8/v3.00/avr/bin/../lib/gcc/avr/5.4.0/avrxmega4/memx-const/mapped\libgcc.a(_exit.o)
 *(.fini0)
                0x0000000000000138                _etext = .

.data           0x0000000000804000        0x0 load address 0x0000000000000138
                [!provide]                        PROVIDE (__data_start, .)
 *(.gnu.linkonce.d*)
 *(.gnu.linkonce.r*)
                0x0000000000804000                . = ALIGN (0x2)
                0x0000000000804000                _edata = .
                [!provide]                        PROVIDE (__data_end, .)

.bss            0x0000000000804000        0x0
                [!provide]                        PROVIDE (__bss_start, .)
 *(COMMON)
                [!provide]                        PROVIDE (__bss_end, .)
                0x0000000000000138                __data_load_start = LOADADDR (.data)
                0x0000000000000138                __data_load_end = (__data_load_start + SIZEOF (.data))

.noinit         0x0000000000804000        0x0
                [!provide]                        PROVIDE (__noinit_start, .)
 *(.noinit*)
                [!provide]                        PROVIDE (__noinit_end, .)
                0x0000000000804000                _end = .

.eeprom         0x0000000000810000        0x0
 *(.eeprom*)
                0x0000000000810000                __eeprom_end = .

.fuse
 *(.fuse)
 *(.lfuse)
 *(.hfuse)
 *(.efuse)

.lock
 *(.lock*)

.signature
 *(.signature*)

.user_signatures
 *(.user_signatures*)

.bootrow
 *(.bootrow*)

.stab
 *(.stab)

.stabstr
 *(.stabstr)

.stab.excl
 *(.stab.excl)

.stab.exclstr
 *(.stab.exclstr)

.stab.index
 *(.stab.index)

.stab.indexstr
 *(.stab.indexstr)

.comment        0x0000000000000000       0x5b
 *(.comment)
 .comment       0x0000000000000000       0x2f build/default/debug/peripherals/TWI/TWI_host.o
                                         0x30 (size before relaxing)
 .comment       0x000000000000002f       0x30 build/default/debug/ECU-main.o
 .comment       0x000000000000002f       0x30 build/default/debug/advanced_IO.o
 .comment       0x000000000000002f       0x30 build/default/debug/leds.o
 .comment       0x000000000000002f       0x30 build/default/debug/systemTime.o
 .comment       0x000000000000002f       0x30 build/default/debug/bluetoothM.o
 .comment       0x000000000000002f       0x2c c:/program files/microchip/xc8/v3.00/avr/bin/../lib/gcc/avr/5.4.0/../../../../avr/lib/avrxmega4/memx-const/mapped\libc.a(exit.o)
                                         0x2d (size before relaxing)
 .comment       0x000000000000005b       0x2d c:/program files/microchip/xc8/v3.00/avr/bin/../lib/gcc/avr/5.4.0/../../../../avr/lib/avrxmega4/memx-const/mapped\libc.a(_Exit.o)

.stack.descriptors.hdr
                0x0000000000000000       0x38
 .stack.descriptors.hdr
                0x0000000000000000        0xe c:/program files/microchip/xc8/v3.00/avr/bin/../lib/gcc/avr/5.4.0/avrxmega4/memx-const/mapped\libgcc.a(_tablejump2.o)
 .stack.descriptors.hdr
                0x000000000000000e        0xe c:/program files/microchip/xc8/v3.00/avr/bin/../lib/gcc/avr/5.4.0/../../../../avr/lib/avrxmega4/memx-const/mapped\libc.a(exit.o)
 .stack.descriptors.hdr
                0x000000000000001c        0xe c:/program files/microchip/xc8/v3.00/avr/bin/../lib/gcc/avr/5.4.0/../../../../avr/lib/avrxmega4/memx-const/mapped\libc.a(_Exit.o)
 .stack.descriptors.hdr
                0x000000000000002a        0xe c:/program files/microchip/xc8/v3.00/avr/bin/../lib/gcc/avr/5.4.0/avrxmega4/memx-const/mapped\libgcc.a(_exit.o)

.note.GNU-stack
                0x0000000000000000        0x0
 .note.GNU-stack
                0x0000000000000000        0x0 c:/program files/microchip/xc8/v3.00/avr/bin/../lib/gcc/avr/5.4.0/../../../../avr/lib/avrxmega4/memx-const/mapped\libc.a(exit.o)
 .note.GNU-stack
                0x0000000000000000        0x0 c:/program files/microchip/xc8/v3.00/avr/bin/../lib/gcc/avr/5.4.0/../../../../avr/lib/avrxmega4/memx-const/mapped\libc.a(_Exit.o)

.note.gnu.build-id
 *(.note.gnu.build-id)

.debug
 *(.debug)

.line
 *(.line)

.debug_srcinfo
 *(.debug_srcinfo)

.debug_sfnames
 *(.debug_sfnames)

.debug_aranges  0x0000000000000000      0x188
 *(.debug_aranges)
 .debug_aranges
                0x0000000000000000       0x70 build/default/debug/peripherals/TWI/TWI_host.o
 .debug_aranges
                0x0000000000000070       0x20 build/default/debug/ECU-main.o
 .debug_aranges
                0x0000000000000090       0x70 build/default/debug/advanced_IO.o
 .debug_aranges
                0x0000000000000100       0x30 build/default/debug/leds.o
 .debug_aranges
                0x0000000000000130       0x28 build/default/debug/systemTime.o
 .debug_aranges
                0x0000000000000158       0x30 build/default/debug/bluetoothM.o

.debug_pubnames
 *(.debug_pubnames)

.debug_info     0x0000000000000000     0x5c54
 *(.debug_info .gnu.linkonce.wi.*)
 .debug_info    0x0000000000000000     0x272b C:/Program Files/Microchip/MPLABX/v6.20/packs/Microchip/AVR-Dx_DFP/2.4.286/xc8/avr/lib/avrxmega4/memx-const/mapped/crtavr128db28.o
 .debug_info    0x000000000000272b      0xbc9 build/default/debug/peripherals/TWI/TWI_host.o
 .debug_info    0x00000000000032f4      0x6e6 build/default/debug/ECU-main.o
 .debug_info    0x00000000000039da      0x897 build/default/debug/advanced_IO.o
 .debug_info    0x0000000000004271      0x5aa build/default/debug/leds.o
 .debug_info    0x000000000000481b      0xc81 build/default/debug/systemTime.o
 .debug_info    0x000000000000549c      0x7b8 build/default/debug/bluetoothM.o

.debug_abbrev   0x0000000000000000     0x2c67
 *(.debug_abbrev)
 .debug_abbrev  0x0000000000000000     0x2518 C:/Program Files/Microchip/MPLABX/v6.20/packs/Microchip/AVR-Dx_DFP/2.4.286/xc8/avr/lib/avrxmega4/memx-const/mapped/crtavr128db28.o
 .debug_abbrev  0x0000000000002518      0x191 build/default/debug/peripherals/TWI/TWI_host.o
 .debug_abbrev  0x00000000000026a9      0x171 build/default/debug/ECU-main.o
 .debug_abbrev  0x000000000000281a      0x155 build/default/debug/advanced_IO.o
 .debug_abbrev  0x000000000000296f       0xe1 build/default/debug/leds.o
 .debug_abbrev  0x0000000000002a50      0x108 build/default/debug/systemTime.o
 .debug_abbrev  0x0000000000002b58      0x10f build/default/debug/bluetoothM.o

.debug_line     0x0000000000000000      0xeca
 *(.debug_line .debug_line.* .debug_line_end)
 .debug_line    0x0000000000000000      0x1ce C:/Program Files/Microchip/MPLABX/v6.20/packs/Microchip/AVR-Dx_DFP/2.4.286/xc8/avr/lib/avrxmega4/memx-const/mapped/crtavr128db28.o
 .debug_line    0x00000000000001ce      0x3e9 build/default/debug/peripherals/TWI/TWI_host.o
 .debug_line    0x00000000000005b7      0x1f6 build/default/debug/ECU-main.o
 .debug_line    0x00000000000007ad      0x277 build/default/debug/advanced_IO.o
 .debug_line    0x0000000000000a24      0x1fc build/default/debug/leds.o
 .debug_line    0x0000000000000c20      0x133 build/default/debug/systemTime.o
 .debug_line    0x0000000000000d53      0x177 build/default/debug/bluetoothM.o

.debug_frame    0x0000000000000000      0x324
 *(.debug_frame)
 .debug_frame   0x0000000000000000      0x12c build/default/debug/peripherals/TWI/TWI_host.o
 .debug_frame   0x000000000000012c       0x34 build/default/debug/ECU-main.o
 .debug_frame   0x0000000000000160      0x108 build/default/debug/advanced_IO.o
 .debug_frame   0x0000000000000268       0x44 build/default/debug/leds.o
 .debug_frame   0x00000000000002ac       0x34 build/default/debug/systemTime.o
 .debug_frame   0x00000000000002e0       0x44 build/default/debug/bluetoothM.o

.debug_str      0x0000000000000000     0x128b
 *(.debug_str)
 .debug_str     0x0000000000000000     0x111e C:/Program Files/Microchip/MPLABX/v6.20/packs/Microchip/AVR-Dx_DFP/2.4.286/xc8/avr/lib/avrxmega4/memx-const/mapped/crtavr128db28.o
 .debug_str     0x000000000000111e       0x15 build/default/debug/peripherals/TWI/TWI_host.o
 .debug_str     0x0000000000001133       0x96 build/default/debug/ECU-main.o
 .debug_str     0x00000000000011c9       0x43 build/default/debug/advanced_IO.o
 .debug_str     0x000000000000120c        0xc build/default/debug/leds.o
 .debug_str     0x0000000000001218       0x5d build/default/debug/systemTime.o
 .debug_str     0x0000000000001275       0x16 build/default/debug/bluetoothM.o

.debug_loc      0x0000000000000000      0x999
 *(.debug_loc)
 .debug_loc     0x0000000000000000      0x496 build/default/debug/peripherals/TWI/TWI_host.o
 .debug_loc     0x0000000000000496      0x10a build/default/debug/ECU-main.o
 .debug_loc     0x00000000000005a0      0x259 build/default/debug/advanced_IO.o
 .debug_loc     0x00000000000007f9      0x1a0 build/default/debug/leds.o

.debug_macinfo
 *(.debug_macinfo)

.debug_weaknames
 *(.debug_weaknames)

.debug_funcnames
 *(.debug_funcnames)

.debug_typenames
 *(.debug_typenames)

.debug_varnames
 *(.debug_varnames)

.debug_pubtypes
 *(.debug_pubtypes)

.debug_ranges   0x0000000000000000      0x140
 *(.debug_ranges)
 .debug_ranges  0x0000000000000000       0x60 build/default/debug/peripherals/TWI/TWI_host.o
 .debug_ranges  0x0000000000000060       0x28 build/default/debug/ECU-main.o
 .debug_ranges  0x0000000000000088       0x60 build/default/debug/advanced_IO.o
 .debug_ranges  0x00000000000000e8       0x20 build/default/debug/leds.o
 .debug_ranges  0x0000000000000108       0x18 build/default/debug/systemTime.o
 .debug_ranges  0x0000000000000120       0x20 build/default/debug/bluetoothM.o

.debug_macro
 *(.debug_macro)
OUTPUT(dist/default/debug/ECUFirmware.X.debug.elf elf32-avr)
LOAD linker stubs
LOAD data_init

.note.gnu.avr.deviceinfo
                0x0000000000000000       0x40
 .note.gnu.avr.deviceinfo
                0x0000000000000000       0x40 C:/Program Files/Microchip/MPLABX/v6.20/packs/Microchip/AVR-Dx_DFP/2.4.286/xc8/avr/lib/avrxmega4/memx-const/mapped/crtavr128db28.o

.bss.lightsOn.4265
                0x0000000000804003        0x1
 .bss.lightsOn.4265
                0x0000000000804003        0x1 build/default/debug/ECU-main.o

.bss.motorRightSpeed.4260
                0x0000000000804004        0x1
 .bss.motorRightSpeed.4260
                0x0000000000804004        0x1 build/default/debug/ECU-main.o

.bss.motorLeftSpeed.4261
                0x0000000000804005        0x1
 .bss.motorLeftSpeed.4261
                0x0000000000804005        0x1 build/default/debug/ECU-main.o

.bss.btReceiveData.4264
                0x0000000000804000        0x3
 .bss.btReceiveData.4264
                0x0000000000804000        0x3 build/default/debug/ECU-main.o

.bss.metalDetected.4263
                0x0000000000804006        0x1
 .bss.metalDetected.4263
                0x0000000000804006        0x1 build/default/debug/ECU-main.o

.bss.distanceMeasured.4262
                0x0000000000804007        0x1
 .bss.distanceMeasured.4262
                0x0000000000804007        0x1 build/default/debug/ECU-main.o

.text.main      0x0000000000000138      0x112
 .text.main     0x0000000000000138      0x112 build/default/debug/ECU-main.o
                0x0000000000000138                main

.text.LedOn     0x000000000000024a       0x7c
 .text.LedOn    0x000000000000024a       0x7c build/default/debug/leds.o
                0x000000000000024a                LedOn

.text.LedOff    0x00000000000002c6       0x7c
 .text.LedOff   0x00000000000002c6       0x7c build/default/debug/leds.o
                0x00000000000002c6                LedOff

.text._readFromTWI
                0x0000000000000342       0x56
 .text._readFromTWI
                0x0000000000000342       0x56 build/default/debug/peripherals/TWI/TWI_host.o
                0x0000000000000342                _readFromTWI

.text._writeToTWI
                0x0000000000000398       0x4e
 .text._writeToTWI
                0x0000000000000398       0x4e build/default/debug/peripherals/TWI/TWI_host.o
                0x0000000000000398                _writeToTWI

.text._startTWI
                0x00000000000003e6       0x4a
 .text._startTWI
                0x00000000000003e6       0x4a build/default/debug/peripherals/TWI/TWI_host.o
                0x00000000000003e6                _startTWI

.text.BluetoothInitialize
                0x0000000000000430       0x3e
 .text.BluetoothInitialize
                0x0000000000000430       0x3e build/default/debug/bluetoothM.o
                0x0000000000000430                BluetoothInitialize

.text.LedInitialization
                0x000000000000046e       0x30
 .text.LedInitialization
                0x000000000000046e       0x30 build/default/debug/leds.o
                0x000000000000046e                LedInitialization

.text.TWI_sendByte
                0x000000000000049e       0x2e
 .text.TWI_sendByte
                0x000000000000049e       0x2e build/default/debug/peripherals/TWI/TWI_host.o
                0x000000000000049e                TWI_sendByte

.text.TWI_readByte
                0x00000000000004cc       0x26
 .text.TWI_readByte
                0x00000000000004cc       0x26 build/default/debug/peripherals/TWI/TWI_host.o
                0x00000000000004cc                TWI_readByte

.text.ClockInitialization
                0x00000000000004f2       0x20
 .text.ClockInitialization
                0x00000000000004f2       0x20 build/default/debug/systemTime.o
                0x00000000000004f2                ClockInitialization

.text.isTWIBad  0x0000000000000512       0x1c
 .text.isTWIBad
                0x0000000000000512       0x1c build/default/debug/peripherals/TWI/TWI_host.o
                0x0000000000000512                isTWIBad

.text.TWI_initHost
                0x000000000000052e       0x1a
 .text.TWI_initHost
                0x000000000000052e       0x1a build/default/debug/peripherals/TWI/TWI_host.o
                0x000000000000052e                TWI_initHost

.text.SuperLoopSleep
                0x0000000000000548       0x18
 .text.SuperLoopSleep
                0x0000000000000548       0x18 build/default/debug/systemTime.o
                0x0000000000000548                SuperLoopSleep

.text.exit      0x0000000000000560       0x16
 .text.exit     0x0000000000000560       0x16 c:/program files/microchip/xc8/v3.00/avr/bin/../lib/gcc/avr/5.4.0/../../../../avr/lib/avrxmega4/memx-const/mapped\libc.a(exit.o)
                0x0000000000000560                exit

.text.TWI_initPins
                0x0000000000000576       0x14
 .text.TWI_initPins
                0x0000000000000576       0x14 build/default/debug/peripherals/TWI/TWI_host.o
                0x0000000000000576                TWI_initPins

.text.BluetoothReceive
                0x000000000000058a       0x12
 .text.BluetoothReceive
                0x000000000000058a       0x12 build/default/debug/bluetoothM.o
                0x000000000000058a                BluetoothReceive

.text.libgcc    0x000000000000059c       0x12
 .text.libgcc   0x000000000000059c       0x12 c:/program files/microchip/xc8/v3.00/avr/bin/../lib/gcc/avr/5.4.0/avrxmega4/memx-const/mapped\libgcc.a(_tablejump2.o)
                0x000000000000059c                __tablejump2__

.text.BluetoothTransmit
                0x00000000000005ae       0x10
 .text.BluetoothTransmit
                0x00000000000005ae       0x10 build/default/debug/bluetoothM.o
                0x00000000000005ae                BluetoothTransmit

.text.advancedIO_init
                0x00000000000005be        0xa
 .text.advancedIO_init
                0x00000000000005be        0xa build/default/debug/advanced_IO.o
                0x00000000000005be                advancedIO_init

.text           0x00000000000005c8        0x4
 .text          0x00000000000005c8        0x4 C:/Program Files/Microchip/MPLABX/v6.20/packs/Microchip/AVR-Dx_DFP/2.4.286/xc8/avr/lib/avrxmega4/memx-const/mapped/crtavr128db28.o
                0x00000000000005c8                __vector_38
                0x00000000000005c8                __vector_22
                0x00000000000005c8                __vector_28
                0x00000000000005c8                __vector_1
                0x00000000000005c8                __vector_32
                0x00000000000005c8                __vector_34
                0x00000000000005c8                __vector_24
                0x00000000000005c8                __vector_12
                0x00000000000005c8                __bad_interrupt
                0x00000000000005c8                __vector_6
                0x00000000000005c8                __vector_31
                0x00000000000005c8                __vector_35
                0x00000000000005c8                __vector_39
                0x00000000000005c8                __vector_3
                0x00000000000005c8                __vector_23
                0x00000000000005c8                __vector_30
                0x00000000000005c8                __vector_25
                0x00000000000005c8                __vector_11
                0x00000000000005c8                __vector_13
                0x00000000000005c8                __vector_17
                0x00000000000005c8                __vector_19
                0x00000000000005c8                __vector_7
                0x00000000000005c8                __vector_41
                0x00000000000005c8                __vector_27
                0x00000000000005c8                __vector_5
                0x00000000000005c8                __vector_33
                0x00000000000005c8                __vector_37
                0x00000000000005c8                __vector_4
                0x00000000000005c8                __vector_9
                0x00000000000005c8                __vector_2
                0x00000000000005c8                __vector_21
                0x00000000000005c8                __vector_15
                0x00000000000005c8                __vector_36
                0x00000000000005c8                __vector_29
                0x00000000000005c8                __vector_40
                0x00000000000005c8                __vector_8
                0x00000000000005c8                __vector_26
                0x00000000000005c8                __vector_14
                0x00000000000005c8                __vector_10
                0x00000000000005c8                __vector_16
                0x00000000000005c8                __vector_18
                0x00000000000005c8                __vector_20

.text._Exit     0x00000000000005cc        0x4
 .text._Exit    0x00000000000005cc        0x4 c:/program files/microchip/xc8/v3.00/avr/bin/../lib/gcc/avr/5.4.0/../../../../avr/lib/avrxmega4/memx-const/mapped\libc.a(_Exit.o)
                0x00000000000005cc                _Exit

.text.__dummy_fini
                0x00000000000005d0        0x2
 .text.__dummy_fini
                0x00000000000005d0        0x2 c:/program files/microchip/xc8/v3.00/avr/bin/../lib/gcc/avr/5.4.0/../../../../avr/lib/avrxmega4/memx-const/mapped\libc.a(exit.o)
                0x00000000000005d0                _fini

.text.__dummy_funcs_on_exit
                0x00000000000005d2        0x2
 .text.__dummy_funcs_on_exit
                0x00000000000005d2        0x2 c:/program files/microchip/xc8/v3.00/avr/bin/../lib/gcc/avr/5.4.0/../../../../avr/lib/avrxmega4/memx-const/mapped\libc.a(exit.o)
                0x00000000000005d2                __funcs_on_exit

.text.__dummy_simulator_exit
                0x00000000000005d4        0x2
 .text.__dummy_simulator_exit
                0x00000000000005d4        0x2 c:/program files/microchip/xc8/v3.00/avr/bin/../lib/gcc/avr/5.4.0/../../../../avr/lib/avrxmega4/memx-const/mapped\libc.a(exit.o)
                0x00000000000005d4                __simulator_exit
