Archive member included to satisfy reference by file (symbol)

c:/program files/microchip/xc8/v3.00/avr/bin/../lib/gcc/avr/5.4.0/avrxmega4/memx-const/mapped\libgcc.a(_copy_data.o)
                              build/free/production/TWI_blockData.o (__do_copy_data)
c:/program files/microchip/xc8/v3.00/avr/bin/../lib/gcc/avr/5.4.0/../../../../avr/lib/avrxmega4/memx-const/mapped\libc.a(exit.o)
                              C:/Program Files/Microchip/xc8/v3.00/dfp/xc8/avr/lib/avrxmega4/memx-const/mapped/crtavr128db48.o (exit)
c:/program files/microchip/xc8/v3.00/avr/bin/../lib/gcc/avr/5.4.0/../../../../avr/lib/avrxmega4/memx-const/mapped\libc.a(_Exit.o)
                              c:/program files/microchip/xc8/v3.00/avr/bin/../lib/gcc/avr/5.4.0/../../../../avr/lib/avrxmega4/memx-const/mapped\libc.a(exit.o) (_Exit)
c:/program files/microchip/xc8/v3.00/avr/bin/../lib/gcc/avr/5.4.0/avrxmega4/memx-const/mapped\libgcc.a(_exit.o)
                              c:/program files/microchip/xc8/v3.00/avr/bin/../lib/gcc/avr/5.4.0/../../../../avr/lib/avrxmega4/memx-const/mapped\libc.a(_Exit.o) (_exit)

Allocating common symbols
Common symbol       size              file

value_u             0x10              build/free/production/Sensor_Main.o
data                0x10              build/free/production/Sensor_Main.o
value               0x5               build/free/production/Sensor_Main.o

Discarded input sections

 .data          0x0000000000000000        0x0 C:/Program Files/Microchip/xc8/v3.00/dfp/xc8/avr/lib/avrxmega4/memx-const/mapped/crtavr128db48.o
 .bss           0x0000000000000000        0x0 C:/Program Files/Microchip/xc8/v3.00/dfp/xc8/avr/lib/avrxmega4/memx-const/mapped/crtavr128db48.o
 .text          0x0000000000000000        0x0 build/free/production/peripherals/CLKCTRL/CLKCTRL.o
 .data          0x0000000000000000        0x0 build/free/production/peripherals/CLKCTRL/CLKCTRL.o
 .bss           0x0000000000000000        0x0 build/free/production/peripherals/CLKCTRL/CLKCTRL.o
 .text          0x0000000000000000        0x0 build/free/production/peripherals/TWI/TWI_client.o
 .data          0x0000000000000000        0x0 build/free/production/peripherals/TWI/TWI_client.o
 .bss           0x0000000000000000        0x0 build/free/production/peripherals/TWI/TWI_client.o
 .text          0x0000000000000000        0x0 build/free/production/Sensor_Main.o
 .data          0x0000000000000000        0x0 build/free/production/Sensor_Main.o
 .bss           0x0000000000000000        0x0 build/free/production/Sensor_Main.o
 .bss.tally_u   0x0000000000000000        0x1 build/free/production/Sensor_Main.o
 .bss.distance  0x0000000000000000        0x4 build/free/production/Sensor_Main.o
 .bss.distance_final
                0x0000000000000000        0x4 build/free/production/Sensor_Main.o
 .text          0x0000000000000000        0x0 build/free/production/TWI_blockData.o
 .data          0x0000000000000000        0x0 build/free/production/TWI_blockData.o
 .bss           0x0000000000000000        0x0 build/free/production/TWI_blockData.o
 .text          0x0000000000000000        0x0 c:/program files/microchip/xc8/v3.00/avr/bin/../lib/gcc/avr/5.4.0/avrxmega4/memx-const/mapped\libgcc.a(_copy_data.o)
 .data          0x0000000000000000        0x0 c:/program files/microchip/xc8/v3.00/avr/bin/../lib/gcc/avr/5.4.0/avrxmega4/memx-const/mapped\libgcc.a(_copy_data.o)
 .bss           0x0000000000000000        0x0 c:/program files/microchip/xc8/v3.00/avr/bin/../lib/gcc/avr/5.4.0/avrxmega4/memx-const/mapped\libgcc.a(_copy_data.o)
 .text.libgcc.mul
                0x0000000000000000        0x0 c:/program files/microchip/xc8/v3.00/avr/bin/../lib/gcc/avr/5.4.0/avrxmega4/memx-const/mapped\libgcc.a(_copy_data.o)
 .text.libgcc.div
                0x0000000000000000        0x0 c:/program files/microchip/xc8/v3.00/avr/bin/../lib/gcc/avr/5.4.0/avrxmega4/memx-const/mapped\libgcc.a(_copy_data.o)
 .text.libgcc   0x0000000000000000        0x0 c:/program files/microchip/xc8/v3.00/avr/bin/../lib/gcc/avr/5.4.0/avrxmega4/memx-const/mapped\libgcc.a(_copy_data.o)
 .text.libgcc.prologue
                0x0000000000000000        0x0 c:/program files/microchip/xc8/v3.00/avr/bin/../lib/gcc/avr/5.4.0/avrxmega4/memx-const/mapped\libgcc.a(_copy_data.o)
 .text.libgcc.builtins
                0x0000000000000000        0x0 c:/program files/microchip/xc8/v3.00/avr/bin/../lib/gcc/avr/5.4.0/avrxmega4/memx-const/mapped\libgcc.a(_copy_data.o)
 .text.libgcc.fmul
                0x0000000000000000        0x0 c:/program files/microchip/xc8/v3.00/avr/bin/../lib/gcc/avr/5.4.0/avrxmega4/memx-const/mapped\libgcc.a(_copy_data.o)
 .text.libgcc.fixed
                0x0000000000000000        0x0 c:/program files/microchip/xc8/v3.00/avr/bin/../lib/gcc/avr/5.4.0/avrxmega4/memx-const/mapped\libgcc.a(_copy_data.o)
 .text          0x0000000000000000        0x0 c:/program files/microchip/xc8/v3.00/avr/bin/../lib/gcc/avr/5.4.0/../../../../avr/lib/avrxmega4/memx-const/mapped\libc.a(exit.o)
 .data          0x0000000000000000        0x0 c:/program files/microchip/xc8/v3.00/avr/bin/../lib/gcc/avr/5.4.0/../../../../avr/lib/avrxmega4/memx-const/mapped\libc.a(exit.o)
 .bss           0x0000000000000000        0x0 c:/program files/microchip/xc8/v3.00/avr/bin/../lib/gcc/avr/5.4.0/../../../../avr/lib/avrxmega4/memx-const/mapped\libc.a(exit.o)
 .stack.descriptors
                0x0000000000000000       0x73 c:/program files/microchip/xc8/v3.00/avr/bin/../lib/gcc/avr/5.4.0/../../../../avr/lib/avrxmega4/memx-const/mapped\libc.a(exit.o)
 .text          0x0000000000000000        0x0 c:/program files/microchip/xc8/v3.00/avr/bin/../lib/gcc/avr/5.4.0/../../../../avr/lib/avrxmega4/memx-const/mapped\libc.a(_Exit.o)
 .data          0x0000000000000000        0x0 c:/program files/microchip/xc8/v3.00/avr/bin/../lib/gcc/avr/5.4.0/../../../../avr/lib/avrxmega4/memx-const/mapped\libc.a(_Exit.o)
 .bss           0x0000000000000000        0x0 c:/program files/microchip/xc8/v3.00/avr/bin/../lib/gcc/avr/5.4.0/../../../../avr/lib/avrxmega4/memx-const/mapped\libc.a(_Exit.o)
 .stack.descriptors
                0x0000000000000000       0x13 c:/program files/microchip/xc8/v3.00/avr/bin/../lib/gcc/avr/5.4.0/../../../../avr/lib/avrxmega4/memx-const/mapped\libc.a(_Exit.o)
 .text          0x0000000000000000        0x0 c:/program files/microchip/xc8/v3.00/avr/bin/../lib/gcc/avr/5.4.0/avrxmega4/memx-const/mapped\libgcc.a(_exit.o)
 .data          0x0000000000000000        0x0 c:/program files/microchip/xc8/v3.00/avr/bin/../lib/gcc/avr/5.4.0/avrxmega4/memx-const/mapped\libgcc.a(_exit.o)
 .bss           0x0000000000000000        0x0 c:/program files/microchip/xc8/v3.00/avr/bin/../lib/gcc/avr/5.4.0/avrxmega4/memx-const/mapped\libgcc.a(_exit.o)
 .text.libgcc.mul
                0x0000000000000000        0x0 c:/program files/microchip/xc8/v3.00/avr/bin/../lib/gcc/avr/5.4.0/avrxmega4/memx-const/mapped\libgcc.a(_exit.o)
 .text.libgcc.div
                0x0000000000000000        0x0 c:/program files/microchip/xc8/v3.00/avr/bin/../lib/gcc/avr/5.4.0/avrxmega4/memx-const/mapped\libgcc.a(_exit.o)
 .text.libgcc   0x0000000000000000        0x0 c:/program files/microchip/xc8/v3.00/avr/bin/../lib/gcc/avr/5.4.0/avrxmega4/memx-const/mapped\libgcc.a(_exit.o)
 .text.libgcc.prologue
                0x0000000000000000        0x0 c:/program files/microchip/xc8/v3.00/avr/bin/../lib/gcc/avr/5.4.0/avrxmega4/memx-const/mapped\libgcc.a(_exit.o)
 .stack.descriptors
                0x0000000000000000       0x13 c:/program files/microchip/xc8/v3.00/avr/bin/../lib/gcc/avr/5.4.0/avrxmega4/memx-const/mapped\libgcc.a(_exit.o)
 .text.libgcc.builtins
                0x0000000000000000        0x0 c:/program files/microchip/xc8/v3.00/avr/bin/../lib/gcc/avr/5.4.0/avrxmega4/memx-const/mapped\libgcc.a(_exit.o)
 .text.libgcc.fmul
                0x0000000000000000        0x0 c:/program files/microchip/xc8/v3.00/avr/bin/../lib/gcc/avr/5.4.0/avrxmega4/memx-const/mapped\libgcc.a(_exit.o)
 .text.libgcc.fixed
                0x0000000000000000        0x0 c:/program files/microchip/xc8/v3.00/avr/bin/../lib/gcc/avr/5.4.0/avrxmega4/memx-const/mapped\libgcc.a(_exit.o)

Memory Configuration

Name             Origin             Length             Attributes
text             0x0000000000000000 0x0000000000020000 xr
data             0x0000000000804000 0x0000000000004000 rw !x
eeprom           0x0000000000810000 0x0000000000000200 rw !x
fuse             0x0000000000820000 0x0000000000000010 rw !x
lock             0x0000000000830000 0x0000000000000400 rw !x
signature        0x0000000000840000 0x0000000000000400 rw !x
user_signatures  0x0000000000850000 0x0000000000000400 rw !x
bootrow          0x0000000000860000 0x0000000000000400 rw !x
*default*        0x0000000000000000 0xffffffffffffffff

Linker script and memory map

Address of section .data set to 0x804000
                0x0000000000008000                __RODATA_PM_OFFSET__ = 0x8000
LOAD C:/Program Files/Microchip/xc8/v3.00/dfp/xc8/avr/lib/avrxmega4/memx-const/mapped/crtavr128db48.o
                0x0000000000000001                __MPLAB_BUILD = 0x1
LOAD build/free/production/peripherals/CLKCTRL/CLKCTRL.o
LOAD build/free/production/peripherals/TWI/TWI_client.o
LOAD build/free/production/Sensor_Main.o
LOAD build/free/production/TWI_blockData.o
START GROUP
LOAD c:/program files/microchip/xc8/v3.00/avr/bin/../lib/gcc/avr/5.4.0/../../../../avr/lib/avrxmega4/memx-const/mapped\libm.a
END GROUP
START GROUP
LOAD c:/program files/microchip/xc8/v3.00/avr/bin/../lib/gcc/avr/5.4.0/avrxmega4/memx-const/mapped\libgcc.a
LOAD c:/program files/microchip/xc8/v3.00/avr/bin/../lib/gcc/avr/5.4.0/../../../../avr/lib/avrxmega4/memx-const/mapped\libm.a
LOAD c:/program files/microchip/xc8/v3.00/avr/bin/../lib/gcc/avr/5.4.0/../../../../avr/lib/avrxmega4/memx-const/mapped\libc.a
LOAD C:/Program Files/Microchip/xc8/v3.00/dfp/xc8/avr/lib/avrxmega4/memx-const/mapped\libavr128db48.a
END GROUP
                [0x0000000000000000]                __TEXT_REGION_ORIGIN__ = DEFINED (__TEXT_REGION_ORIGIN__)?__TEXT_REGION_ORIGIN__:0x0
                [0x0000000000804000]                __DATA_REGION_ORIGIN__ = DEFINED (__DATA_REGION_ORIGIN__)?__DATA_REGION_ORIGIN__:0x802000
                [0x0000000000020000]                __TEXT_REGION_LENGTH__ = DEFINED (__TEXT_REGION_LENGTH__)?__TEXT_REGION_LENGTH__:0x100000
                [0x0000000000004000]                __DATA_REGION_LENGTH__ = DEFINED (__DATA_REGION_LENGTH__)?__DATA_REGION_LENGTH__:0xffa0
                [0x0000000000000200]                __EEPROM_REGION_LENGTH__ = DEFINED (__EEPROM_REGION_LENGTH__)?__EEPROM_REGION_LENGTH__:0x10000
                [0x0000000000000010]                __FUSE_REGION_LENGTH__ = DEFINED (__FUSE_REGION_LENGTH__)?__FUSE_REGION_LENGTH__:0x400
                0x0000000000000400                __LOCK_REGION_LENGTH__ = DEFINED (__LOCK_REGION_LENGTH__)?__LOCK_REGION_LENGTH__:0x400
                0x0000000000000400                __SIGNATURE_REGION_LENGTH__ = DEFINED (__SIGNATURE_REGION_LENGTH__)?__SIGNATURE_REGION_LENGTH__:0x400
                0x0000000000000400                __USER_SIGNATURE_REGION_LENGTH__ = DEFINED (__USER_SIGNATURE_REGION_LENGTH__)?__USER_SIGNATURE_REGION_LENGTH__:0x400
                0x0000000000000400                __BOOTROW_REGION_LENGTH__ = DEFINED (__BOOTROW_REGION_LENGTH__)?__BOOTROW_REGION_LENGTH__:0x400

.hash
 *(.hash)

.dynsym
 *(.dynsym)

.dynstr
 *(.dynstr)

.gnu.version
 *(.gnu.version)

.gnu.version_d
 *(.gnu.version_d)

.gnu.version_r
 *(.gnu.version_r)

.rel.init
 *(.rel.init)

.rela.init
 *(.rela.init)

.rel.text
 *(.rel.text)
 *(.rel.text.*)
 *(.rel.gnu.linkonce.t*)

.rela.text
 *(.rela.text)
 *(.rela.text.*)
 *(.rela.gnu.linkonce.t*)

.rel.fini
 *(.rel.fini)

.rela.fini
 *(.rela.fini)

.rel.rodata
 *(.rel.rodata)
 *(.rel.rodata.*)
 *(.rel.gnu.linkonce.r*)

.rela.rodata
 *(.rela.rodata)
 *(.rela.rodata.*)
 *(.rela.gnu.linkonce.r*)

.rel.data
 *(.rel.data)
 *(.rel.data.*)
 *(.rel.gnu.linkonce.d*)

.rela.data
 *(.rela.data)
 *(.rela.data.*)
 *(.rela.gnu.linkonce.d*)

.rel.ctors
 *(.rel.ctors)

.rela.ctors
 *(.rela.ctors)

.rel.dtors
 *(.rel.dtors)

.rela.dtors
 *(.rela.dtors)

.rel.got
 *(.rel.got)

.rela.got
 *(.rela.got)

.rel.bss
 *(.rel.bss)

.rela.bss
 *(.rela.bss)

.rel.plt
 *(.rel.plt)

.rela.plt
 *(.rela.plt)

.text           0x0000000000000000      0x170
 *(.vectors)
 .vectors       0x0000000000000000       0xf4 C:/Program Files/Microchip/xc8/v3.00/dfp/xc8/avr/lib/avrxmega4/memx-const/mapped/crtavr128db48.o
                0x0000000000000000                __vector_default
                0x0000000000000000                __vectors
 *(.vectors)
 *(.progmem.gcc*)
 *(.dinit)
 .dinit         0x00000000000000f4       0x11 data_init
                0x0000000000000106                . = ALIGN (0x2)
 *fill*         0x0000000000000105        0x1 
                0x0000000000000106                __trampolines_start = .
 *(.trampolines)
 .trampolines   0x0000000000000106        0x0 linker stubs
 *(.trampolines*)
                0x0000000000000106                __trampolines_end = .
 *libprintf_flt.a:*(.progmem.data)
 *libc.a:*(.progmem.data)
                0x0000000000000106                . = ALIGN (0x2)
 *(.jumptables)
 *(.jumptables*)
 *(.lowtext)
 *(.lowtext*)
                0x0000000000000106                __ctors_start = .
 *(.ctors)
                0x0000000000000106                __ctors_end = .
                0x0000000000000106                __dtors_start = .
 *(.dtors)
                0x0000000000000106                __dtors_end = .
 SORT(*)(.ctors)
 SORT(*)(.dtors)
 *(.init0)
 .init0         0x0000000000000106        0x0 C:/Program Files/Microchip/xc8/v3.00/dfp/xc8/avr/lib/avrxmega4/memx-const/mapped/crtavr128db48.o
                0x0000000000000106                __init
 *(.init0)
 *(.init1)
 .init1         0x0000000000000106       0x12 C:/Program Files/Microchip/xc8/v3.00/dfp/xc8/avr/lib/avrxmega4/memx-const/mapped/crtavr128db48.o
 *(.init1)
 *(.init2)
 .init2         0x0000000000000118        0xc C:/Program Files/Microchip/xc8/v3.00/dfp/xc8/avr/lib/avrxmega4/memx-const/mapped/crtavr128db48.o
 *(.init2)
 *(.init3)
 *(.init3)
 *(.init4)
 .init4         0x0000000000000124       0x40 c:/program files/microchip/xc8/v3.00/avr/bin/../lib/gcc/avr/5.4.0/avrxmega4/memx-const/mapped\libgcc.a(_copy_data.o)
                0x0000000000000124                __do_copy_data
                0x0000000000000156                __do_clear_bss
 *(.init4)
 *(.init5)
 *(.init5)
 *(.init6)
 *(.init6)
 *(.init7)
 *(.init7)
 *(.init8)
 *(.init8)
 *(.init9)
 .init9         0x0000000000000164        0x8 C:/Program Files/Microchip/xc8/v3.00/dfp/xc8/avr/lib/avrxmega4/memx-const/mapped/crtavr128db48.o
 *(.init9)
                0x000000000000016c                . = ALIGN (0x2)
 *(.fini9)
 .fini9         0x000000000000016c        0x0 c:/program files/microchip/xc8/v3.00/avr/bin/../lib/gcc/avr/5.4.0/avrxmega4/memx-const/mapped\libgcc.a(_exit.o)
                0x000000000000016c                _exit
 *(.fini9)
 *(.fini8)
 *(.fini8)
 *(.fini7)
 *(.fini7)
 *(.fini6)
 *(.fini6)
 *(.fini5)
 *(.fini5)
 *(.fini4)
 *(.fini4)
 *(.fini3)
 *(.fini3)
 *(.fini2)
 *(.fini2)
 *(.fini1)
 *(.fini1)
 *(.fini0)
 .fini0         0x000000000000016c        0x4 c:/program files/microchip/xc8/v3.00/avr/bin/../lib/gcc/avr/5.4.0/avrxmega4/memx-const/mapped\libgcc.a(_exit.o)
 *(.fini0)
                0x0000000000000170                _etext = .

.data           0x0000000000804000        0x0 load address 0x0000000000000170
                [!provide]                        PROVIDE (__data_start, .)
 *(.gnu.linkonce.d*)
 *(.gnu.linkonce.r*)
                0x0000000000804000                . = ALIGN (0x2)
                0x0000000000804000                _edata = .
                [!provide]                        PROVIDE (__data_end, .)

.bss            0x0000000000804000       0x25
                [!provide]                        PROVIDE (__bss_start, .)
 *(COMMON)
 COMMON         0x0000000000804000       0x25 build/free/production/Sensor_Main.o
                0x0000000000804000                value_u
                0x0000000000804010                data
                0x0000000000804020                value
                [!provide]                        PROVIDE (__bss_end, .)
                0x0000000000000170                __data_load_start = LOADADDR (.data)
                0x0000000000000170                __data_load_end = (__data_load_start + SIZEOF (.data))

.noinit         0x0000000000804025        0x0
                [!provide]                        PROVIDE (__noinit_start, .)
 *(.noinit*)
                [!provide]                        PROVIDE (__noinit_end, .)
                0x0000000000804025                _end = .

.eeprom         0x0000000000810000        0x0
 *(.eeprom*)
                0x0000000000810000                __eeprom_end = .

.fuse
 *(.fuse)
 *(.lfuse)
 *(.hfuse)
 *(.efuse)

.lock
 *(.lock*)

.signature
 *(.signature*)

.user_signatures
 *(.user_signatures*)

.bootrow
 *(.bootrow*)

.stab
 *(.stab)

.stabstr
 *(.stabstr)

.stab.excl
 *(.stab.excl)

.stab.exclstr
 *(.stab.exclstr)

.stab.index
 *(.stab.index)

.stab.indexstr
 *(.stab.indexstr)

.comment        0x0000000000000000       0x5b
 *(.comment)
 .comment       0x0000000000000000       0x2f build/free/production/peripherals/CLKCTRL/CLKCTRL.o
                                         0x30 (size before relaxing)
 .comment       0x000000000000002f       0x30 build/free/production/peripherals/TWI/TWI_client.o
 .comment       0x000000000000002f       0x30 build/free/production/Sensor_Main.o
 .comment       0x000000000000002f       0x30 build/free/production/TWI_blockData.o
 .comment       0x000000000000002f       0x2c c:/program files/microchip/xc8/v3.00/avr/bin/../lib/gcc/avr/5.4.0/../../../../avr/lib/avrxmega4/memx-const/mapped\libc.a(exit.o)
                                         0x2d (size before relaxing)
 .comment       0x000000000000005b       0x2d c:/program files/microchip/xc8/v3.00/avr/bin/../lib/gcc/avr/5.4.0/../../../../avr/lib/avrxmega4/memx-const/mapped\libc.a(_Exit.o)

.stack.descriptors.hdr
                0x0000000000000000       0x2a
 .stack.descriptors.hdr
                0x0000000000000000        0xe c:/program files/microchip/xc8/v3.00/avr/bin/../lib/gcc/avr/5.4.0/../../../../avr/lib/avrxmega4/memx-const/mapped\libc.a(exit.o)
 .stack.descriptors.hdr
                0x000000000000000e        0xe c:/program files/microchip/xc8/v3.00/avr/bin/../lib/gcc/avr/5.4.0/../../../../avr/lib/avrxmega4/memx-const/mapped\libc.a(_Exit.o)
 .stack.descriptors.hdr
                0x000000000000001c        0xe c:/program files/microchip/xc8/v3.00/avr/bin/../lib/gcc/avr/5.4.0/avrxmega4/memx-const/mapped\libgcc.a(_exit.o)

.note.GNU-stack
                0x0000000000000000        0x0
 .note.GNU-stack
                0x0000000000000000        0x0 c:/program files/microchip/xc8/v3.00/avr/bin/../lib/gcc/avr/5.4.0/../../../../avr/lib/avrxmega4/memx-const/mapped\libc.a(exit.o)
 .note.GNU-stack
                0x0000000000000000        0x0 c:/program files/microchip/xc8/v3.00/avr/bin/../lib/gcc/avr/5.4.0/../../../../avr/lib/avrxmega4/memx-const/mapped\libc.a(_Exit.o)

.note.gnu.build-id
 *(.note.gnu.build-id)

.debug
 *(.debug)

.line
 *(.line)

.debug_srcinfo
 *(.debug_srcinfo)

.debug_sfnames
 *(.debug_sfnames)

.debug_aranges  0x0000000000000000       0xe0
 *(.debug_aranges)
 .debug_aranges
                0x0000000000000000       0x20 build/free/production/peripherals/CLKCTRL/CLKCTRL.o
 .debug_aranges
                0x0000000000000020       0x48 build/free/production/peripherals/TWI/TWI_client.o
 .debug_aranges
                0x0000000000000068       0x38 build/free/production/Sensor_Main.o
 .debug_aranges
                0x00000000000000a0       0x40 build/free/production/TWI_blockData.o

.debug_pubnames
 *(.debug_pubnames)

.debug_info     0x0000000000000000     0x5bb5
 *(.debug_info .gnu.linkonce.wi.*)
 .debug_info    0x0000000000000000     0x3545 C:/Program Files/Microchip/xc8/v3.00/dfp/xc8/avr/lib/avrxmega4/memx-const/mapped/crtavr128db48.o
 .debug_info    0x0000000000003545      0x5e1 build/free/production/peripherals/CLKCTRL/CLKCTRL.o
 .debug_info    0x0000000000003b26      0x844 build/free/production/peripherals/TWI/TWI_client.o
 .debug_info    0x000000000000436a     0x1401 build/free/production/Sensor_Main.o
 .debug_info    0x000000000000576b      0x44a build/free/production/TWI_blockData.o

.debug_abbrev   0x0000000000000000     0x364d
 *(.debug_abbrev)
 .debug_abbrev  0x0000000000000000     0x3274 C:/Program Files/Microchip/xc8/v3.00/dfp/xc8/avr/lib/avrxmega4/memx-const/mapped/crtavr128db48.o
 .debug_abbrev  0x0000000000003274       0xa4 build/free/production/peripherals/CLKCTRL/CLKCTRL.o
 .debug_abbrev  0x0000000000003318      0x137 build/free/production/peripherals/TWI/TWI_client.o
 .debug_abbrev  0x000000000000344f      0x154 build/free/production/Sensor_Main.o
 .debug_abbrev  0x00000000000035a3       0xaa build/free/production/TWI_blockData.o

.debug_line     0x0000000000000000      0x945
 *(.debug_line .debug_line.* .debug_line_end)
 .debug_line    0x0000000000000000      0x240 C:/Program Files/Microchip/xc8/v3.00/dfp/xc8/avr/lib/avrxmega4/memx-const/mapped/crtavr128db48.o
 .debug_line    0x0000000000000240       0xec build/free/production/peripherals/CLKCTRL/CLKCTRL.o
 .debug_line    0x000000000000032c      0x206 build/free/production/peripherals/TWI/TWI_client.o
 .debug_line    0x0000000000000532      0x298 build/free/production/Sensor_Main.o
 .debug_line    0x00000000000007ca      0x17b build/free/production/TWI_blockData.o

.debug_frame    0x0000000000000000      0x2fc
 *(.debug_frame)
 .debug_frame   0x0000000000000000       0x34 build/free/production/peripherals/CLKCTRL/CLKCTRL.o
 .debug_frame   0x0000000000000034      0x11c build/free/production/peripherals/TWI/TWI_client.o
 .debug_frame   0x0000000000000150       0xf8 build/free/production/Sensor_Main.o
 .debug_frame   0x0000000000000248       0xb4 build/free/production/TWI_blockData.o

.debug_str      0x0000000000000000     0x177c
 *(.debug_str)
 .debug_str     0x0000000000000000     0x170f C:/Program Files/Microchip/xc8/v3.00/dfp/xc8/avr/lib/avrxmega4/memx-const/mapped/crtavr128db48.o
 .debug_str     0x000000000000170f        0x0 build/free/production/peripherals/CLKCTRL/CLKCTRL.o
 .debug_str     0x000000000000170f        0xb build/free/production/peripherals/TWI/TWI_client.o
 .debug_str     0x000000000000171a       0x62 build/free/production/Sensor_Main.o
 .debug_str     0x000000000000177c        0x0 build/free/production/TWI_blockData.o

.debug_loc
 *(.debug_loc)

.debug_macinfo
 *(.debug_macinfo)

.debug_weaknames
 *(.debug_weaknames)

.debug_funcnames
 *(.debug_funcnames)

.debug_typenames
 *(.debug_typenames)

.debug_varnames
 *(.debug_varnames)

.debug_pubtypes
 *(.debug_pubtypes)

.debug_ranges   0x0000000000000000       0xa0
 *(.debug_ranges)
 .debug_ranges  0x0000000000000000       0x10 build/free/production/peripherals/CLKCTRL/CLKCTRL.o
 .debug_ranges  0x0000000000000010       0x38 build/free/production/peripherals/TWI/TWI_client.o
 .debug_ranges  0x0000000000000048       0x28 build/free/production/Sensor_Main.o
 .debug_ranges  0x0000000000000070       0x30 build/free/production/TWI_blockData.o

.debug_macro
 *(.debug_macro)
OUTPUT(dist/free/production/SensorFirmware.X.production.elf elf32-avr)
LOAD linker stubs
LOAD data_init

.note.gnu.avr.deviceinfo
                0x0000000000000000       0x40
 .note.gnu.avr.deviceinfo
                0x0000000000000000       0x40 C:/Program Files/Microchip/xc8/v3.00/dfp/xc8/avr/lib/avrxmega4/memx-const/mapped/crtavr128db48.o

.bss.writeHandler
                0x0000000000804025        0x2
 .bss.writeHandler
                0x0000000000804025        0x2 build/free/production/peripherals/TWI/TWI_client.o

.bss.readHandler
                0x0000000000804027        0x2
 .bss.readHandler
                0x0000000000804027        0x2 build/free/production/peripherals/TWI/TWI_client.o

.bss.stopHandler
                0x0000000000804029        0x2
 .bss.stopHandler
                0x0000000000804029        0x2 build/free/production/peripherals/TWI/TWI_client.o

.bss.count_u    0x000000000080402f        0x1
 .bss.count_u   0x000000000080402f        0x1 build/free/production/Sensor_Main.o
                0x000000000080402f                count_u

.bss.count      0x0000000000804030        0x1
 .bss.count     0x0000000000804030        0x1 build/free/production/Sensor_Main.o
                0x0000000000804030                count

.bss.tally      0x0000000000804031        0x1
 .bss.tally     0x0000000000804031        0x1 build/free/production/Sensor_Main.o
                0x0000000000804031                tally

.bss.wasRead    0x0000000000804033        0x1
 .bss.wasRead   0x0000000000804033        0x1 build/free/production/TWI_blockData.o

.bss.i2c_index  0x0000000000804034        0x1
 .bss.i2c_index
                0x0000000000804034        0x1 build/free/production/TWI_blockData.o

.bss.i2c_read_index
                0x0000000000804035        0x1
 .bss.i2c_read_index
                0x0000000000804035        0x1 build/free/production/TWI_blockData.o

.bss.writeBuffer
                0x000000000080402b        0x2
 .bss.writeBuffer
                0x000000000080402b        0x2 build/free/production/TWI_blockData.o

.bss.writeBufferSize
                0x0000000000804036        0x1
 .bss.writeBufferSize
                0x0000000000804036        0x1 build/free/production/TWI_blockData.o

.bss.readBuffer
                0x000000000080402d        0x2
 .bss.readBuffer
                0x000000000080402d        0x2 build/free/production/TWI_blockData.o

.bss.readBufferSize
                0x0000000000804037        0x1
 .bss.readBufferSize
                0x0000000000804037        0x1 build/free/production/TWI_blockData.o

.text.__vector_31
                0x0000000000000170      0x144
 .text.__vector_31
                0x0000000000000170      0x144 build/free/production/Sensor_Main.o
                0x0000000000000170                __vector_31

.text.TWI0_ISR  0x00000000000002b4      0x12e
 .text.TWI0_ISR
                0x00000000000002b4      0x12e build/free/production/peripherals/TWI/TWI_client.o
                0x00000000000002b4                __vector_18
                0x00000000000002b4                TWI0_ISR

.text.SensorInitialization
                0x00000000000003e2       0xdc
 .text.SensorInitialization
                0x00000000000003e2       0xdc build/free/production/Sensor_Main.o
                0x00000000000003e2                SensorInitialization

.text.__vector_15
                0x00000000000004be       0xce
 .text.__vector_15
                0x00000000000004be       0xce build/free/production/Sensor_Main.o
                0x00000000000004be                __vector_15

.text._TWI_StoreByte
                0x000000000000058c       0x72
 .text._TWI_StoreByte
                0x000000000000058c       0x72 build/free/production/TWI_blockData.o
                0x000000000000058c                _TWI_StoreByte

.text.main      0x00000000000005fe       0x6a
 .text.main     0x00000000000005fe       0x6a build/free/production/Sensor_Main.o
                0x00000000000005fe                main

.text.TWI_initClient
                0x0000000000000668       0x4e
 .text.TWI_initClient
                0x0000000000000668       0x4e build/free/production/peripherals/TWI/TWI_client.o
                0x0000000000000668                TWI_initClient

.text._TWI_RequestByte
                0x00000000000006b6       0x4e
 .text._TWI_RequestByte
                0x00000000000006b6       0x4e build/free/production/TWI_blockData.o
                0x00000000000006b6                _TWI_RequestByte

.text._onTWIStop
                0x0000000000000704       0x48
 .text._onTWIStop
                0x0000000000000704       0x48 build/free/production/TWI_blockData.o
                0x0000000000000704                _onTWIStop

.text.setupReadBuffer
                0x000000000000074c       0x32
 .text.setupReadBuffer
                0x000000000000074c       0x32 build/free/production/TWI_blockData.o
                0x000000000000074c                setupReadBuffer

.text.setupWriteBuffer
                0x000000000000077e       0x32
 .text.setupWriteBuffer
                0x000000000000077e       0x32 build/free/production/TWI_blockData.o
                0x000000000000077e                setupWriteBuffer

.text.TWI_initPins
                0x00000000000007b0       0x2e
 .text.TWI_initPins
                0x00000000000007b0       0x2e build/free/production/peripherals/TWI/TWI_client.o
                0x00000000000007b0                TWI_initPins

.text.TWI_assignByteWriteHandler
                0x00000000000007de       0x26
 .text.TWI_assignByteWriteHandler
                0x00000000000007de       0x26 build/free/production/peripherals/TWI/TWI_client.o
                0x00000000000007de                TWI_assignByteWriteHandler

.text.TWI_assignByteReadHandler
                0x0000000000000804       0x26
 .text.TWI_assignByteReadHandler
                0x0000000000000804       0x26 build/free/production/peripherals/TWI/TWI_client.o
                0x0000000000000804                TWI_assignByteReadHandler

.text.TWI_assignStopHandler
                0x000000000000082a       0x26
 .text.TWI_assignStopHandler
                0x000000000000082a       0x26 build/free/production/peripherals/TWI/TWI_client.o
                0x000000000000082a                TWI_assignStopHandler

.text.CLKCTRL_init
                0x0000000000000850       0x1a
 .text.CLKCTRL_init
                0x0000000000000850       0x1a build/free/production/peripherals/CLKCTRL/CLKCTRL.o
                0x0000000000000850                CLKCTRL_init

.text.exit      0x000000000000086a       0x16
 .text.exit     0x000000000000086a       0x16 c:/program files/microchip/xc8/v3.00/avr/bin/../lib/gcc/avr/5.4.0/../../../../avr/lib/avrxmega4/memx-const/mapped\libc.a(exit.o)
                0x000000000000086a                exit

.text           0x0000000000000880        0x4
 .text          0x0000000000000880        0x4 C:/Program Files/Microchip/xc8/v3.00/dfp/xc8/avr/lib/avrxmega4/memx-const/mapped/crtavr128db48.o
                0x0000000000000880                __vector_38
                0x0000000000000880                __vector_22
                0x0000000000000880                __vector_28
                0x0000000000000880                __vector_1
                0x0000000000000880                __vector_32
                0x0000000000000880                __vector_34
                0x0000000000000880                __vector_24
                0x0000000000000880                __vector_12
                0x0000000000000880                __vector_55
                0x0000000000000880                __vector_46
                0x0000000000000880                __bad_interrupt
                0x0000000000000880                __vector_6
                0x0000000000000880                __vector_35
                0x0000000000000880                __vector_39
                0x0000000000000880                __vector_3
                0x0000000000000880                __vector_23
                0x0000000000000880                __vector_30
                0x0000000000000880                __vector_45
                0x0000000000000880                __vector_25
                0x0000000000000880                __vector_11
                0x0000000000000880                __vector_54
                0x0000000000000880                __vector_13
                0x0000000000000880                __vector_17
                0x0000000000000880                __vector_19
                0x0000000000000880                __vector_56
                0x0000000000000880                __vector_7
                0x0000000000000880                __vector_49
                0x0000000000000880                __vector_41
                0x0000000000000880                __vector_43
                0x0000000000000880                __vector_27
                0x0000000000000880                __vector_5
                0x0000000000000880                __vector_33
                0x0000000000000880                __vector_47
                0x0000000000000880                __vector_52
                0x0000000000000880                __vector_37
                0x0000000000000880                __vector_4
                0x0000000000000880                __vector_44
                0x0000000000000880                __vector_51
                0x0000000000000880                __vector_9
                0x0000000000000880                __vector_2
                0x0000000000000880                __vector_21
                0x0000000000000880                __vector_36
                0x0000000000000880                __vector_58
                0x0000000000000880                __vector_29
                0x0000000000000880                __vector_60
                0x0000000000000880                __vector_40
                0x0000000000000880                __vector_8
                0x0000000000000880                __vector_26
                0x0000000000000880                __vector_48
                0x0000000000000880                __vector_14
                0x0000000000000880                __vector_57
                0x0000000000000880                __vector_53
                0x0000000000000880                __vector_10
                0x0000000000000880                __vector_50
                0x0000000000000880                __vector_16
                0x0000000000000880                __vector_59
                0x0000000000000880                __vector_20
                0x0000000000000880                __vector_42

.text._Exit     0x0000000000000884        0x4
 .text._Exit    0x0000000000000884        0x4 c:/program files/microchip/xc8/v3.00/avr/bin/../lib/gcc/avr/5.4.0/../../../../avr/lib/avrxmega4/memx-const/mapped\libc.a(_Exit.o)
                0x0000000000000884                _Exit

.text.__dummy_fini
                0x0000000000000888        0x2
 .text.__dummy_fini
                0x0000000000000888        0x2 c:/program files/microchip/xc8/v3.00/avr/bin/../lib/gcc/avr/5.4.0/../../../../avr/lib/avrxmega4/memx-const/mapped\libc.a(exit.o)
                0x0000000000000888                _fini

.text.__dummy_funcs_on_exit
                0x000000000000088a        0x2
 .text.__dummy_funcs_on_exit
                0x000000000000088a        0x2 c:/program files/microchip/xc8/v3.00/avr/bin/../lib/gcc/avr/5.4.0/../../../../avr/lib/avrxmega4/memx-const/mapped\libc.a(exit.o)
                0x000000000000088a                __funcs_on_exit

.text.__dummy_simulator_exit
                0x000000000000088c        0x2
 .text.__dummy_simulator_exit
                0x000000000000088c        0x2 c:/program files/microchip/xc8/v3.00/avr/bin/../lib/gcc/avr/5.4.0/../../../../avr/lib/avrxmega4/memx-const/mapped\libc.a(exit.o)
                0x000000000000088c                __simulator_exit

.data.isFirst   0x0000000000804032        0x1 load address 0x000000000000088e
 .data.isFirst  0x0000000000804032        0x1 build/free/production/TWI_blockData.o
